Archive member included to satisfy reference by file (symbol)

c:/siliconlabs/simplicitystudio/v4_2/developer/toolchains/gnu_arm/7.2_2017q4/bin/../lib/gcc/arm-none-eabi/7.2.1/thumb/v6-m\libgcc.a(_udivsi3.o)
                              ./Drivers/displaypalemlib.o (__aeabi_uidiv)
c:/siliconlabs/simplicitystudio/v4_2/developer/toolchains/gnu_arm/7.2_2017q4/bin/../lib/gcc/arm-none-eabi/7.2.1/thumb/v6-m\libgcc.a(_dvmd_tls.o)
                              c:/siliconlabs/simplicitystudio/v4_2/developer/toolchains/gnu_arm/7.2_2017q4/bin/../lib/gcc/arm-none-eabi/7.2.1/thumb/v6-m\libgcc.a(_udivsi3.o) (__aeabi_idiv0)
c:/siliconlabs/simplicitystudio/v4_2/developer/toolchains/gnu_arm/7.2_2017q4/bin/../lib/gcc/arm-none-eabi/7.2.1/thumb/v6-m\libgcc.a(_clzsi2.o)
                              ./emlib/em_cmu.o (__clzsi2)
c:/siliconlabs/simplicitystudio/v4_2/developer/toolchains/gnu_arm/7.2_2017q4/bin/../lib/gcc/arm-none-eabi/7.2.1/thumb/v6-m\libgcc.a(_aeabi_uldivmod.o)
                              ./emlib/em_usart.o (__aeabi_uldivmod)
c:/siliconlabs/simplicitystudio/v4_2/developer/toolchains/gnu_arm/7.2_2017q4/bin/../lib/gcc/arm-none-eabi/7.2.1/thumb/v6-m\libgcc.a(_muldi3.o)
                              ./emlib/em_usart.o (__aeabi_lmul)
c:/siliconlabs/simplicitystudio/v4_2/developer/toolchains/gnu_arm/7.2_2017q4/bin/../lib/gcc/arm-none-eabi/7.2.1/thumb/v6-m\libgcc.a(_udivmoddi4.o)
                              c:/siliconlabs/simplicitystudio/v4_2/developer/toolchains/gnu_arm/7.2_2017q4/bin/../lib/gcc/arm-none-eabi/7.2.1/thumb/v6-m\libgcc.a(_aeabi_uldivmod.o) (__udivmoddi4)
c:/siliconlabs/simplicitystudio/v4_2/developer/toolchains/gnu_arm/7.2_2017q4/bin/../lib/gcc/arm-none-eabi/7.2.1/thumb/v6-m\libgcc.a(_clzdi2.o)
                              c:/siliconlabs/simplicitystudio/v4_2/developer/toolchains/gnu_arm/7.2_2017q4/bin/../lib/gcc/arm-none-eabi/7.2.1/thumb/v6-m\libgcc.a(_udivmoddi4.o) (__clzdi2)
c:/siliconlabs/simplicitystudio/v4_2/developer/toolchains/gnu_arm/7.2_2017q4/bin/../lib/gcc/arm-none-eabi/7.2.1/../../../../arm-none-eabi/lib/thumb/v6-m\libc_nano.a(lib_a-exit.o)
                              c:/siliconlabs/simplicitystudio/v4_2/developer/toolchains/gnu_arm/7.2_2017q4/bin/../lib/gcc/arm-none-eabi/7.2.1/../../../../arm-none-eabi/lib/thumb/v6-m/crt0.o (exit)
c:/siliconlabs/simplicitystudio/v4_2/developer/toolchains/gnu_arm/7.2_2017q4/bin/../lib/gcc/arm-none-eabi/7.2.1/../../../../arm-none-eabi/lib/thumb/v6-m\libc_nano.a(lib_a-impure.o)
                              c:/siliconlabs/simplicitystudio/v4_2/developer/toolchains/gnu_arm/7.2_2017q4/bin/../lib/gcc/arm-none-eabi/7.2.1/../../../../arm-none-eabi/lib/thumb/v6-m\libc_nano.a(lib_a-exit.o) (_global_impure_ptr)
c:/siliconlabs/simplicitystudio/v4_2/developer/toolchains/gnu_arm/7.2_2017q4/bin/../lib/gcc/arm-none-eabi/7.2.1/../../../../arm-none-eabi/lib/thumb/v6-m\libc_nano.a(lib_a-init.o)
                              c:/siliconlabs/simplicitystudio/v4_2/developer/toolchains/gnu_arm/7.2_2017q4/bin/../lib/gcc/arm-none-eabi/7.2.1/../../../../arm-none-eabi/lib/thumb/v6-m/crt0.o (__libc_init_array)
c:/siliconlabs/simplicitystudio/v4_2/developer/toolchains/gnu_arm/7.2_2017q4/bin/../lib/gcc/arm-none-eabi/7.2.1/../../../../arm-none-eabi/lib/thumb/v6-m\libc_nano.a(lib_a-locale.o)
                              ./Drivers/textdisplay.o (__locale_ctype_ptr)
c:/siliconlabs/simplicitystudio/v4_2/developer/toolchains/gnu_arm/7.2_2017q4/bin/../lib/gcc/arm-none-eabi/7.2.1/../../../../arm-none-eabi/lib/thumb/v6-m\libc_nano.a(lib_a-mbtowc_r.o)
                              c:/siliconlabs/simplicitystudio/v4_2/developer/toolchains/gnu_arm/7.2_2017q4/bin/../lib/gcc/arm-none-eabi/7.2.1/../../../../arm-none-eabi/lib/thumb/v6-m\libc_nano.a(lib_a-locale.o) (__ascii_mbtowc)
c:/siliconlabs/simplicitystudio/v4_2/developer/toolchains/gnu_arm/7.2_2017q4/bin/../lib/gcc/arm-none-eabi/7.2.1/../../../../arm-none-eabi/lib/thumb/v6-m\libc_nano.a(lib_a-memcpy-stub.o)
                              ./Drivers/display.o (memcpy)
c:/siliconlabs/simplicitystudio/v4_2/developer/toolchains/gnu_arm/7.2_2017q4/bin/../lib/gcc/arm-none-eabi/7.2.1/../../../../arm-none-eabi/lib/thumb/v6-m\libc_nano.a(lib_a-memset.o)
                              c:/siliconlabs/simplicitystudio/v4_2/developer/toolchains/gnu_arm/7.2_2017q4/bin/../lib/gcc/arm-none-eabi/7.2.1/../../../../arm-none-eabi/lib/thumb/v6-m/crt0.o (memset)
c:/siliconlabs/simplicitystudio/v4_2/developer/toolchains/gnu_arm/7.2_2017q4/bin/../lib/gcc/arm-none-eabi/7.2.1/../../../../arm-none-eabi/lib/thumb/v6-m\libc_nano.a(lib_a-printf.o)
                              ./src/menu.o (printf)
c:/siliconlabs/simplicitystudio/v4_2/developer/toolchains/gnu_arm/7.2_2017q4/bin/../lib/gcc/arm-none-eabi/7.2.1/../../../../arm-none-eabi/lib/thumb/v6-m\libc_nano.a(lib_a-setvbuf.o)
                              ./Drivers/retargettextdisplay.o (setvbuf)
[...]
Memory Configuration

Name             Origin             Length             Attributes
FLASH            0x00000000         0x00008000         xr
RAM              0x20000000         0x00001000         xrw
*default*        0x00000000         0xffffffff

Linker script and memory map

LOAD c:/siliconlabs/simplicitystudio/v4_2/developer/toolchains/gnu_arm/7.2_2017q4/bin/../lib/gcc/arm-none-eabi/7.2.1/thumb/v6-m/crti.o
LOAD c:/siliconlabs/simplicitystudio/v4_2/developer/toolchains/gnu_arm/7.2_2017q4/bin/../lib/gcc/arm-none-eabi/7.2.1/thumb/v6-m/crtbegin.o
LOAD c:/siliconlabs/simplicitystudio/v4_2/developer/toolchains/gnu_arm/7.2_2017q4/bin/../lib/gcc/arm-none-eabi/7.2.1/../../../../arm-none-eabi/lib/thumb/v6-m/crt0.o
LOAD ./BSP/bsp_bcc.o
LOAD ./BSP/bsp_stk.o
LOAD ./BSP/bsp_stk_leds.o
LOAD ./CMSIS/EFM32ZG/startup_efm32zg.o
LOAD ./CMSIS/EFM32ZG/system_efm32zg.o
LOAD ./Drivers/display.o
LOAD ./Drivers/displayls013b7dh03.o
LOAD ./Drivers/displaypalemlib.o
LOAD ./Drivers/retargetio.o
LOAD ./Drivers/retargettextdisplay.o
LOAD ./Drivers/textdisplay.o
LOAD ./Drivers/udelay.o
LOAD ./emlib/em_acmp.o
LOAD ./emlib/em_adc.o
LOAD ./emlib/em_assert.o
LOAD ./emlib/em_cmu.o
LOAD ./emlib/em_core.o
LOAD ./emlib/em_ebi.o
LOAD ./emlib/em_emu.o
LOAD ./emlib/em_gpio.o
LOAD ./emlib/em_leuart.o
LOAD ./emlib/em_prs.o
LOAD ./emlib/em_rtc.o
LOAD ./emlib/em_system.o
LOAD ./emlib/em_timer.o
LOAD ./emlib/em_usart.o
LOAD ./src/capsense_touch3.o
LOAD ./src/main.o
LOAD ./src/menu.o
LOAD ./src/problema1.o
LOAD ./src/problema2.o
START GROUP
LOAD c:/siliconlabs/simplicitystudio/v4_2/developer/toolchains/gnu_arm/7.2_2017q4/bin/../lib/gcc/arm-none-eabi/7.2.1/thumb/v6-m\libgcc.a
LOAD c:/siliconlabs/simplicitystudio/v4_2/developer/toolchains/gnu_arm/7.2_2017q4/bin/../lib/gcc/arm-none-eabi/7.2.1/../../../../arm-none-eabi/lib/thumb/v6-m\libc_nano.a
LOAD c:/siliconlabs/simplicitystudio/v4_2/developer/toolchains/gnu_arm/7.2_2017q4/bin/../lib/gcc/arm-none-eabi/7.2.1/../../../../arm-none-eabi/lib/thumb/v6-m\libnosys.a
END GROUP
START GROUP
LOAD c:/siliconlabs/simplicitystudio/v4_2/developer/toolchains/gnu_arm/7.2_2017q4/bin/../lib/gcc/arm-none-eabi/7.2.1/thumb/v6-m\libgcc.a
LOAD c:/siliconlabs/simplicitystudio/v4_2/developer/toolchains/gnu_arm/7.2_2017q4/bin/../lib/gcc/arm-none-eabi/7.2.1/../../../../arm-none-eabi/lib/thumb/v6-m\libg_nano.a
LOAD c:/siliconlabs/simplicitystudio/v4_2/developer/toolchains/gnu_arm/7.2_2017q4/bin/../lib/gcc/arm-none-eabi/7.2.1/../../../../arm-none-eabi/lib/thumb/v6-m\libc_nano.a
END GROUP
START GROUP
LOAD c:/siliconlabs/simplicitystudio/v4_2/developer/toolchains/gnu_arm/7.2_2017q4/bin/../lib/gcc/arm-none-eabi/7.2.1/thumb/v6-m\libgcc.a
LOAD c:/siliconlabs/simplicitystudio/v4_2/developer/toolchains/gnu_arm/7.2_2017q4/bin/../lib/gcc/arm-none-eabi/7.2.1/../../../../arm-none-eabi/lib/thumb/v6-m\libc_nano.a
END GROUP
LOAD c:/siliconlabs/simplicitystudio/v4_2/developer/toolchains/gnu_arm/7.2_2017q4/bin/../lib/gcc/arm-none-eabi/7.2.1/thumb/v6-m/crtend.o
LOAD c:/siliconlabs/simplicitystudio/v4_2/developer/toolchains/gnu_arm/7.2_2017q4/bin/../lib/gcc/arm-none-eabi/7.2.1/thumb/v6-m/crtn.o

.text           0x00000000     0x610c
 *(.vectors)
 .vectors       0x00000000       0x8c ./CMSIS/EFM32ZG/startup_efm32zg.o
                0x00000000                __Vectors
                0x0000008c                __Vectors_End = .
                0x0000008c                __Vectors_Size = (__Vectors_End - __Vectors)
                0x0000008c                __end__ = .
 *(.text*)
 .text          0x0000008c       0x48 c:/siliconlabs/simplicitystudio/v4_2/developer/toolchains/gnu_arm/7.2_2017q4/bin/../lib/gcc/arm-none-eabi/7.2.1/thumb/v6-m/crtbegin.o
 .text          0x000000d4       0x78 c:/siliconlabs/simplicitystudio/v4_2/developer/toolchains/gnu_arm/7.2_2017q4/bin/../lib/gcc/arm-none-eabi/7.2.1/../../../../arm-none-eabi/lib/thumb/v6-m/crt0.o
                0x000000d4                _start
                0x000000d4                _mainCRTStartup
 .text.GPIO_PinOutClear
                0x0000014c       0xb4 ./BSP/bsp_stk_leds.o
 .text.GPIO_PinOutToggle
                0x00000200       0xb4 ./BSP/bsp_stk_leds.o
 .text.BSP_LedsInit
                0x000002b4       0x60 ./BSP/bsp_stk_leds.o
                0x000002b4                BSP_LedsInit
 .text.BSP_LedClear
                0x00000314       0x44 ./BSP/bsp_stk_leds.o
                0x00000314                BSP_LedClear
 .text.BSP_LedToggle
                0x00000358       0x44 ./BSP/bsp_stk_leds.o
                0x00000358                BSP_LedToggle
 .text          0x0000039c       0x30 ./CMSIS/EFM32ZG/startup_efm32zg.o
                0x0000039c                Reset_Handler
                0x000003c8                HardFault_Handler
                0x000003c8                USART1_RX_IRQHandler
                0x000003c8                PendSV_Handler
                0x000003c8                NMI_Handler
                0x000003c8                USART1_TX_IRQHandler
                0x000003c8                MSC_IRQHandler
                0x000003c8                ADC0_IRQHandler
                0x000003c8                LEUART0_IRQHandler
                0x000003c8                GPIO_EVEN_IRQHandler
                0x000003c8                RTC_IRQHandler
                0x000003c8                TIMER0_IRQHandler
                0x000003c8                I2C0_IRQHandler
                0x000003c8                TIMER1_IRQHandler
                0x000003c8                Default_Handler
                0x000003c8                PCNT0_IRQHandler
                0x000003c8                sl_app_properties
                0x000003c8                ACMP0_IRQHandler
                0x000003c8                SVC_Handler
                0x000003c8                CMU_IRQHandler
                0x000003c8                GPIO_ODD_IRQHandler
                0x000003c8                AES_IRQHandler
                0x000003c8                VCMP_IRQHandler
                0x000003c8                DMA_IRQHandler
 .text.SystemCoreClockGet
                0x000003cc       0x38 ./CMSIS/EFM32ZG/system_efm32zg.o
                0x000003cc                SystemCoreClockGet
 .text.SystemMaxCoreClockGet
                0x00000404       0x10 ./CMSIS/EFM32ZG/system_efm32zg.o
                0x00000404                SystemMaxCoreClockGet
 .text.SystemHFClockGet
                0x00000414       0xcc ./CMSIS/EFM32ZG/system_efm32zg.o
                0x00000414                SystemHFClockGet
 .text.SystemInit
                0x000004e0       0x18 ./CMSIS/EFM32ZG/system_efm32zg.o
                0x000004e0                SystemInit
 .text.SystemLFRCOClockGet
                0x000004f8        0xe ./CMSIS/EFM32ZG/system_efm32zg.o
                0x000004f8                SystemLFRCOClockGet
 .text.SystemULFRCOClockGet
                0x00000506        0xe ./CMSIS/EFM32ZG/system_efm32zg.o
                0x00000506                SystemULFRCOClockGet
 .text.SystemLFXOClockGet
                0x00000514       0x14 ./CMSIS/EFM32ZG/system_efm32zg.o
                0x00000514                SystemLFXOClockGet
 .text.DISPLAY_Init
                0x00000528       0x54 ./Drivers/display.o
                0x00000528                DISPLAY_Init
 .text.DISPLAY_DeviceGet
                0x0000057c       0x5c ./Drivers/display.o
                0x0000057c                DISPLAY_DeviceGet
 .text.DISPLAY_DeviceRegister
                0x000005d8       0x68 ./Drivers/display.o
                0x000005d8                DISPLAY_DeviceRegister
 .text.DISPLAY_Ls013b7dh03Init
                0x00000640      0x104 ./Drivers/displayls013b7dh03.o
                0x00000640                DISPLAY_Ls013b7dh03Init
 .text.DriverRefresh
                0x00000744       0x1e ./Drivers/displayls013b7dh03.o
 .text.DisplayEnable
                0x00000762       0x42 ./Drivers/displayls013b7dh03.o
 .text.DisplayClear
                0x000007a4       0x4c ./Drivers/displayls013b7dh03.o
 .text.PixelMatrixAllocate
                0x000007f0       0x68 ./Drivers/displayls013b7dh03.o
 .text.PixelMatrixFree
                0x00000858       0x18 ./Drivers/displayls013b7dh03.o
 .text.PixelMatrixClear
                0x00000870       0x60 ./Drivers/displayls013b7dh03.o
 .text.PixelMatrixDraw
                0x000008d0       0xc2 ./Drivers/displayls013b7dh03.o
 *fill*         0x00000992        0x2 
 .text.GPIO_PinOutClear
                0x00000994       0xb4 ./Drivers/displaypalemlib.o
 .text.GPIO_PinOutSet
                0x00000a48       0xb4 ./Drivers/displaypalemlib.o
 .text.PAL_SpiInit
                0x00000afc       0x58 ./Drivers/displaypalemlib.o
                0x00000afc                PAL_SpiInit
 .text.PAL_SpiTransmit
                0x00000b54       0x74 ./Drivers/displaypalemlib.o
                0x00000b54                PAL_SpiTransmit
 .text.PAL_TimerInit
                0x00000bc8       0x18 ./Drivers/displaypalemlib.o
                0x00000bc8                PAL_TimerInit
 .text.PAL_TimerMicroSecondsDelay
                0x00000be0       0x1e ./Drivers/displaypalemlib.o
                0x00000be0                PAL_TimerMicroSecondsDelay
 *fill*         0x00000bfe        0x2 
 .text.PAL_GpioInit
                0x00000c00       0x24 ./Drivers/displaypalemlib.o
                0x00000c00                PAL_GpioInit
 .text.PAL_GpioPinModeSet
                0x00000c24       0x4c ./Drivers/displaypalemlib.o
                0x00000c24                PAL_GpioPinModeSet
 .text.PAL_GpioPinOutSet
                0x00000c70       0x26 ./Drivers/displaypalemlib.o
                0x00000c70                PAL_GpioPinOutSet
 .text.PAL_GpioPinOutClear
                0x00000c96       0x26 ./Drivers/displaypalemlib.o
                0x00000c96                PAL_GpioPinOutClear
 .text.PAL_GpioPinAutoToggle
                0x00000cbc       0x7c ./Drivers/displaypalemlib.o
                0x00000cbc                PAL_GpioPinAutoToggle
 .text.palClockSetup
                0x00000d38       0x28 ./Drivers/displaypalemlib.o
 .text.rtcSetup
                0x00000d60       0x8c ./Drivers/displaypalemlib.o
 .text._close   0x00000dec       0x12 ./Drivers/retargetio.o
                0x00000dec                _close
 .text._exit    0x00000dfe        0xa ./Drivers/retargetio.o
                0x00000dfe                _exit
 .text._fstat   0x00000e08       0x1c ./Drivers/retargetio.o
                0x00000e08                _fstat
 .text._isatty  0x00000e24       0x12 ./Drivers/retargetio.o
                0x00000e24                _isatty
 .text._lseek   0x00000e36       0x16 ./Drivers/retargetio.o
                0x00000e36                _lseek
 .text._read    0x00000e4c       0x56 ./Drivers/retargetio.o
                0x00000e4c                _read
 *fill*         0x00000ea2        0x2 
 .text._sbrk    0x00000ea4       0x3c ./Drivers/retargetio.o
                0x00000ea4                _sbrk
 .text._write   0x00000ee0       0x38 ./Drivers/retargetio.o
                0x00000ee0                _write
 .text.RETARGET_TextDisplayInit
                0x00000f18       0x68 ./Drivers/retargettextdisplay.o
                0x00000f18                RETARGET_TextDisplayInit
 .text.RETARGET_ReadChar
                0x00000f80        0xe ./Drivers/retargettextdisplay.o
                0x00000f80                RETARGET_ReadChar
 *fill*         0x00000f8e        0x2 
 .text.RETARGET_WriteChar
                0x00000f90       0x3c ./Drivers/retargettextdisplay.o
                0x00000f90                RETARGET_WriteChar
 .text.TEXTDISPLAY_New
                0x00000fcc      0x1cc ./Drivers/textdisplay.o
                0x00000fcc                TEXTDISPLAY_New
 .text.TEXTDISPLAY_WriteChar
                0x00001198       0xf4 ./Drivers/textdisplay.o
                0x00001198                TEXTDISPLAY_WriteChar
 .text.TextdisplayClear
                0x0000128c       0x42 ./Drivers/textdisplay.o
 *fill*         0x000012ce        0x2 
 .text.TextdisplayScrollUp
                0x000012d0       0x88 ./Drivers/textdisplay.o
 .text.TextdisplayCharAdd
                0x00001358      0x12e ./Drivers/textdisplay.o
 *fill*         0x00001486        0x2 
 .text.TextdisplayLineDraw
                0x00001488      0x2d4 ./Drivers/textdisplay.o
 .text.TextdisplayUpdate
                0x0000175c      0x12c ./Drivers/textdisplay.o
 .text.__NVIC_ClearPendingIRQ
                0x00001888       0x38 ./Drivers/udelay.o
 .text.RTC_CounterGet
                0x000018c0       0x14 ./Drivers/udelay.o
 .text.UDELAY_Calibrate
                0x000018d4      0x1f4 ./Drivers/udelay.o
                0x000018d4                UDELAY_Calibrate
 .text.UDELAY_Delay
                0x00001ac8       0x38 ./Drivers/udelay.o
                0x00001ac8                UDELAY_Delay
 .text.calibrate_delay
                0x00001b00       0xe0 ./Drivers/udelay.o
 .text.clock    0x00001be0       0x10 ./Drivers/udelay.o
 .text._delay   0x00001bf0       0x16 ./Drivers/udelay.o
 .text.BUS_RegBitWrite
                0x00001c06       0x3c ./emlib/em_acmp.o
 .text.BUS_RegMaskedWrite
                0x00001c42       0x26 ./emlib/em_acmp.o
 .text.ACMP_CapsenseInit
                0x00001c68       0xb0 ./emlib/em_acmp.o
                0x00001c68                ACMP_CapsenseInit
 .text.ACMP_CapsenseChannelSet
                0x00001d18       0x54 ./emlib/em_acmp.o
                0x00001d18                ACMP_CapsenseChannelSet
 .text.ACMP_Enable
                0x00001d6c       0x3c ./emlib/em_acmp.o
                0x00001d6c                ACMP_Enable
 .text.assertEFM
                0x00001da8        0xc ./emlib/em_assert.o
                0x00001da8                assertEFM
 .text.BUS_RegBitWrite
                0x00001db4       0x3c ./emlib/em_cmu.o
 .text.BUS_RegBitRead
                0x00001df0       0x20 ./emlib/em_cmu.o
 .text.SL_Log2ToDiv
                0x00001e10       0x30 ./emlib/em_cmu.o
 .text.CMU_DivToLog2
                0x00001e40       0x48 ./emlib/em_cmu.o
 .text.SYSTEM_GetProdRev
                0x00001e88       0x18 ./emlib/em_cmu.o
 .text.auxClkGet
                0x00001ea0       0xc4 ./emlib/em_cmu.o
 .text.dbgClkGet
                0x00001f64       0x5c ./emlib/em_cmu.o
 .text.flashWaitStateControl
                0x00001fc0       0x54 ./emlib/em_cmu.o
 .text.flashWaitStateMax
                0x00002014       0x44 ./emlib/em_cmu.o
 .text.CMU_UpdateWaitStates
                0x00002058       0x48 ./emlib/em_cmu.o
                0x00002058                CMU_UpdateWaitStates
 .text.lfClkGet
                0x000020a0      0x110 ./emlib/em_cmu.o
 .text.syncReg  0x000021b0       0x2c ./emlib/em_cmu.o
 .text.hfperClkSafePrescaler
                0x000021dc        0xa ./emlib/em_cmu.o
 .text.hfperClkOptimizedPrescaler
                0x000021e6        0xa ./emlib/em_cmu.o
 .text.CMU_ClockDivGet
                0x000021f0       0xfc ./emlib/em_cmu.o
                0x000021f0                CMU_ClockDivGet
 .text.CMU_ClockDivSet
                0x000022ec      0x1a4 ./emlib/em_cmu.o
                0x000022ec                CMU_ClockDivSet
 .text.CMU_ClockEnable
                0x00002490       0xb4 ./emlib/em_cmu.o
                0x00002490                CMU_ClockEnable
 .text.CMU_ClockFreqGet
                0x00002544      0x140 ./emlib/em_cmu.o
                0x00002544                CMU_ClockFreqGet
 .text.CMU_ClockSelectGet
                0x00002684      0x154 ./emlib/em_cmu.o
                0x00002684                CMU_ClockSelectGet
 .text.CMU_ClockSelectSet
                0x000027d8      0x1b4 ./emlib/em_cmu.o
                0x000027d8                CMU_ClockSelectSet
 .text.CMU_OscillatorEnable
                0x0000298c       0xd4 ./emlib/em_cmu.o
                0x0000298c                CMU_OscillatorEnable
 .text.CORE_EnterAtomic
                0x00002a60       0x1c ./emlib/em_core.o
                0x00002a60                CORE_EnterAtomic
 .text.CORE_ExitAtomic
                0x00002a7c       0x18 ./emlib/em_core.o
                0x00002a7c                CORE_ExitAtomic
 .text.GPIO_PinOutClear
                0x00002a94       0xb4 ./emlib/em_gpio.o
 .text.GPIO_PinOutSet
                0x00002b48       0xb4 ./emlib/em_gpio.o
 .text.GPIO_PinModeSet
                0x00002bfc      0x1bc ./emlib/em_gpio.o
                0x00002bfc                GPIO_PinModeSet
 .text.PRS_SourceAsyncSignalSet
                0x00002db8       0x24 ./emlib/em_prs.o
                0x00002db8                PRS_SourceAsyncSignalSet
 .text.PRS_ConnectSignal
                0x00002ddc       0x84 ./emlib/em_prs.o
                0x00002ddc                PRS_ConnectSignal
 .text.BUS_RegBitWrite
                0x00002e60       0x3c ./emlib/em_rtc.o
 .text.RTC_CompareSet
                0x00002e9c       0x5c ./emlib/em_rtc.o
                0x00002e9c                RTC_CompareSet
 .text.RTC_Enable
                0x00002ef8       0x28 ./emlib/em_rtc.o
                0x00002ef8                RTC_Enable
 .text.RTC_FreezeEnable
                0x00002f20       0x30 ./emlib/em_rtc.o
                0x00002f20                RTC_FreezeEnable
 .text.RTC_Init
                0x00002f50       0x4c ./emlib/em_rtc.o
                0x00002f50                RTC_Init
 .text.RTC_CounterReset
                0x00002f9c       0x16 ./emlib/em_rtc.o
                0x00002f9c                RTC_CounterReset
 *fill*         0x00002fb2        0x2 
 .text.TIMER_Valid
                0x00002fb4       0x38 ./emlib/em_timer.o
 .text.TIMER_Init
                0x00002fec       0xfc ./emlib/em_timer.o
                0x00002fec                TIMER_Init
 .text.TIMER_InitCC
                0x000030e8       0xcc ./emlib/em_timer.o
                0x000030e8                TIMER_InitCC
 .text.prsRxInput
                0x000031b4       0x26 ./emlib/em_usart.o
 *fill*         0x000031da        0x2 
 .text.USART_BaudrateSyncSet
                0x000031dc       0x80 ./emlib/em_usart.o
                0x000031dc                USART_BaudrateSyncSet
 .text.USART_InitSync
                0x0000325c       0xe0 ./emlib/em_usart.o
                0x0000325c                USART_InitSync
 .text.USART_Reset
                0x0000333c       0x90 ./emlib/em_usart.o
                0x0000333c                USART_Reset
 .text.USART_Tx
                0x000033cc       0x2a ./emlib/em_usart.o
                0x000033cc                USART_Tx
 .text.USART_TxDouble
                0x000033f6       0x2a ./emlib/em_usart.o
                0x000033f6                USART_TxDouble
 .text.CAPSENSE_timerEventHandler
                0x00003420       0x9c ./src/capsense_touch3.o
                0x00003420                CAPSENSE_timerEventHandler
 .text.CAPSENSE_getPressed
                0x000034bc       0x50 ./src/capsense_touch3.o
                0x000034bc                CAPSENSE_getPressed
 .text.CAPSENSE_Init
                0x0000350c       0x94 ./src/capsense_touch3.o
                0x0000350c                CAPSENSE_Init
 .text.__NVIC_SetPriority
                0x000035a0       0xdc ./src/main.o
 .text.SysTick_Config
                0x0000367c       0x48 ./src/main.o
 .text.CHIP_Init
                0x000036c4       0x14 ./src/main.o
 .text.SysTick_Handler
                0x000036d8       0x38 ./src/main.o
                0x000036d8                SysTick_Handler
 .text.Delay    0x00003710       0x2c ./src/main.o
 .text.main     0x0000373c       0x94 ./src/main.o
                0x0000373c                main
 .text.BUS_RegBitRead
                0x000037d0       0x20 ./src/menu.o
 .text.GPIO_PinInGet
                0x000037f0       0xb8 ./src/menu.o
 .text.MenuSelection
                0x000038a8      0x11c ./src/menu.o
                0x000038a8                MenuSelection
 .text.Menu_Init
                0x000039c4       0x14 ./src/menu.o
                0x000039c4                Menu_Init
 .text.Menu     0x000039d8      0x154 ./src/menu.o
                0x000039d8                Menu
 .text.BUS_RegBitRead
                0x00003b2c       0x20 ./src/problema1.o
 .text.GPIO_PinInGet
                0x00003b4c       0xb8 ./src/problema1.o
 .text.GPIO_PinOutGet
                0x00003c04       0xb8 ./src/problema1.o
 .text.problema1_print
                0x00003cbc       0x24 ./src/problema1.o
                0x00003cbc                problema1_print
 .text.Problema1
                0x00003ce0      0x2fc ./src/problema1.o
                0x00003ce0                Problema1
 .text.TIMER_MaxCount
                0x00003fdc       0x18 ./src/problema2.o
 .text.TIMER_CompareBufSet
                0x00003ff4       0x48 ./src/problema2.o
 .text.TIMER_TopSet
                0x0000403c       0x3c ./src/problema2.o
 .text.Init_timer
                0x00004078       0x8c ./src/problema2.o
                0x00004078                Init_timer
 .text.problema2_print
                0x00004104       0x24 ./src/problema2.o
                0x00004104                problema2_print
 .text.Problema2
                0x00004128      0x17c ./src/problema2.o
                0x00004128                Problema2
 .text          0x000042a4      0x114 c:/siliconlabs/simplicitystudio/v4_2/developer/toolchains/gnu_arm/7.2_2017q4/bin/../lib/gcc/arm-none-eabi/7.2.1/thumb/v6-m\libgcc.a(_udivsi3.o)
                0x000042a4                __aeabi_uidiv
                0x000042a4                __udivsi3
                0x000043b0                __aeabi_uidivmod
 .text          0x000043b8        0x4 c:/siliconlabs/simplicitystudio/v4_2/developer/toolchains/gnu_arm/7.2_2017q4/bin/../lib/gcc/arm-none-eabi/7.2.1/thumb/v6-m\libgcc.a(_dvmd_tls.o)
                0x000043b8                __aeabi_idiv0
                0x000043b8                __aeabi_ldiv0
 .text          0x000043bc       0x3c c:/siliconlabs/simplicitystudio/v4_2/developer/toolchains/gnu_arm/7.2_2017q4/bin/../lib/gcc/arm-none-eabi/7.2.1/thumb/v6-m\libgcc.a(_clzsi2.o)
                0x000043bc                __clzsi2
 .text.exit     0x000043f8       0x2c c:/siliconlabs/simplicitystudio/v4_2/developer/toolchains/gnu_arm/7.2_2017q4/bin/../lib/gcc/arm-none-eabi/7.2.1/../../../../arm-none-eabi/lib/thumb/v6-m\libc_nano.a(lib_a-exit.o)
                0x000043f8                exit
 .text.__libc_init_array
                0x00004424       0x48 c:/siliconlabs/simplicitystudio/v4_2/developer/toolchains/gnu_arm/7.2_2017q4/bin/../lib/gcc/arm-none-eabi/7.2.1/../../../../arm-none-eabi/lib/thumb/v6-m\libc_nano.a(lib_a-init.o)
                0x00004424                __libc_init_array
 .text.__locale_ctype_ptr
                0x0000446c       0x1c c:/siliconlabs/simplicitystudio/v4_2/developer/toolchains/gnu_arm/7.2_2017q4/bin/../lib/gcc/arm-none-eabi/7.2.1/../../../../arm-none-eabi/lib/thumb/v6-m\libc_nano.a(lib_a-locale.o)
                0x0000446c                __locale_ctype_ptr
 .text.__ascii_mbtowc
                0x00004488       0x24 c:/siliconlabs/simplicitystudio/v4_2/developer/toolchains/gnu_arm/7.2_2017q4/bin/../lib/gcc/arm-none-eabi/7.2.1/../../../../arm-none-eabi/lib/thumb/v6-m\libc_nano.a(lib_a-mbtowc_r.o)
                0x00004488                __ascii_mbtowc
 .text.memcpy   0x000044ac       0x12 c:/siliconlabs/simplicitystudio/v4_2/developer/toolchains/gnu_arm/7.2_2017q4/bin/../lib/gcc/arm-none-eabi/7.2.1/../../../../arm-none-eabi/lib/thumb/v6-m\libc_nano.a(lib_a-memcpy-stub.o)
                0x000044ac                memcpy
 .text.memset   0x000044be       0x10 c:/siliconlabs/simplicitystudio/v4_2/developer/toolchains/gnu_arm/7.2_2017q4/bin/../lib/gcc/arm-none-eabi/7.2.1/../../../../arm-none-eabi/lib/thumb/v6-m\libc_nano.a(lib_a-memset.o)
                0x000044be                memset
 *fill*         0x000044ce        0x2 
 .text.printf   0x000044d0       0x34 c:/siliconlabs/simplicitystudio/v4_2/developer/toolchains/gnu_arm/7.2_2017q4/bin/../lib/gcc/arm-none-eabi/7.2.1/../../../../arm-none-eabi/lib/thumb/v6-m\libc_nano.a(lib_a-printf.o)
                0x000044d0                iprintf
                0x000044d0                printf
 .text.setvbuf  0x00004504      0x158 c:/siliconlabs/simplicitystudio/v4_2/developer/toolchains/gnu_arm/7.2_2017q4/bin/../lib/gcc/arm-none-eabi/7.2.1/../../../../arm-none-eabi/lib/thumb/v6-m\libc_nano.a(lib_a-setvbuf.o)
                0x00004504                setvbuf
 .text.__ascii_wctomb
                0x0000465c       0x18 c:/siliconlabs/simplicitystudio/v4_2/developer/toolchains/gnu_arm/7.2_2017q4/bin/../lib/gcc/arm-none-eabi/7.2.1/../../../../arm-none-eabi/lib/thumb/v6-m\libc_nano.a(lib_a-wctomb_r.o)
                0x0000465c                __ascii_wctomb
 .text.__sflush_r
                0x00004674      0x114 c:/siliconlabs/simplicitystudio/v4_2/developer/toolchains/gnu_arm/7.2_2017q4/bin/../lib/gcc/arm-none-eabi/7.2.1/../../../../arm-none-eabi/lib/thumb/v6-m\libc_nano.a(lib_a-fflush.o)
                0x00004674                __sflush_r
 .text._fflush_r
                0x00004788       0x58 c:/siliconlabs/simplicitystudio/v4_2/developer/toolchains/gnu_arm/7.2_2017q4/bin/../lib/gcc/arm-none-eabi/7.2.1/../../../../arm-none-eabi/lib/thumb/v6-m\libc_nano.a(lib_a-fflush.o)
                0x00004788                _fflush_r
 .text.std      0x000047e0       0x48 c:/siliconlabs/simplicitystudio/v4_2/developer/toolchains/gnu_arm/7.2_2017q4/bin/../lib/gcc/arm-none-eabi/7.2.1/../../../../arm-none-eabi/lib/thumb/v6-m\libc_nano.a(lib_a-findfp.o)
 .text._cleanup_r
                0x00004828       0x10 c:/siliconlabs/simplicitystudio/v4_2/developer/toolchains/gnu_arm/7.2_2017q4/bin/../lib/gcc/arm-none-eabi/7.2.1/../../../../arm-none-eabi/lib/thumb/v6-m\libc_nano.a(lib_a-findfp.o)
                0x00004828                _cleanup_r
 .text.__sfmoreglue
                0x00004838       0x2c c:/siliconlabs/simplicitystudio/v4_2/developer/toolchains/gnu_arm/7.2_2017q4/bin/../lib/gcc/arm-none-eabi/7.2.1/../../../../arm-none-eabi/lib/thumb/v6-m\libc_nano.a(lib_a-findfp.o)
                0x00004838                __sfmoreglue
 .text.__sinit  0x00004864       0x68 c:/siliconlabs/simplicitystudio/v4_2/developer/toolchains/gnu_arm/7.2_2017q4/bin/../lib/gcc/arm-none-eabi/7.2.1/../../../../arm-none-eabi/lib/thumb/v6-m\libc_nano.a(lib_a-findfp.o)
                0x00004864                __sinit
 .text.__sfp    0x000048cc       0x7c c:/siliconlabs/simplicitystudio/v4_2/developer/toolchains/gnu_arm/7.2_2017q4/bin/../lib/gcc/arm-none-eabi/7.2.1/../../../../arm-none-eabi/lib/thumb/v6-m\libc_nano.a(lib_a-findfp.o)
                0x000048cc                __sfp
 .text._fwalk_reent
                0x00004948       0x42 c:/siliconlabs/simplicitystudio/v4_2/developer/toolchains/gnu_arm/7.2_2017q4/bin/../lib/gcc/arm-none-eabi/7.2.1/../../../../arm-none-eabi/lib/thumb/v6-m\libc_nano.a(lib_a-fwalk.o)
                0x00004948                _fwalk_reent
 *fill*         0x0000498a        0x2 
 .text.__swhatbuf_r
                0x0000498c       0x50 c:/siliconlabs/simplicitystudio/v4_2/developer/toolchains/gnu_arm/7.2_2017q4/bin/../lib/gcc/arm-none-eabi/7.2.1/../../../../arm-none-eabi/lib/thumb/v6-m\libc_nano.a(lib_a-makebuf.o)
                0x0000498c                __swhatbuf_r
 .text.__smakebuf_r
                0x000049dc       0x88 c:/siliconlabs/simplicitystudio/v4_2/developer/toolchains/gnu_arm/7.2_2017q4/bin/../lib/gcc/arm-none-eabi/7.2.1/../../../../arm-none-eabi/lib/thumb/v6-m\libc_nano.a(lib_a-makebuf.o)
                0x000049dc                __smakebuf_r
 .text.malloc   0x00004a64       0x14 c:/siliconlabs/simplicitystudio/v4_2/developer/toolchains/gnu_arm/7.2_2017q4/bin/../lib/gcc/arm-none-eabi/7.2.1/../../../../arm-none-eabi/lib/thumb/v6-m\libc_nano.a(lib_a-malloc.o)
                0x00004a64                malloc
 .text._free_r  0x00004a78       0x94 c:/siliconlabs/simplicitystudio/v4_2/developer/toolchains/gnu_arm/7.2_2017q4/bin/../lib/gcc/arm-none-eabi/7.2.1/../../../../arm-none-eabi/lib/thumb/v6-m\libc_nano.a(lib_a-nano-freer.o)
                0x00004a78                _free_r
 .text._malloc_r
                0x00004b0c       0xbc c:/siliconlabs/simplicitystudio/v4_2/developer/toolchains/gnu_arm/7.2_2017q4/bin/../lib/gcc/arm-none-eabi/7.2.1/../../../../arm-none-eabi/lib/thumb/v6-m\libc_nano.a(lib_a-nano-mallocr.o)
                0x00004b0c                _malloc_r
 .text.__sfputc_r
                0x00004bc8       0x2a c:/siliconlabs/simplicitystudio/v4_2/developer/toolchains/gnu_arm/7.2_2017q4/bin/../lib/gcc/arm-none-eabi/7.2.1/../../../../arm-none-eabi/lib/thumb/v6-m\libc_nano.a(lib_a-nano-vfprintf.o)
 .text.__sfputs_r
                0x00004bf2       0x24 c:/siliconlabs/simplicitystudio/v4_2/developer/toolchains/gnu_arm/7.2_2017q4/bin/../lib/gcc/arm-none-eabi/7.2.1/../../../../arm-none-eabi/lib/thumb/v6-m\libc_nano.a(lib_a-nano-vfprintf.o)
                0x00004bf2                __sfputs_r
 *fill*         0x00004c16        0x2 
 .text._vfprintf_r
                0x00004c18      0x22c c:/siliconlabs/simplicitystudio/v4_2/developer/toolchains/gnu_arm/7.2_2017q4/bin/../lib/gcc/arm-none-eabi/7.2.1/../../../../arm-none-eabi/lib/thumb/v6-m\libc_nano.a(lib_a-nano-vfprintf.o)
                0x00004c18                _vfprintf_r
                0x00004c18                _vfiprintf_r
 .text._printf_common
                0x00004e44       0xda c:/siliconlabs/simplicitystudio/v4_2/developer/toolchains/gnu_arm/7.2_2017q4/bin/../lib/gcc/arm-none-eabi/7.2.1/../../../../arm-none-eabi/lib/thumb/v6-m\libc_nano.a(lib_a-nano-vfprintf_i.o)
                0x00004e44                _printf_common
 *fill*         0x00004f1e        0x2 
 .text._printf_i
                0x00004f20      0x210 c:/siliconlabs/simplicitystudio/v4_2/developer/toolchains/gnu_arm/7.2_2017q4/bin/../lib/gcc/arm-none-eabi/7.2.1/../../../../arm-none-eabi/lib/thumb/v6-m\libc_nano.a(lib_a-nano-vfprintf_i.o)
                0x00004f20                _printf_i
 .text._sbrk_r  0x00005130       0x24 c:/siliconlabs/simplicitystudio/v4_2/developer/toolchains/gnu_arm/7.2_2017q4/bin/../lib/gcc/arm-none-eabi/7.2.1/../../../../arm-none-eabi/lib/thumb/v6-m\libc_nano.a(lib_a-sbrkr.o)
                0x00005130                _sbrk_r
 .text.__sread  0x00005154       0x28 c:/siliconlabs/simplicitystudio/v4_2/developer/toolchains/gnu_arm/7.2_2017q4/bin/../lib/gcc/arm-none-eabi/7.2.1/../../../../arm-none-eabi/lib/thumb/v6-m\libc_nano.a(lib_a-stdio.o)
                0x00005154                __sread
 .text.__swrite
                0x0000517c       0x38 c:/siliconlabs/simplicitystudio/v4_2/developer/toolchains/gnu_arm/7.2_2017q4/bin/../lib/gcc/arm-none-eabi/7.2.1/../../../../arm-none-eabi/lib/thumb/v6-m\libc_nano.a(lib_a-stdio.o)
                0x0000517c                __swrite
 .text.__sseek  0x000051b4       0x2c c:/siliconlabs/simplicitystudio/v4_2/developer/toolchains/gnu_arm/7.2_2017q4/bin/../lib/gcc/arm-none-eabi/7.2.1/../../../../arm-none-eabi/lib/thumb/v6-m\libc_nano.a(lib_a-stdio.o)
                0x000051b4                __sseek
 .text.__sclose
                0x000051e0        0xc c:/siliconlabs/simplicitystudio/v4_2/developer/toolchains/gnu_arm/7.2_2017q4/bin/../lib/gcc/arm-none-eabi/7.2.1/../../../../arm-none-eabi/lib/thumb/v6-m\libc_nano.a(lib_a-stdio.o)
                0x000051e0                __sclose
 .text.__swbuf_r
                0x000051ec       0xac c:/siliconlabs/simplicitystudio/v4_2/developer/toolchains/gnu_arm/7.2_2017q4/bin/../lib/gcc/arm-none-eabi/7.2.1/../../../../arm-none-eabi/lib/thumb/v6-m\libc_nano.a(lib_a-wbuf.o)
                0x000051ec                __swbuf_r
 .text._write_r
                0x00005298       0x28 c:/siliconlabs/simplicitystudio/v4_2/developer/toolchains/gnu_arm/7.2_2017q4/bin/../lib/gcc/arm-none-eabi/7.2.1/../../../../arm-none-eabi/lib/thumb/v6-m\libc_nano.a(lib_a-writer.o)
                0x00005298                _write_r
 .text.__swsetup_r
                0x000052c0       0xec c:/siliconlabs/simplicitystudio/v4_2/developer/toolchains/gnu_arm/7.2_2017q4/bin/../lib/gcc/arm-none-eabi/7.2.1/../../../../arm-none-eabi/lib/thumb/v6-m\libc_nano.a(lib_a-wsetup.o)
                0x000052c0                __swsetup_r
 .text._close_r
                0x000053ac       0x24 c:/siliconlabs/simplicitystudio/v4_2/developer/toolchains/gnu_arm/7.2_2017q4/bin/../lib/gcc/arm-none-eabi/7.2.1/../../../../arm-none-eabi/lib/thumb/v6-m\libc_nano.a(lib_a-closer.o)
                0x000053ac                _close_r
 .text._fstat_r
                0x000053d0       0x24 c:/siliconlabs/simplicitystudio/v4_2/developer/toolchains/gnu_arm/7.2_2017q4/bin/../lib/gcc/arm-none-eabi/7.2.1/../../../../arm-none-eabi/lib/thumb/v6-m\libc_nano.a(lib_a-fstatr.o)
                0x000053d0                _fstat_r
 .text._isatty_r
                0x000053f4       0x24 c:/siliconlabs/simplicitystudio/v4_2/developer/toolchains/gnu_arm/7.2_2017q4/bin/../lib/gcc/arm-none-eabi/7.2.1/../../../../arm-none-eabi/lib/thumb/v6-m\libc_nano.a(lib_a-isattyr.o)
                0x000053f4                _isatty_r
 .text._lseek_r
                0x00005418       0x28 c:/siliconlabs/simplicitystudio/v4_2/developer/toolchains/gnu_arm/7.2_2017q4/bin/../lib/gcc/arm-none-eabi/7.2.1/../../../../arm-none-eabi/lib/thumb/v6-m\libc_nano.a(lib_a-lseekr.o)
                0x00005418                _lseek_r
 .text.memchr   0x00005440       0x16 c:/siliconlabs/simplicitystudio/v4_2/developer/toolchains/gnu_arm/7.2_2017q4/bin/../lib/gcc/arm-none-eabi/7.2.1/../../../../arm-none-eabi/lib/thumb/v6-m\libc_nano.a(lib_a-memchr-stub.o)
                0x00005440                memchr
 .text.__malloc_lock
                0x00005456        0x2 c:/siliconlabs/simplicitystudio/v4_2/developer/toolchains/gnu_arm/7.2_2017q4/bin/../lib/gcc/arm-none-eabi/7.2.1/../../../../arm-none-eabi/lib/thumb/v6-m\libc_nano.a(lib_a-mlock.o)
                0x00005456                __malloc_lock
 .text.__malloc_unlock
                0x00005458        0x2 c:/siliconlabs/simplicitystudio/v4_2/developer/toolchains/gnu_arm/7.2_2017q4/bin/../lib/gcc/arm-none-eabi/7.2.1/../../../../arm-none-eabi/lib/thumb/v6-m\libc_nano.a(lib_a-mlock.o)
                0x00005458                __malloc_unlock
 *fill*         0x0000545a        0x2 
 .text._read_r  0x0000545c       0x28 c:/siliconlabs/simplicitystudio/v4_2/developer/toolchains/gnu_arm/7.2_2017q4/bin/../lib/gcc/arm-none-eabi/7.2.1/../../../../arm-none-eabi/lib/thumb/v6-m\libc_nano.a(lib_a-readr.o)
                0x0000545c                _read_r
 *(.init)
 .init          0x00005484        0x4 c:/siliconlabs/simplicitystudio/v4_2/developer/toolchains/gnu_arm/7.2_2017q4/bin/../lib/gcc/arm-none-eabi/7.2.1/thumb/v6-m/crti.o
                0x00005484                _init
 .init          0x00005488        0x8 c:/siliconlabs/simplicitystudio/v4_2/developer/toolchains/gnu_arm/7.2_2017q4/bin/../lib/gcc/arm-none-eabi/7.2.1/thumb/v6-m/crtn.o
 *(.fini)
 .fini          0x00005490        0x4 c:/siliconlabs/simplicitystudio/v4_2/developer/toolchains/gnu_arm/7.2_2017q4/bin/../lib/gcc/arm-none-eabi/7.2.1/thumb/v6-m/crti.o
                0x00005490                _fini
 .fini          0x00005494        0x8 c:/siliconlabs/simplicitystudio/v4_2/developer/toolchains/gnu_arm/7.2_2017q4/bin/../lib/gcc/arm-none-eabi/7.2.1/thumb/v6-m/crtn.o
 *crtbegin.o(.ctors)
 *crtbegin?.o(.ctors)
 *(EXCLUDE_FILE(*crtend.o *crtend?.o) .ctors)
 *(SORT_BY_NAME(.ctors.*))
 *(.ctors)
 *crtbegin.o(.dtors)
 *crtbegin?.o(.dtors)
 *(EXCLUDE_FILE(*crtend.o *crtend?.o) .dtors)
 *(SORT_BY_NAME(.dtors.*))
 *(.dtors)
 *(.rodata*)
 .rodata        0x0000549c       0x66 ./BSP/bsp_stk_leds.o
 *fill*         0x00005502        0x2 
 .rodata.ledArray
                0x00005504       0x10 ./BSP/bsp_stk_leds.o
 .rodata        0x00005514       0x15 ./Drivers/displayls013b7dh03.o
 *fill*         0x00005529        0x3 
 .rodata        0x0000552c       0x83 ./Drivers/displaypalemlib.o
 *fill*         0x000055af        0x1 
 .rodata.chars_6x8_bits
                0x000055b0      0x320 ./Drivers/textdisplay.o
 .rodata        0x000058d0        0x3 ./Drivers/udelay.o
 *fill*         0x000058d3        0x1 
 .rodata        0x000058d4       0x66 ./emlib/em_acmp.o
 *fill*         0x0000593a        0x2 
 .rodata        0x0000593c      0x135 ./emlib/em_cmu.o
 *fill*         0x00005a71        0x3 
 .rodata.CMU_ClockEnable
                0x00005a74       0x2c ./emlib/em_cmu.o
 .rodata.CMU_ClockSelectSet
                0x00005aa0       0x58 ./emlib/em_cmu.o
 .rodata.CMU_OscillatorEnable
                0x00005af8       0x14 ./emlib/em_cmu.o
 .rodata        0x00005b0c       0xce ./emlib/em_gpio.o
 *fill*         0x00005bda        0x2 
 .rodata        0x00005bdc       0x65 ./emlib/em_prs.o
 *fill*         0x00005c41        0x3 
 .rodata        0x00005c44       0x65 ./emlib/em_rtc.o
 *fill*         0x00005ca9        0x3 
 .rodata        0x00005cac       0x14 ./emlib/em_timer.o
 .rodata        0x00005cc0       0x67 ./emlib/em_usart.o
 *fill*         0x00005d27        0x1 
 .rodata        0x00005d28       0x2c ./src/capsense_touch3.o
 .rodata        0x00005d54       0xc6 ./src/menu.o
 *fill*         0x00005e1a        0x2 
 .rodata.Menu   0x00005e1c       0x14 ./src/menu.o
 .rodata        0x00005e30       0xbf ./src/problema1.o
 *fill*         0x00005eef        0x1 
 .rodata        0x00005ef0       0x72 ./src/problema2.o
 *fill*         0x00005f62        0x2 
 .rodata._global_impure_ptr
                0x00005f64        0x4 c:/siliconlabs/simplicitystudio/v4_2/developer/toolchains/gnu_arm/7.2_2017q4/bin/../lib/gcc/arm-none-eabi/7.2.1/../../../../arm-none-eabi/lib/thumb/v6-m\libc_nano.a(lib_a-impure.o)
                0x00005f64                _global_impure_ptr
 .rodata._setlocale_r.str1.1
                0x00005f68        0x8 c:/siliconlabs/simplicitystudio/v4_2/developer/toolchains/gnu_arm/7.2_2017q4/bin/../lib/gcc/arm-none-eabi/7.2.1/../../../../arm-none-eabi/lib/thumb/v6-m\libc_nano.a(lib_a-locale.o)
                                  0x9 (size before relaxing)
 .rodata.str1.1
                0x00005f70        0x2 c:/siliconlabs/simplicitystudio/v4_2/developer/toolchains/gnu_arm/7.2_2017q4/bin/../lib/gcc/arm-none-eabi/7.2.1/../../../../arm-none-eabi/lib/thumb/v6-m\libc_nano.a(lib_a-locale.o)
 .rodata._ctype_
                0x00005f72      0x101 c:/siliconlabs/simplicitystudio/v4_2/developer/toolchains/gnu_arm/7.2_2017q4/bin/../lib/gcc/arm-none-eabi/7.2.1/../../../../arm-none-eabi/lib/thumb/v6-m\libc_nano.a(lib_a-ctype_.o)
                0x00005f72                _ctype_
 *fill*         0x00006073        0x1 
 .rodata.__sf_fake_stderr
                0x00006074       0x20 c:/siliconlabs/simplicitystudio/v4_2/developer/toolchains/gnu_arm/7.2_2017q4/bin/../lib/gcc/arm-none-eabi/7.2.1/../../../../arm-none-eabi/lib/thumb/v6-m\libc_nano.a(lib_a-findfp.o)
                0x00006074                __sf_fake_stderr
 .rodata.__sf_fake_stdin
                0x00006094       0x20 c:/siliconlabs/simplicitystudio/v4_2/developer/toolchains/gnu_arm/7.2_2017q4/bin/../lib/gcc/arm-none-eabi/7.2.1/../../../../arm-none-eabi/lib/thumb/v6-m\libc_nano.a(lib_a-findfp.o)
                0x00006094                __sf_fake_stdin
 .rodata.__sf_fake_stdout
                0x000060b4       0x20 c:/siliconlabs/simplicitystudio/v4_2/developer/toolchains/gnu_arm/7.2_2017q4/bin/../lib/gcc/arm-none-eabi/7.2.1/../../../../arm-none-eabi/lib/thumb/v6-m\libc_nano.a(lib_a-findfp.o)
                0x000060b4                __sf_fake_stdout
 .rodata._vfprintf_r.str1.1
                0x000060d4       0x11 c:/siliconlabs/simplicitystudio/v4_2/developer/toolchains/gnu_arm/7.2_2017q4/bin/../lib/gcc/arm-none-eabi/7.2.1/../../../../arm-none-eabi/lib/thumb/v6-m\libc_nano.a(lib_a-nano-vfprintf.o)
 .rodata._printf_i.str1.1
                0x000060e5       0x22 c:/siliconlabs/simplicitystudio/v4_2/developer/toolchains/gnu_arm/7.2_2017q4/bin/../lib/gcc/arm-none-eabi/7.2.1/../../../../arm-none-eabi/lib/thumb/v6-m\libc_nano.a(lib_a-nano-vfprintf_i.o)
 *(.eh_frame*)
 *fill*         0x00006107        0x1 
 .eh_frame      0x00006108        0x0 c:/siliconlabs/simplicitystudio/v4_2/developer/toolchains/gnu_arm/7.2_2017q4/bin/../lib/gcc/arm-none-eabi/7.2.1/thumb/v6-m/crtbegin.o
 .eh_frame      0x00006108        0x4 c:/siliconlabs/simplicitystudio/v4_2/developer/toolchains/gnu_arm/7.2_2017q4/bin/../lib/gcc/arm-none-eabi/7.2.1/thumb/v6-m/crtend.o

.glue_7         0x0000610c        0x0
 .glue_7        0x0000610c        0x0 linker stubs

.glue_7t        0x0000610c        0x0
 .glue_7t       0x0000610c        0x0 linker stubs

.vfp11_veneer   0x0000610c        0x0
 .vfp11_veneer  0x0000610c        0x0 linker stubs

.v4_bx          0x0000610c        0x0
 .v4_bx         0x0000610c        0x0 linker stubs

.iplt           0x0000610c        0x0
 .iplt          0x0000610c        0x0 c:/siliconlabs/simplicitystudio/v4_2/developer/toolchains/gnu_arm/7.2_2017q4/bin/../lib/gcc/arm-none-eabi/7.2.1/thumb/v6-m/crtbegin.o

.ARM.extab
 *(.ARM.extab* .gnu.linkonce.armextab.*)
                0x0000610c                __exidx_start = .

.ARM.exidx      0x0000610c        0x8
 *(.ARM.exidx* .gnu.linkonce.armexidx.*)
 .ARM.exidx     0x0000610c        0x8 c:/siliconlabs/simplicitystudio/v4_2/developer/toolchains/gnu_arm/7.2_2017q4/bin/../lib/gcc/arm-none-eabi/7.2.1/../../../../arm-none-eabi/lib/thumb/v6-m/crt0.o
                0x00006114                __exidx_end = .
                0x00006114                __etext = .

.rel.dyn        0x00006114        0x0
 .rel.iplt      0x00006114        0x0 c:/siliconlabs/simplicitystudio/v4_2/developer/toolchains/gnu_arm/7.2_2017q4/bin/../lib/gcc/arm-none-eabi/7.2.1/thumb/v6-m/crtbegin.o

.data           0x20000000      0x228 load address 0x00006114
                0x20000000                __data_start__ = .
 *(vtable)
 *(.data*)
 .data.SystemHFXOClock
                0x20000000        0x4 ./CMSIS/EFM32ZG/system_efm32zg.o
 .data.SystemLFXOClock
                0x20000004        0x4 ./CMSIS/EFM32ZG/system_efm32zg.o
 .data.SystemCoreClock
                0x20000008        0x4 ./CMSIS/EFM32ZG/system_efm32zg.o
                0x20000008                SystemCoreClock
 .data.pDisplayDeviceDriverInitFunctions
                0x2000000c        0x8 ./Drivers/display.o
 .data.pixelMatrixPool
                0x20000014        0x4 ./Drivers/displayls013b7dh03.o
 .data.charBufferTbl
                0x20000018       0x10 ./Drivers/textdisplay.o
 .data.loops_per_jiffy
                0x20000028        0x4 ./Drivers/udelay.o
                0x20000028                loops_per_jiffy
 .data.channelMaxValues
                0x2000002c       0x14 ./src/capsense_touch3.o
 .data.arrow    0x20000040        0x4 ./src/menu.o
                0x20000040                arrow
 .data.pressed_btn0
                0x20000044        0x1 ./src/problema1.o
                0x20000044                pressed_btn0
 .data.pressed_btn1
                0x20000045        0x1 ./src/problema1.o
                0x20000045                pressed_btn1
 .data.past_button0_state
                0x20000046        0x1 ./src/problema1.o
                0x20000046                past_button0_state
 .data.past_button1_state
                0x20000047        0x1 ./src/problema1.o
                0x20000047                past_button1_state
 .data.problema1_show
                0x20000048        0x1 ./src/problema1.o
                0x20000048                problema1_show
 .data.problema2_show
                0x20000049        0x1 ./src/problema2.o
                0x20000049                problema2_show
 *fill*         0x2000004a        0x2 
 .data.i_step   0x2000004c        0x4 ./src/problema2.o
                0x2000004c                i_step
 .data._impure_ptr
                0x20000050        0x4 c:/siliconlabs/simplicitystudio/v4_2/developer/toolchains/gnu_arm/7.2_2017q4/bin/../lib/gcc/arm-none-eabi/7.2.1/../../../../arm-none-eabi/lib/thumb/v6-m\libc_nano.a(lib_a-impure.o)
                0x20000050                _impure_ptr
 .data.impure_data
                0x20000054       0x60 c:/siliconlabs/simplicitystudio/v4_2/developer/toolchains/gnu_arm/7.2_2017q4/bin/../lib/gcc/arm-none-eabi/7.2.1/../../../../arm-none-eabi/lib/thumb/v6-m\libc_nano.a(lib_a-impure.o)
 .data.__global_locale
                0x200000b4      0x16c c:/siliconlabs/simplicitystudio/v4_2/developer/toolchains/gnu_arm/7.2_2017q4/bin/../lib/gcc/arm-none-eabi/7.2.1/../../../../arm-none-eabi/lib/thumb/v6-m\libc_nano.a(lib_a-locale.o)
                0x200000b4                __global_locale
                0x20000220                . = ALIGN (0x4)
                [!provide]                PROVIDE (__ram_func_section_start, .)
 *(.ram)
                [!provide]                PROVIDE (__ram_func_section_end, .)
                0x20000220                . = ALIGN (0x4)
                0x20000220                PROVIDE (__preinit_array_start, .)
 *(.preinit_array)
                0x20000220                PROVIDE (__preinit_array_end, .)
                0x20000220                . = ALIGN (0x4)
                0x20000220                PROVIDE (__init_array_start, .)
 *(SORT_BY_NAME(.init_array.*))
 *(.init_array)
 .init_array    0x20000220        0x4 c:/siliconlabs/simplicitystudio/v4_2/developer/toolchains/gnu_arm/7.2_2017q4/bin/../lib/gcc/arm-none-eabi/7.2.1/thumb/v6-m/crtbegin.o
                0x20000224                PROVIDE (__init_array_end, .)
                0x20000224                . = ALIGN (0x4)
                [!provide]                PROVIDE (__fini_array_start, .)
 *(SORT_BY_NAME(.fini_array.*))
 *(.fini_array)
 .fini_array    0x20000224        0x4 c:/siliconlabs/simplicitystudio/v4_2/developer/toolchains/gnu_arm/7.2_2017q4/bin/../lib/gcc/arm-none-eabi/7.2.1/thumb/v6-m/crtbegin.o
                [!provide]                PROVIDE (__fini_array_end, .)
 *(.jcr*)
                0x20000228                . = ALIGN (0x4)
                0x20000228                __data_end__ = .

.igot.plt       0x20000228        0x0 load address 0x0000633c
 .igot.plt      0x20000228        0x0 c:/siliconlabs/simplicitystudio/v4_2/developer/toolchains/gnu_arm/7.2_2017q4/bin/../lib/gcc/arm-none-eabi/7.2.1/thumb/v6-m/crtbegin.o

.bss            0x20000228      0x324 load address 0x0000633c
                0x20000228                . = ALIGN (0x4)
                0x20000228                __bss_start__ = .
 *(.bss*)
 .bss           0x20000228       0x1c c:/siliconlabs/simplicitystudio/v4_2/developer/toolchains/gnu_arm/7.2_2017q4/bin/../lib/gcc/arm-none-eabi/7.2.1/thumb/v6-m/crtbegin.o
 .bss.deviceTable
                0x20000244       0x2c ./Drivers/display.o
 .bss.moduleInitialized
                0x20000270        0x1 ./Drivers/display.o
 *fill*         0x20000271        0x3 
 .bss.devicesRegistered
                0x20000274        0x4 ./Drivers/display.o
 .bss.lcdPolarity
                0x20000278        0x1 ./Drivers/displayls013b7dh03.o
 *fill*         0x20000279        0x3 
 .bss.pixelMatrixPoolBase
                0x2000027c       0x80 ./Drivers/displayls013b7dh03.o
 .bss.heap_end.8282
                0x200002fc        0x4 ./Drivers/retargetio.o
 .bss.textDisplayHandle
                0x20000300        0x4 ./Drivers/retargettextdisplay.o
                0x20000300                textDisplayHandle
 .bss.textdisplayTbl
                0x20000304       0x58 ./Drivers/textdisplay.o
 .bss.currentChannel
                0x2000035c        0x1 ./src/capsense_touch3.o
 *fill*         0x2000035d        0x3 
 .bss.channelValues
                0x20000360       0x14 ./src/capsense_touch3.o
 .bss.msTicks   0x20000374        0x4 ./src/main.o
 .bss.capsenseUpdateCount
                0x20000378        0x4 ./src/main.o
 .bss.count_btn0
                0x2000037c        0x4 ./src/problema1.o
                0x2000037c                count_btn0
 .bss.count_btn1
                0x20000380        0x4 ./src/problema1.o
                0x20000380                count_btn1
 .bss.blink_led0_count
                0x20000384        0x4 ./src/problema1.o
                0x20000384                blink_led0_count
 .bss.blink_led1_count
                0x20000388        0x4 ./src/problema1.o
                0x20000388                blink_led1_count
 .bss.count_time
                0x2000038c        0x4 ./src/problema1.o
                0x2000038c                count_time
 .bss.blink_state0_show
                0x20000390        0x4 ./src/problema1.o
                0x20000390                blink_state0_show
 .bss.blink_state1_show
                0x20000394        0x4 ./src/problema1.o
                0x20000394                blink_state1_show
 .bss.blink_state0
                0x20000398        0x4 ./src/problema1.o
                0x20000398                blink_state0
 .bss.blink_state1
                0x2000039c        0x4 ./src/problema1.o
                0x2000039c                blink_state1
 .bss.intensity
                0x200003a0        0x4 ./src/problema2.o
                0x200003a0                intensity
 .bss.__malloc_free_list
                0x200003a4        0x4 c:/siliconlabs/simplicitystudio/v4_2/developer/toolchains/gnu_arm/7.2_2017q4/bin/../lib/gcc/arm-none-eabi/7.2.1/../../../../arm-none-eabi/lib/thumb/v6-m\libc_nano.a(lib_a-nano-mallocr.o)
                0x200003a4                __malloc_free_list
 .bss.__malloc_sbrk_start
                0x200003a8        0x4 c:/siliconlabs/simplicitystudio/v4_2/developer/toolchains/gnu_arm/7.2_2017q4/bin/../lib/gcc/arm-none-eabi/7.2.1/../../../../arm-none-eabi/lib/thumb/v6-m\libc_nano.a(lib_a-nano-mallocr.o)
                0x200003a8                __malloc_sbrk_start
 *(COMMON)
 COMMON         0x200003ac      0x190 ./Drivers/textdisplay.o
                0x200003ac                charBufferDevice0
                0x200004fc                charArrayDevice0
 COMMON         0x2000053c        0xa ./src/main.o
                0x2000053c                live_button0_state
                0x2000053d                past_cap0_state
                0x2000053e                live_led0_state
                0x2000053f                state
                0x20000540                live_cap0_state
                0x20000541                live_cap1_state
                0x20000542                past_cap1_state
                0x20000543                live_button1_state
                0x20000544                problema2_state
                0x20000545                live_led1_state
 *fill*         0x20000546        0x2 
 COMMON         0x20000548        0x4 c:/siliconlabs/simplicitystudio/v4_2/developer/toolchains/gnu_arm/7.2_2017q4/bin/../lib/gcc/arm-none-eabi/7.2.1/../../../../arm-none-eabi/lib/thumb/v6-m\libc_nano.a(lib_a-reent.o)
                0x20000548                errno
                0x2000054c                . = ALIGN (0x4)
                0x2000054c                __bss_end__ = .

.heap           0x20000550        0x0
                0x20000550                __HeapBase = .
                0x20000550                __end__ = .
                0x20000550                end = __end__
                0x20000550                _end = __end__
 *(.heap*)
 .heap          0x20000550        0x0 ./CMSIS/EFM32ZG/startup_efm32zg.o
                0x20000550                __HeapLimit = .

.stack_dummy    0x20000550      0x400
 *(.stack*)
 .stack         0x20000550      0x400 ./CMSIS/EFM32ZG/startup_efm32zg.o
                0x20001000                __StackTop = (ORIGIN (RAM) + LENGTH (RAM))
                0x20000c00                __StackLimit = (__StackTop - SIZEOF (.stack_dummy))
                0x20001000                PROVIDE (__stack, __StackTop)
                0x00000001                ASSERT ((__StackLimit >= __HeapLimit), region RAM overflowed with stack)
                0x00000001                ASSERT ((LENGTH (FLASH) >= (__etext + SIZEOF (.data))), FLASH memory overflowed !)
OUTPUT(Copy of STK3200_touch_3.axf elf32-littlearm)

.ARM.attributes
                0x00000000       0x28
 .ARM.attributes
                0x00000000       0x1e c:/siliconlabs/simplicitystudio/v4_2/developer/toolchains/gnu_arm/7.2_2017q4/bin/../lib/gcc/arm-none-eabi/7.2.1/thumb/v6-m/crti.o
 .ARM.attributes
                0x0000001e       0x2c c:/siliconlabs/simplicitystudio/v4_2/developer/toolchains/gnu_arm/7.2_2017q4/bin/../lib/gcc/arm-none-eabi/7.2.1/thumb/v6-m/crtbegin.o
 .ARM.attributes
                0x0000004a       0x1b c:/siliconlabs/simplicitystudio/v4_2/developer/toolchains/gnu_arm/7.2_2017q4/bin/../lib/gcc/arm-none-eabi/7.2.1/../../../../arm-none-eabi/lib/thumb/v6-m/crt0.o
 .ARM.attributes
                0x00000065       0x32 ./BSP/bsp_stk_leds.o
 .ARM.attributes
                0x00000097       0x1b ./CMSIS/EFM32ZG/startup_efm32zg.o
 .ARM.attributes
                0x000000b2       0x32 ./CMSIS/EFM32ZG/system_efm32zg.o
 .ARM.attributes
                0x000000e4       0x32 ./Drivers/display.o
 .ARM.attributes
                0x00000116       0x32 ./Drivers/displayls013b7dh03.o
 .ARM.attributes
                0x00000148       0x32 ./Drivers/displaypalemlib.o
 .ARM.attributes
                0x0000017a       0x32 ./Drivers/retargetio.o
 .ARM.attributes
                0x000001ac       0x32 ./Drivers/retargettextdisplay.o
 .ARM.attributes
                0x000001de       0x32 ./Drivers/textdisplay.o
 .ARM.attributes
                0x00000210       0x2b ./Drivers/udelay.o
 .ARM.attributes
                0x0000023b       0x32 ./emlib/em_acmp.o
 .ARM.attributes
                0x0000026d       0x32 ./emlib/em_assert.o
 .ARM.attributes
                0x0000029f       0x32 ./emlib/em_cmu.o
 .ARM.attributes
                0x000002d1       0x32 ./emlib/em_core.o
 .ARM.attributes
                0x00000303       0x32 ./emlib/em_gpio.o
 .ARM.attributes
                0x00000335       0x32 ./emlib/em_prs.o
 .ARM.attributes
                0x00000367       0x32 ./emlib/em_rtc.o
 .ARM.attributes
                0x00000399       0x32 ./emlib/em_timer.o
 .ARM.attributes
                0x000003cb       0x32 ./emlib/em_usart.o
 .ARM.attributes
                0x000003fd       0x32 ./src/capsense_touch3.o
 .ARM.attributes
                0x0000042f       0x32 ./src/main.o
 .ARM.attributes
                0x00000461       0x32 ./src/menu.o
 .ARM.attributes
                0x00000493       0x32 ./src/problema1.o
 .ARM.attributes
                0x000004c5       0x32 ./src/problema2.o
 .ARM.attributes
                0x000004f7       0x1e c:/siliconlabs/simplicitystudio/v4_2/developer/toolchains/gnu_arm/7.2_2017q4/bin/../lib/gcc/arm-none-eabi/7.2.1/thumb/v6-m\libgcc.a(_udivsi3.o)
 .ARM.attributes
                0x00000515       0x1e c:/siliconlabs/simplicitystudio/v4_2/developer/toolchains/gnu_arm/7.2_2017q4/bin/../lib/gcc/arm-none-eabi/7.2.1/thumb/v6-m\libgcc.a(_dvmd_tls.o)
 .ARM.attributes
                0x00000533       0x1e c:/siliconlabs/simplicitystudio/v4_2/developer/toolchains/gnu_arm/7.2_2017q4/bin/../lib/gcc/arm-none-eabi/7.2.1/thumb/v6-m\libgcc.a(_clzsi2.o)
 .ARM.attributes
                0x00000551       0x2c c:/siliconlabs/simplicitystudio/v4_2/developer/toolchains/gnu_arm/7.2_2017q4/bin/../lib/gcc/arm-none-eabi/7.2.1/../../../../arm-none-eabi/lib/thumb/v6-m\libc_nano.a(lib_a-exit.o)
 .ARM.attributes
                0x0000057d       0x2c c:/siliconlabs/simplicitystudio/v4_2/developer/toolchains/gnu_arm/7.2_2017q4/bin/../lib/gcc/arm-none-eabi/7.2.1/../../../../arm-none-eabi/lib/thumb/v6-m\libc_nano.a(lib_a-impure.o)
 .ARM.attributes
                0x000005a9       0x2c c:/siliconlabs/simplicitystudio/v4_2/developer/toolchains/gnu_arm/7.2_2017q4/bin/../lib/gcc/arm-none-eabi/7.2.1/../../../../arm-none-eabi/lib/thumb/v6-m\libc_nano.a(lib_a-init.o)
 .ARM.attributes
                0x000005d5       0x2c c:/siliconlabs/simplicitystudio/v4_2/developer/toolchains/gnu_arm/7.2_2017q4/bin/../lib/gcc/arm-none-eabi/7.2.1/../../../../arm-none-eabi/lib/thumb/v6-m\libc_nano.a(lib_a-locale.o)
 .ARM.attributes
                0x00000601       0x2c c:/siliconlabs/simplicitystudio/v4_2/developer/toolchains/gnu_arm/7.2_2017q4/bin/../lib/gcc/arm-none-eabi/7.2.1/../../../../arm-none-eabi/lib/thumb/v6-m\libc_nano.a(lib_a-mbtowc_r.o)
 .ARM.attributes
                0x0000062d       0x2c c:/siliconlabs/simplicitystudio/v4_2/developer/toolchains/gnu_arm/7.2_2017q4/bin/../lib/gcc/arm-none-eabi/7.2.1/../../../../arm-none-eabi/lib/thumb/v6-m\libc_nano.a(lib_a-memcpy-stub.o)
 .ARM.attributes
                0x00000659       0x2c c:/siliconlabs/simplicitystudio/v4_2/developer/toolchains/gnu_arm/7.2_2017q4/bin/../lib/gcc/arm-none-eabi/7.2.1/../../../../arm-none-eabi/lib/thumb/v6-m\libc_nano.a(lib_a-memset.o)
 .ARM.attributes
                0x00000685       0x2c c:/siliconlabs/simplicitystudio/v4_2/developer/toolchains/gnu_arm/7.2_2017q4/bin/../lib/gcc/arm-none-eabi/7.2.1/../../../../arm-none-eabi/lib/thumb/v6-m\libc_nano.a(lib_a-printf.o)
 .ARM.attributes
                0x000006b1       0x2c c:/siliconlabs/simplicitystudio/v4_2/developer/toolchains/gnu_arm/7.2_2017q4/bin/../lib/gcc/arm-none-eabi/7.2.1/../../../../arm-none-eabi/lib/thumb/v6-m\libc_nano.a(lib_a-setvbuf.o)
 .ARM.attributes
                0x000006dd       0x2c c:/siliconlabs/simplicitystudio/v4_2/developer/toolchains/gnu_arm/7.2_2017q4/bin/../lib/gcc/arm-none-eabi/7.2.1/../../../../arm-none-eabi/lib/thumb/v6-m\libc_nano.a(lib_a-wctomb_r.o)
 .ARM.attributes
                0x00000709       0x2c c:/siliconlabs/simplicitystudio/v4_2/developer/toolchains/gnu_arm/7.2_2017q4/bin/../lib/gcc/arm-none-eabi/7.2.1/../../../../arm-none-eabi/lib/thumb/v6-m\libc_nano.a(lib_a-ctype_.o)
 .ARM.attributes
                0x00000735       0x2c c:/siliconlabs/simplicitystudio/v4_2/developer/toolchains/gnu_arm/7.2_2017q4/bin/../lib/gcc/arm-none-eabi/7.2.1/../../../../arm-none-eabi/lib/thumb/v6-m\libc_nano.a(lib_a-fflush.o)
 .ARM.attributes
                0x00000761       0x2c c:/siliconlabs/simplicitystudio/v4_2/developer/toolchains/gnu_arm/7.2_2017q4/bin/../lib/gcc/arm-none-eabi/7.2.1/../../../../arm-none-eabi/lib/thumb/v6-m\libc_nano.a(lib_a-findfp.o)
 .ARM.attributes
                0x0000078d       0x2c c:/siliconlabs/simplicitystudio/v4_2/developer/toolchains/gnu_arm/7.2_2017q4/bin/../lib/gcc/arm-none-eabi/7.2.1/../../../../arm-none-eabi/lib/thumb/v6-m\libc_nano.a(lib_a-fwalk.o)
 .ARM.attributes
                0x000007b9       0x2c c:/siliconlabs/simplicitystudio/v4_2/developer/toolchains/gnu_arm/7.2_2017q4/bin/../lib/gcc/arm-none-eabi/7.2.1/../../../../arm-none-eabi/lib/thumb/v6-m\libc_nano.a(lib_a-makebuf.o)
 .ARM.attributes
                0x000007e5       0x2c c:/siliconlabs/simplicitystudio/v4_2/developer/toolchains/gnu_arm/7.2_2017q4/bin/../lib/gcc/arm-none-eabi/7.2.1/../../../../arm-none-eabi/lib/thumb/v6-m\libc_nano.a(lib_a-malloc.o)
 .ARM.attributes
                0x00000811       0x2c c:/siliconlabs/simplicitystudio/v4_2/developer/toolchains/gnu_arm/7.2_2017q4/bin/../lib/gcc/arm-none-eabi/7.2.1/../../../../arm-none-eabi/lib/thumb/v6-m\libc_nano.a(lib_a-nano-freer.o)
 .ARM.attributes
                0x0000083d       0x2c c:/siliconlabs/simplicitystudio/v4_2/developer/toolchains/gnu_arm/7.2_2017q4/bin/../lib/gcc/arm-none-eabi/7.2.1/../../../../arm-none-eabi/lib/thumb/v6-m\libc_nano.a(lib_a-nano-mallocr.o)
 .ARM.attributes
                0x00000869       0x2c c:/siliconlabs/simplicitystudio/v4_2/developer/toolchains/gnu_arm/7.2_2017q4/bin/../lib/gcc/arm-none-eabi/7.2.1/../../../../arm-none-eabi/lib/thumb/v6-m\libc_nano.a(lib_a-nano-vfprintf.o)
 .ARM.attributes
                0x00000895       0x2c c:/siliconlabs/simplicitystudio/v4_2/developer/toolchains/gnu_arm/7.2_2017q4/bin/../lib/gcc/arm-none-eabi/7.2.1/../../../../arm-none-eabi/lib/thumb/v6-m\libc_nano.a(lib_a-nano-vfprintf_i.o)
 .ARM.attributes
                0x000008c1       0x2c c:/siliconlabs/simplicitystudio/v4_2/developer/toolchains/gnu_arm/7.2_2017q4/bin/../lib/gcc/arm-none-eabi/7.2.1/../../../../arm-none-eabi/lib/thumb/v6-m\libc_nano.a(lib_a-sbrkr.o)
 .ARM.attributes
                0x000008ed       0x2c c:/siliconlabs/simplicitystudio/v4_2/developer/toolchains/gnu_arm/7.2_2017q4/bin/../lib/gcc/arm-none-eabi/7.2.1/../../../../arm-none-eabi/lib/thumb/v6-m\libc_nano.a(lib_a-stdio.o)
 .ARM.attributes
                0x00000919       0x2c c:/siliconlabs/simplicitystudio/v4_2/developer/toolchains/gnu_arm/7.2_2017q4/bin/../lib/gcc/arm-none-eabi/7.2.1/../../../../arm-none-eabi/lib/thumb/v6-m\libc_nano.a(lib_a-wbuf.o)
 .ARM.attributes
                0x00000945       0x2c c:/siliconlabs/simplicitystudio/v4_2/developer/toolchains/gnu_arm/7.2_2017q4/bin/../lib/gcc/arm-none-eabi/7.2.1/../../../../arm-none-eabi/lib/thumb/v6-m\libc_nano.a(lib_a-writer.o)
 .ARM.attributes
                0x00000971       0x2c c:/siliconlabs/simplicitystudio/v4_2/developer/toolchains/gnu_arm/7.2_2017q4/bin/../lib/gcc/arm-none-eabi/7.2.1/../../../../arm-none-eabi/lib/thumb/v6-m\libc_nano.a(lib_a-wsetup.o)
 .ARM.attributes
                0x0000099d       0x2c c:/siliconlabs/simplicitystudio/v4_2/developer/toolchains/gnu_arm/7.2_2017q4/bin/../lib/gcc/arm-none-eabi/7.2.1/../../../../arm-none-eabi/lib/thumb/v6-m\libc_nano.a(lib_a-closer.o)
 .ARM.attributes
                0x000009c9       0x2c c:/siliconlabs/simplicitystudio/v4_2/developer/toolchains/gnu_arm/7.2_2017q4/bin/../lib/gcc/arm-none-eabi/7.2.1/../../../../arm-none-eabi/lib/thumb/v6-m\libc_nano.a(lib_a-fstatr.o)
 .ARM.attributes
                0x000009f5       0x2c c:/siliconlabs/simplicitystudio/v4_2/developer/toolchains/gnu_arm/7.2_2017q4/bin/../lib/gcc/arm-none-eabi/7.2.1/../../../../arm-none-eabi/lib/thumb/v6-m\libc_nano.a(lib_a-isattyr.o)
 .ARM.attributes
                0x00000a21       0x2c c:/siliconlabs/simplicitystudio/v4_2/developer/toolchains/gnu_arm/7.2_2017q4/bin/../lib/gcc/arm-none-eabi/7.2.1/../../../../arm-none-eabi/lib/thumb/v6-m\libc_nano.a(lib_a-lseekr.o)
 .ARM.attributes
                0x00000a4d       0x2c c:/siliconlabs/simplicitystudio/v4_2/developer/toolchains/gnu_arm/7.2_2017q4/bin/../lib/gcc/arm-none-eabi/7.2.1/../../../../arm-none-eabi/lib/thumb/v6-m\libc_nano.a(lib_a-memchr-stub.o)
 .ARM.attributes
                0x00000a79       0x2c c:/siliconlabs/simplicitystudio/v4_2/developer/toolchains/gnu_arm/7.2_2017q4/bin/../lib/gcc/arm-none-eabi/7.2.1/../../../../arm-none-eabi/lib/thumb/v6-m\libc_nano.a(lib_a-mlock.o)
 .ARM.attributes
                0x00000aa5       0x2c c:/siliconlabs/simplicitystudio/v4_2/developer/toolchains/gnu_arm/7.2_2017q4/bin/../lib/gcc/arm-none-eabi/7.2.1/../../../../arm-none-eabi/lib/thumb/v6-m\libc_nano.a(lib_a-readr.o)
 .ARM.attributes
                0x00000ad1       0x2c c:/siliconlabs/simplicitystudio/v4_2/developer/toolchains/gnu_arm/7.2_2017q4/bin/../lib/gcc/arm-none-eabi/7.2.1/../../../../arm-none-eabi/lib/thumb/v6-m\libc_nano.a(lib_a-reent.o)
 .ARM.attributes
                0x00000afd       0x2c c:/siliconlabs/simplicitystudio/v4_2/developer/toolchains/gnu_arm/7.2_2017q4/bin/../lib/gcc/arm-none-eabi/7.2.1/thumb/v6-m/crtend.o
 .ARM.attributes
                0x00000b29       0x1e c:/siliconlabs/simplicitystudio/v4_2/developer/toolchains/gnu_arm/7.2_2017q4/bin/../lib/gcc/arm-none-eabi/7.2.1/thumb/v6-m/crtn.o

.comment        0x00000000       0x7e
 .comment       0x00000000       0x7e ./BSP/bsp_stk_leds.o
                                 0x7f (size before relaxing)
 .comment       0x0000007e       0x7f ./CMSIS/EFM32ZG/system_efm32zg.o
 .comment       0x0000007e       0x7f ./Drivers/display.o
 .comment       0x0000007e       0x7f ./Drivers/displayls013b7dh03.o
 .comment       0x0000007e       0x7f ./Drivers/displaypalemlib.o
 .comment       0x0000007e       0x7f ./Drivers/retargetio.o
 .comment       0x0000007e       0x7f ./Drivers/retargettextdisplay.o
 .comment       0x0000007e       0x7f ./Drivers/textdisplay.o
 .comment       0x0000007e       0x7f ./Drivers/udelay.o
 .comment       0x0000007e       0x7f ./emlib/em_acmp.o
 .comment       0x0000007e       0x7f ./emlib/em_assert.o
 .comment       0x0000007e       0x7f ./emlib/em_cmu.o
 .comment       0x0000007e       0x7f ./emlib/em_core.o
 .comment       0x0000007e       0x7f ./emlib/em_gpio.o
 .comment       0x0000007e       0x7f ./emlib/em_prs.o
 .comment       0x0000007e       0x7f ./emlib/em_rtc.o
 .comment       0x0000007e       0x7f ./emlib/em_timer.o
 .comment       0x0000007e       0x7f ./emlib/em_usart.o
 .comment       0x0000007e       0x7f ./src/capsense_touch3.o
 .comment       0x0000007e       0x7f ./src/main.o
 .comment       0x0000007e       0x7f ./src/menu.o
 .comment       0x0000007e       0x7f ./src/problema1.o
 .comment       0x0000007e       0x7f ./src/problema2.o

.debug_info     0x00000000    0x1725a
 .debug_info    0x00000000     0x1024 ./BSP/bsp_stk_leds.o
 .debug_info    0x00001024       0x26 ./CMSIS/EFM32ZG/startup_efm32zg.o
 .debug_info    0x0000104a      0xdea ./CMSIS/EFM32ZG/system_efm32zg.o
 .debug_info    0x00001e34      0xd37 ./Drivers/display.o
 .debug_info    0x00002b6b      0xf24 ./Drivers/displayls013b7dh03.o
 .debug_info    0x00003a8f     0x162e ./Drivers/displaypalemlib.o
 .debug_info    0x000050bd      0xe09 ./Drivers/retargetio.o
 .debug_info    0x00005ec6      0xcce ./Drivers/retargettextdisplay.o
 .debug_info    0x00006b94     0x1266 ./Drivers/textdisplay.o
 .debug_info    0x00007dfa     0x11ad ./Drivers/udelay.o
 .debug_info    0x00008fa7      0xf3b ./emlib/em_acmp.o
 .debug_info    0x00009ee2       0x7e ./emlib/em_assert.o
 .debug_info    0x00009f60     0x1a7a ./emlib/em_cmu.o
 .debug_info    0x0000b9da     0x13fd ./emlib/em_core.o
 .debug_info    0x0000cdd7      0xf85 ./emlib/em_gpio.o
 .debug_info    0x0000dd5c      0xdd2 ./emlib/em_prs.o
 .debug_info    0x0000eb2e      0xc30 ./emlib/em_rtc.o
 .debug_info    0x0000f75e      0xf9f ./emlib/em_timer.o
 .debug_info    0x000106fd     0x1740 ./emlib/em_usart.o
 .debug_info    0x00011e3d     0x11f4 ./src/capsense_touch3.o
 .debug_info    0x00013031     0x12d0 ./src/main.o
 .debug_info    0x00014301      0xf25 ./src/menu.o
 .debug_info    0x00015226      0xe54 ./src/problema1.o
 .debug_info    0x0001607a     0x11e0 ./src/problema2.o

.debug_abbrev   0x00000000     0x374d
 .debug_abbrev  0x00000000      0x260 ./BSP/bsp_stk_leds.o
 .debug_abbrev  0x00000260       0x14 ./CMSIS/EFM32ZG/startup_efm32zg.o
 .debug_abbrev  0x00000274      0x262 ./CMSIS/EFM32ZG/system_efm32zg.o
 .debug_abbrev  0x000004d6      0x1d3 ./Drivers/display.o
 .debug_abbrev  0x000006a9      0x256 ./Drivers/displayls013b7dh03.o
 .debug_abbrev  0x000008ff      0x2a3 ./Drivers/displaypalemlib.o
 .debug_abbrev  0x00000ba2      0x238 ./Drivers/retargetio.o
 .debug_abbrev  0x00000dda      0x200 ./Drivers/retargettextdisplay.o
 .debug_abbrev  0x00000fda      0x2b4 ./Drivers/textdisplay.o
 .debug_abbrev  0x0000128e      0x2c0 ./Drivers/udelay.o
 .debug_abbrev  0x0000154e      0x255 ./emlib/em_acmp.o
 .debug_abbrev  0x000017a3       0x68 ./emlib/em_assert.o
 .debug_abbrev  0x0000180b      0x351 ./emlib/em_cmu.o
 .debug_abbrev  0x00001b5c      0x30a ./emlib/em_core.o
 .debug_abbrev  0x00001e66      0x29f ./emlib/em_gpio.o
 .debug_abbrev  0x00002105      0x294 ./emlib/em_prs.o
 .debug_abbrev  0x00002399      0x26d ./emlib/em_rtc.o
 .debug_abbrev  0x00002606      0x25f ./emlib/em_timer.o
 .debug_abbrev  0x00002865      0x2ae ./emlib/em_usart.o
 .debug_abbrev  0x00002b13      0x23f ./src/capsense_touch3.o
 .debug_abbrev  0x00002d52      0x2a6 ./src/main.o
 .debug_abbrev  0x00002ff8      0x29f ./src/menu.o
 .debug_abbrev  0x00003297      0x24e ./src/problema1.o
 .debug_abbrev  0x000034e5      0x268 ./src/problema2.o

.debug_loc      0x00000000     0x33ce
 .debug_loc     0x00000000      0x2a0 ./BSP/bsp_stk_leds.o
 .debug_loc     0x000002a0      0x1e8 ./CMSIS/EFM32ZG/system_efm32zg.o
 .debug_loc     0x00000488       0xe0 ./Drivers/display.o
 .debug_loc     0x00000568      0x1c0 ./Drivers/displayls013b7dh03.o
 .debug_loc     0x00000728      0x3f0 ./Drivers/displaypalemlib.o
 .debug_loc     0x00000b18      0x224 ./Drivers/retargetio.o
 .debug_loc     0x00000d3c       0xd6 ./Drivers/retargettextdisplay.o
 .debug_loc     0x00000e12      0x232 ./Drivers/textdisplay.o
 .debug_loc     0x00001044      0x170 ./Drivers/udelay.o
 .debug_loc     0x000011b4      0x230 ./emlib/em_acmp.o
 .debug_loc     0x000013e4       0x38 ./emlib/em_assert.o
 .debug_loc     0x0000141c      0x860 ./emlib/em_cmu.o
 .debug_loc     0x00001c7c      0x574 ./emlib/em_core.o
 .debug_loc     0x000021f0      0x2a0 ./emlib/em_gpio.o
 .debug_loc     0x00002490      0x188 ./emlib/em_prs.o
 .debug_loc     0x00002618      0x1a8 ./emlib/em_rtc.o
 .debug_loc     0x000027c0       0xe0 ./emlib/em_timer.o
 .debug_loc     0x000028a0      0x50a ./emlib/em_usart.o
 .debug_loc     0x00002daa      0x1c0 ./src/capsense_touch3.o
 .debug_loc     0x00002f6a      0x12c ./src/main.o
 .debug_loc     0x00003096      0x100 ./src/menu.o
 .debug_loc     0x00003196      0x100 ./src/problema1.o
 .debug_loc     0x00003296      0x138 ./src/problema2.o

.debug_aranges  0x00000000      0x9e8
 .debug_aranges
                0x00000000       0x78 ./BSP/bsp_stk_leds.o
 .debug_aranges
                0x00000078       0x20 ./CMSIS/EFM32ZG/startup_efm32zg.o
 .debug_aranges
                0x00000098       0x68 ./CMSIS/EFM32ZG/system_efm32zg.o
 .debug_aranges
                0x00000100       0x38 ./Drivers/display.o
 .debug_aranges
                0x00000138       0x58 ./Drivers/displayls013b7dh03.o
 .debug_aranges
                0x00000190       0xa8 ./Drivers/displaypalemlib.o
 .debug_aranges
                0x00000238       0x68 ./Drivers/retargetio.o
 .debug_aranges
                0x000002a0       0x38 ./Drivers/retargettextdisplay.o
 .debug_aranges
                0x000002d8       0x68 ./Drivers/textdisplay.o
 .debug_aranges
                0x00000340       0x50 ./Drivers/udelay.o
 .debug_aranges
                0x00000390       0x68 ./emlib/em_acmp.o
 .debug_aranges
                0x000003f8       0x20 ./emlib/em_assert.o
 .debug_aranges
                0x00000418      0x158 ./emlib/em_cmu.o
 .debug_aranges
                0x00000570       0xe8 ./emlib/em_core.o
 .debug_aranges
                0x00000658       0x78 ./emlib/em_gpio.o
 .debug_aranges
                0x000006d0       0x50 ./emlib/em_prs.o
 .debug_aranges
                0x00000720       0x58 ./emlib/em_rtc.o
 .debug_aranges
                0x00000778       0x38 ./emlib/em_timer.o
 .debug_aranges
                0x000007b0       0xd0 ./emlib/em_usart.o
 .debug_aranges
                0x00000880       0x58 ./src/capsense_touch3.o
 .debug_aranges
                0x000008d8       0x48 ./src/main.o
 .debug_aranges
                0x00000920       0x40 ./src/menu.o
 .debug_aranges
                0x00000960       0x40 ./src/problema1.o
 .debug_aranges
                0x000009a0       0x48 ./src/problema2.o

.debug_ranges   0x00000000      0x858
 .debug_ranges  0x00000000       0x68 ./BSP/bsp_stk_leds.o
 .debug_ranges  0x00000068       0x58 ./CMSIS/EFM32ZG/system_efm32zg.o
 .debug_ranges  0x000000c0       0x28 ./Drivers/display.o
 .debug_ranges  0x000000e8       0x48 ./Drivers/displayls013b7dh03.o
 .debug_ranges  0x00000130       0x98 ./Drivers/displaypalemlib.o
 .debug_ranges  0x000001c8       0x58 ./Drivers/retargetio.o
 .debug_ranges  0x00000220       0x28 ./Drivers/retargettextdisplay.o
 .debug_ranges  0x00000248       0x58 ./Drivers/textdisplay.o
 .debug_ranges  0x000002a0       0x40 ./Drivers/udelay.o
 .debug_ranges  0x000002e0       0x58 ./emlib/em_acmp.o
 .debug_ranges  0x00000338       0x10 ./emlib/em_assert.o
 .debug_ranges  0x00000348      0x148 ./emlib/em_cmu.o
 .debug_ranges  0x00000490       0xd8 ./emlib/em_core.o
 .debug_ranges  0x00000568       0x68 ./emlib/em_gpio.o
 .debug_ranges  0x000005d0       0x40 ./emlib/em_prs.o
 .debug_ranges  0x00000610       0x48 ./emlib/em_rtc.o
 .debug_ranges  0x00000658       0x28 ./emlib/em_timer.o
 .debug_ranges  0x00000680       0xc0 ./emlib/em_usart.o
 .debug_ranges  0x00000740       0x48 ./src/capsense_touch3.o
 .debug_ranges  0x00000788       0x38 ./src/main.o
 .debug_ranges  0x000007c0       0x30 ./src/menu.o
 .debug_ranges  0x000007f0       0x30 ./src/problema1.o
 .debug_ranges  0x00000820       0x38 ./src/problema2.o

.debug_macro    0x00000000     0x62b6
 .debug_macro   0x00000000      0x353 ./BSP/bsp_stk_leds.o
 .debug_macro   0x00000353       0x4f ./BSP/bsp_stk_leds.o
 .debug_macro   0x000003a2       0x51 ./BSP/bsp_stk_leds.o
 .debug_macro   0x000003f3       0xb5 ./BSP/bsp_stk_leds.o
 .debug_macro   0x000004a8       0x58 ./BSP/bsp_stk_leds.o
 .debug_macro   0x00000500      0x34d ./BSP/bsp_stk_leds.o
 .debug_macro   0x0000084d      0x2e4 ./CMSIS/EFM32ZG/system_efm32zg.o
 .debug_macro   0x00000b31      0x1b7 ./Drivers/display.o
 .debug_macro   0x00000ce8       0x10 ./Drivers/display.o
 .debug_macro   0x00000cf8       0x40 ./Drivers/display.o
 .debug_macro   0x00000d38       0x22 ./Drivers/display.o
 .debug_macro   0x00000d5a       0x7c ./Drivers/display.o
 .debug_macro   0x00000dd6       0x1c ./Drivers/display.o
 .debug_macro   0x00000df2       0x10 ./Drivers/display.o
 .debug_macro   0x00000e02       0x1c ./Drivers/display.o
 .debug_macro   0x00000e1e       0x3a ./Drivers/display.o
 .debug_macro   0x00000e58       0x10 ./Drivers/display.o
 .debug_macro   0x00000e68       0x28 ./Drivers/display.o
 .debug_macro   0x00000e90      0x442 ./Drivers/displayls013b7dh03.o
 .debug_macro   0x000012d2       0x16 ./Drivers/displayls013b7dh03.o
 .debug_macro   0x000012e8       0x97 ./Drivers/displayls013b7dh03.o
 .debug_macro   0x0000137f       0xf6 ./Drivers/displayls013b7dh03.o
 .debug_macro   0x00001475       0x10 ./Drivers/displayls013b7dh03.o
 .debug_macro   0x00001485       0x10 ./Drivers/displayls013b7dh03.o
 .debug_macro   0x00001495       0xb6 ./Drivers/displayls013b7dh03.o
 .debug_macro   0x0000154b       0x16 ./Drivers/displayls013b7dh03.o
 .debug_macro   0x00001561      0x129 ./Drivers/displayls013b7dh03.o
 .debug_macro   0x0000168a       0x16 ./Drivers/displayls013b7dh03.o
 .debug_macro   0x000016a0       0x22 ./Drivers/displayls013b7dh03.o
 .debug_macro   0x000016c2       0x16 ./Drivers/displayls013b7dh03.o
 .debug_macro   0x000016d8       0xb9 ./Drivers/displayls013b7dh03.o
 .debug_macro   0x00001791       0x16 ./Drivers/displayls013b7dh03.o
 .debug_macro   0x000017a7       0x2e ./Drivers/displayls013b7dh03.o
 .debug_macro   0x000017d5      0x483 ./Drivers/displaypalemlib.o
 .debug_macro   0x00001c58       0x16 ./Drivers/displaypalemlib.o
 .debug_macro   0x00001c6e       0x1c ./Drivers/displaypalemlib.o
 .debug_macro   0x00001c8a      0x390 ./Drivers/retargetio.o
 .debug_macro   0x0000201a       0x10 ./Drivers/retargetio.o
 .debug_macro   0x0000202a       0x10 ./Drivers/retargetio.o
 .debug_macro   0x0000203a       0x10 ./Drivers/retargetio.o
 .debug_macro   0x0000204a       0x2e ./Drivers/retargetio.o
 .debug_macro   0x00002078       0xf5 ./Drivers/retargetio.o
 .debug_macro   0x0000216d       0x1c ./Drivers/retargetio.o
 .debug_macro   0x00002189      0x201 ./Drivers/retargettextdisplay.o
 .debug_macro   0x0000238a       0x34 ./Drivers/retargettextdisplay.o
 .debug_macro   0x000023be      0x26f ./Drivers/textdisplay.o
 .debug_macro   0x0000262d      0x10e ./Drivers/textdisplay.o
 .debug_macro   0x0000273b       0x86 ./Drivers/textdisplay.o
 .debug_macro   0x000027c1       0x9c ./Drivers/textdisplay.o
 .debug_macro   0x0000285d       0x10 ./Drivers/textdisplay.o
 .debug_macro   0x0000286d      0x325 ./Drivers/udelay.o
 .debug_macro   0x00002b92       0xc0 ./Drivers/udelay.o
 .debug_macro   0x00002c52      0x31f ./emlib/em_acmp.o
 .debug_macro   0x00002f71       0x12 ./emlib/em_acmp.o
 .debug_macro   0x00002f83       0x23 ./emlib/em_assert.o
 .debug_macro   0x00002fa6      0x36c ./emlib/em_cmu.o
 .debug_macro   0x00003312       0x2b ./emlib/em_cmu.o
 .debug_macro   0x0000333d       0xee ./emlib/em_cmu.o
 .debug_macro   0x0000342b       0x11 ./emlib/em_cmu.o
 .debug_macro   0x0000343c      0x316 ./emlib/em_core.o
 .debug_macro   0x00003752       0x63 ./emlib/em_core.o
 .debug_macro   0x000037b5       0xba ./emlib/em_core.o
 .debug_macro   0x0000386f      0x2fd ./emlib/em_gpio.o
 .debug_macro   0x00003b6c      0x308 ./emlib/em_prs.o
 .debug_macro   0x00003e74      0x2f7 ./emlib/em_rtc.o
 .debug_macro   0x0000416b       0x10 ./emlib/em_rtc.o
 .debug_macro   0x0000417b      0x2e7 ./emlib/em_timer.o
 .debug_macro   0x00004462       0x72 ./emlib/em_timer.o
 .debug_macro   0x000044d4      0x341 ./emlib/em_usart.o
 .debug_macro   0x00004815       0xeb ./emlib/em_usart.o
 .debug_macro   0x00004900      0x33c ./src/capsense_touch3.o
 .debug_macro   0x00004c3c       0x46 ./src/capsense_touch3.o
 .debug_macro   0x00004c82      0x4e6 ./src/main.o
 .debug_macro   0x00005168       0x16 ./src/main.o
 .debug_macro   0x0000517e       0x52 ./src/main.o
 .debug_macro   0x000051d0       0x3a ./src/main.o
 .debug_macro   0x0000520a       0x34 ./src/main.o
 .debug_macro   0x0000523e       0x28 ./src/main.o
 .debug_macro   0x00005266      0x4df ./src/menu.o
 .debug_macro   0x00005745       0x3a ./src/menu.o
 .debug_macro   0x0000577f       0x78 ./src/menu.o
 .debug_macro   0x000057f7       0x34 ./src/menu.o
 .debug_macro   0x0000582b       0x3a ./src/menu.o
 .debug_macro   0x00005865      0x4cb ./src/problema1.o
 .debug_macro   0x00005d30       0xb2 ./src/problema1.o
 .debug_macro   0x00005de2      0x4d4 ./src/problema2.o

.debug_line     0x00000000     0xe19c
 .debug_line    0x00000000      0xad4 ./BSP/bsp_stk_leds.o
 .debug_line    0x00000ad4       0xd7 ./CMSIS/EFM32ZG/startup_efm32zg.o
 .debug_line    0x00000bab      0x7eb ./CMSIS/EFM32ZG/system_efm32zg.o
 .debug_line    0x00001396      0x5e1 ./Drivers/display.o
 .debug_line    0x00001977      0xb6e ./Drivers/displayls013b7dh03.o
 .debug_line    0x000024e5      0xd8b ./Drivers/displaypalemlib.o
 .debug_line    0x00003270      0x878 ./Drivers/retargetio.o
 .debug_line    0x00003ae8      0x612 ./Drivers/retargettextdisplay.o
 .debug_line    0x000040fa      0x885 ./Drivers/textdisplay.o
 .debug_line    0x0000497f      0x8d5 ./Drivers/udelay.o
 .debug_line    0x00005254      0x908 ./emlib/em_acmp.o
 .debug_line    0x00005b5c      0x186 ./emlib/em_assert.o
 .debug_line    0x00005ce2      0xeea ./emlib/em_cmu.o
 .debug_line    0x00006bcc      0xaf5 ./emlib/em_core.o
 .debug_line    0x000076c1      0xa52 ./emlib/em_gpio.o
 .debug_line    0x00008113      0x873 ./emlib/em_prs.o
 .debug_line    0x00008986      0x866 ./emlib/em_rtc.o
 .debug_line    0x000091ec      0x8fd ./emlib/em_timer.o
 .debug_line    0x00009ae9      0xb49 ./emlib/em_usart.o
 .debug_line    0x0000a632      0x87e ./src/capsense_touch3.o
 .debug_line    0x0000aeb0      0xc6a ./src/main.o
 .debug_line    0x0000bb1a      0xd05 ./src/menu.o
 .debug_line    0x0000c81f      0xcff ./src/problema1.o
 .debug_line    0x0000d51e      0xc7e ./src/problema2.o

.debug_str      0x00000000    0x6496e
 .debug_str     0x00000000    0x5d599 ./BSP/bsp_stk_leds.o
                              0x5d84f (size before relaxing)
 .debug_str     0x0005d599       0x99 ./CMSIS/EFM32ZG/startup_efm32zg.o
                                 0xf2 (size before relaxing)
 .debug_str     0x0005d632      0x314 ./CMSIS/EFM32ZG/system_efm32zg.o
                              0x5b743 (size before relaxing)
 .debug_str     0x0005d946      0xc62 ./Drivers/display.o
                               0x7832 (size before relaxing)
 .debug_str     0x0005e5a8      0xa75 ./Drivers/displayls013b7dh03.o
                              0x5d165 (size before relaxing)
 .debug_str     0x0005f01d      0x678 ./Drivers/displaypalemlib.o
                              0x5ee13 (size before relaxing)
 .debug_str     0x0005f695      0x5ea ./Drivers/retargetio.o
                              0x5c1ee (size before relaxing)
 .debug_str     0x0005fc7f      0x323 ./Drivers/retargettextdisplay.o
                               0x80d9 (size before relaxing)
 .debug_str     0x0005ffa2      0x7bc ./Drivers/textdisplay.o
                               0x8854 (size before relaxing)
 .debug_str     0x0006075e      0x94e ./Drivers/udelay.o
                              0x5d5c8 (size before relaxing)
 .debug_str     0x000610ac      0x60a ./emlib/em_acmp.o
                              0x5c174 (size before relaxing)
 .debug_str     0x000616b6       0x72 ./emlib/em_assert.o
                               0x2d6d (size before relaxing)
 .debug_str     0x00061728      0x9e9 ./emlib/em_cmu.o
                              0x5d6f2 (size before relaxing)
 .debug_str     0x00062111      0x3af ./emlib/em_core.o
                              0x5c2c7 (size before relaxing)
 .debug_str     0x000624c0      0x233 ./emlib/em_gpio.o
                              0x5c058 (size before relaxing)
 .debug_str     0x000626f3      0x3c4 ./emlib/em_prs.o
                              0x5bfe3 (size before relaxing)
 .debug_str     0x00062ab7      0x105 ./emlib/em_rtc.o
                              0x5b66e (size before relaxing)
 .debug_str     0x00062bbc      0x7a2 ./emlib/em_timer.o
                              0x5bc9d (size before relaxing)
 .debug_str     0x0006335e      0x625 ./emlib/em_usart.o
                              0x5d7d3 (size before relaxing)
 .debug_str     0x00063983      0x338 ./src/capsense_touch3.o
                              0x5d144 (size before relaxing)
 .debug_str     0x00063cbb      0xb52 ./src/main.o
                              0x5fbaa (size before relaxing)
 .debug_str     0x0006480d       0xb5 ./src/menu.o
                              0x5f6f6 (size before relaxing)
 .debug_str     0x000648c2       0x2d ./src/problema1.o
                              0x5f54c (size before relaxing)
 .debug_str     0x000648ef       0x7f ./src/problema2.o
                              0x5faa0 (size before relaxing)

.debug_frame    0x00000000     0x2850
 .debug_frame   0x00000000      0x190 ./BSP/bsp_stk_leds.o
 .debug_frame   0x00000190      0x138 ./CMSIS/EFM32ZG/system_efm32zg.o
 .debug_frame   0x000002c8       0x90 ./Drivers/display.o
 .debug_frame   0x00000358      0x110 ./Drivers/displayls013b7dh03.o
 .debug_frame   0x00000468      0x250 ./Drivers/displaypalemlib.o
 .debug_frame   0x000006b8      0x14c ./Drivers/retargetio.o
 .debug_frame   0x00000804       0x8c ./Drivers/retargettextdisplay.o
 .debug_frame   0x00000890      0x154 ./Drivers/textdisplay.o
 .debug_frame   0x000009e4       0xec ./Drivers/udelay.o
 .debug_frame   0x00000ad0      0x150 ./emlib/em_acmp.o
 .debug_frame   0x00000c20       0x30 ./emlib/em_assert.o
 .debug_frame   0x00000c50      0x4f4 ./emlib/em_cmu.o
 .debug_frame   0x00001144      0x33c ./emlib/em_core.o
 .debug_frame   0x00001480      0x190 ./emlib/em_gpio.o
 .debug_frame   0x00001610       0xf0 ./emlib/em_prs.o
 .debug_frame   0x00001700      0x108 ./emlib/em_rtc.o
 .debug_frame   0x00001808       0x90 ./emlib/em_timer.o
 .debug_frame   0x00001898      0x2f4 ./emlib/em_usart.o
 .debug_frame   0x00001b8c      0x110 ./src/capsense_touch3.o
 .debug_frame   0x00001c9c       0xc4 ./src/main.o
 .debug_frame   0x00001d60       0xa8 ./src/menu.o
 .debug_frame   0x00001e08       0xa8 ./src/problema1.o
 .debug_frame   0x00001eb0       0xc8 ./src/problema2.o
 .debug_frame   0x00001f78       0x20 c:/siliconlabs/simplicitystudio/v4_2/developer/toolchains/gnu_arm/7.2_2017q4/bin/../lib/gcc/arm-none-eabi/7.2.1/thumb/v6-m\libgcc.a(_udivsi3.o)
 .debug_frame   0x00001f98       0x28 c:/siliconlabs/simplicitystudio/v4_2/developer/toolchains/gnu_arm/7.2_2017q4/bin/../lib/gcc/arm-none-eabi/7.2.1/../../../../arm-none-eabi/lib/thumb/v6-m\libc_nano.a(lib_a-exit.o)
 .debug_frame   0x00001fc0       0x2c c:/siliconlabs/simplicitystudio/v4_2/developer/toolchains/gnu_arm/7.2_2017q4/bin/../lib/gcc/arm-none-eabi/7.2.1/../../../../arm-none-eabi/lib/thumb/v6-m\libc_nano.a(lib_a-init.o)
 .debug_frame   0x00001fec       0x74 c:/siliconlabs/simplicitystudio/v4_2/developer/toolchains/gnu_arm/7.2_2017q4/bin/../lib/gcc/arm-none-eabi/7.2.1/../../../../arm-none-eabi/lib/thumb/v6-m\libc_nano.a(lib_a-locale.o)
 .debug_frame   0x00002060       0x44 c:/siliconlabs/simplicitystudio/v4_2/developer/toolchains/gnu_arm/7.2_2017q4/bin/../lib/gcc/arm-none-eabi/7.2.1/../../../../arm-none-eabi/lib/thumb/v6-m\libc_nano.a(lib_a-mbtowc_r.o)
 .debug_frame   0x000020a4       0x28 c:/siliconlabs/simplicitystudio/v4_2/developer/toolchains/gnu_arm/7.2_2017q4/bin/../lib/gcc/arm-none-eabi/7.2.1/../../../../arm-none-eabi/lib/thumb/v6-m\libc_nano.a(lib_a-memcpy-stub.o)
 .debug_frame   0x000020cc       0x20 c:/siliconlabs/simplicitystudio/v4_2/developer/toolchains/gnu_arm/7.2_2017q4/bin/../lib/gcc/arm-none-eabi/7.2.1/../../../../arm-none-eabi/lib/thumb/v6-m\libc_nano.a(lib_a-memset.o)
 .debug_frame   0x000020ec       0x50 c:/siliconlabs/simplicitystudio/v4_2/developer/toolchains/gnu_arm/7.2_2017q4/bin/../lib/gcc/arm-none-eabi/7.2.1/../../../../arm-none-eabi/lib/thumb/v6-m\libc_nano.a(lib_a-printf.o)
 .debug_frame   0x0000213c       0x30 c:/siliconlabs/simplicitystudio/v4_2/developer/toolchains/gnu_arm/7.2_2017q4/bin/../lib/gcc/arm-none-eabi/7.2.1/../../../../arm-none-eabi/lib/thumb/v6-m\libc_nano.a(lib_a-setvbuf.o)
 .debug_frame   0x0000216c       0x38 c:/siliconlabs/simplicitystudio/v4_2/developer/toolchains/gnu_arm/7.2_2017q4/bin/../lib/gcc/arm-none-eabi/7.2.1/../../../../arm-none-eabi/lib/thumb/v6-m\libc_nano.a(lib_a-wctomb_r.o)
 .debug_frame   0x000021a4       0x68 c:/siliconlabs/simplicitystudio/v4_2/developer/toolchains/gnu_arm/7.2_2017q4/bin/../lib/gcc/arm-none-eabi/7.2.1/../../../../arm-none-eabi/lib/thumb/v6-m\libc_nano.a(lib_a-fflush.o)
 .debug_frame   0x0000220c      0x140 c:/siliconlabs/simplicitystudio/v4_2/developer/toolchains/gnu_arm/7.2_2017q4/bin/../lib/gcc/arm-none-eabi/7.2.1/../../../../arm-none-eabi/lib/thumb/v6-m\libc_nano.a(lib_a-findfp.o)
 .debug_frame   0x0000234c       0x58 c:/siliconlabs/simplicitystudio/v4_2/developer/toolchains/gnu_arm/7.2_2017q4/bin/../lib/gcc/arm-none-eabi/7.2.1/../../../../arm-none-eabi/lib/thumb/v6-m\libc_nano.a(lib_a-fwalk.o)
 .debug_frame   0x000023a4       0x54 c:/siliconlabs/simplicitystudio/v4_2/developer/toolchains/gnu_arm/7.2_2017q4/bin/../lib/gcc/arm-none-eabi/7.2.1/../../../../arm-none-eabi/lib/thumb/v6-m\libc_nano.a(lib_a-makebuf.o)
 .debug_frame   0x000023f8       0x40 c:/siliconlabs/simplicitystudio/v4_2/developer/toolchains/gnu_arm/7.2_2017q4/bin/../lib/gcc/arm-none-eabi/7.2.1/../../../../arm-none-eabi/lib/thumb/v6-m\libc_nano.a(lib_a-malloc.o)
 .debug_frame   0x00002438       0x2c c:/siliconlabs/simplicitystudio/v4_2/developer/toolchains/gnu_arm/7.2_2017q4/bin/../lib/gcc/arm-none-eabi/7.2.1/../../../../arm-none-eabi/lib/thumb/v6-m\libc_nano.a(lib_a-nano-freer.o)
 .debug_frame   0x00002464       0x2c c:/siliconlabs/simplicitystudio/v4_2/developer/toolchains/gnu_arm/7.2_2017q4/bin/../lib/gcc/arm-none-eabi/7.2.1/../../../../arm-none-eabi/lib/thumb/v6-m\libc_nano.a(lib_a-nano-mallocr.o)
 .debug_frame   0x00002490       0x9c c:/siliconlabs/simplicitystudio/v4_2/developer/toolchains/gnu_arm/7.2_2017q4/bin/../lib/gcc/arm-none-eabi/7.2.1/../../../../arm-none-eabi/lib/thumb/v6-m\libc_nano.a(lib_a-nano-vfprintf.o)
 .debug_frame   0x0000252c       0x54 c:/siliconlabs/simplicitystudio/v4_2/developer/toolchains/gnu_arm/7.2_2017q4/bin/../lib/gcc/arm-none-eabi/7.2.1/../../../../arm-none-eabi/lib/thumb/v6-m\libc_nano.a(lib_a-nano-vfprintf_i.o)
 .debug_frame   0x00002580       0x2c c:/siliconlabs/simplicitystudio/v4_2/developer/toolchains/gnu_arm/7.2_2017q4/bin/../lib/gcc/arm-none-eabi/7.2.1/../../../../arm-none-eabi/lib/thumb/v6-m\libc_nano.a(lib_a-sbrkr.o)
 .debug_frame   0x000025ac       0x90 c:/siliconlabs/simplicitystudio/v4_2/developer/toolchains/gnu_arm/7.2_2017q4/bin/../lib/gcc/arm-none-eabi/7.2.1/../../../../arm-none-eabi/lib/thumb/v6-m\libc_nano.a(lib_a-stdio.o)
 .debug_frame   0x0000263c       0x48 c:/siliconlabs/simplicitystudio/v4_2/developer/toolchains/gnu_arm/7.2_2017q4/bin/../lib/gcc/arm-none-eabi/7.2.1/../../../../arm-none-eabi/lib/thumb/v6-m\libc_nano.a(lib_a-wbuf.o)
 .debug_frame   0x00002684       0x2c c:/siliconlabs/simplicitystudio/v4_2/developer/toolchains/gnu_arm/7.2_2017q4/bin/../lib/gcc/arm-none-eabi/7.2.1/../../../../arm-none-eabi/lib/thumb/v6-m\libc_nano.a(lib_a-writer.o)
 .debug_frame   0x000026b0       0x2c c:/siliconlabs/simplicitystudio/v4_2/developer/toolchains/gnu_arm/7.2_2017q4/bin/../lib/gcc/arm-none-eabi/7.2.1/../../../../arm-none-eabi/lib/thumb/v6-m\libc_nano.a(lib_a-wsetup.o)
 .debug_frame   0x000026dc       0x2c c:/siliconlabs/simplicitystudio/v4_2/developer/toolchains/gnu_arm/7.2_2017q4/bin/../lib/gcc/arm-none-eabi/7.2.1/../../../../arm-none-eabi/lib/thumb/v6-m\libc_nano.a(lib_a-closer.o)
 .debug_frame   0x00002708       0x2c c:/siliconlabs/simplicitystudio/v4_2/developer/toolchains/gnu_arm/7.2_2017q4/bin/../lib/gcc/arm-none-eabi/7.2.1/../../../../arm-none-eabi/lib/thumb/v6-m\libc_nano.a(lib_a-fstatr.o)
 .debug_frame   0x00002734       0x2c c:/siliconlabs/simplicitystudio/v4_2/developer/toolchains/gnu_arm/7.2_2017q4/bin/../lib/gcc/arm-none-eabi/7.2.1/../../../../arm-none-eabi/lib/thumb/v6-m\libc_nano.a(lib_a-isattyr.o)
 .debug_frame   0x00002760       0x2c c:/siliconlabs/simplicitystudio/v4_2/developer/toolchains/gnu_arm/7.2_2017q4/bin/../lib/gcc/arm-none-eabi/7.2.1/../../../../arm-none-eabi/lib/thumb/v6-m\libc_nano.a(lib_a-lseekr.o)
 .debug_frame   0x0000278c       0x20 c:/siliconlabs/simplicitystudio/v4_2/developer/toolchains/gnu_arm/7.2_2017q4/bin/../lib/gcc/arm-none-eabi/7.2.1/../../../../arm-none-eabi/lib/thumb/v6-m\libc_nano.a(lib_a-memchr-stub.o)
 .debug_frame   0x000027ac       0x30 c:/siliconlabs/simplicitystudio/v4_2/developer/toolchains/gnu_arm/7.2_2017q4/bin/../lib/gcc/arm-none-eabi/7.2.1/../../../../arm-none-eabi/lib/thumb/v6-m\libc_nano.a(lib_a-mlock.o)
 .debug_frame   0x000027dc       0x2c c:/siliconlabs/simplicitystudio/v4_2/developer/toolchains/gnu_arm/7.2_2017q4/bin/../lib/gcc/arm-none-eabi/7.2.1/../../../../arm-none-eabi/lib/thumb/v6-m\libc_nano.a(lib_a-readr.o)
 .debug_frame   0x00002808       0x48 c:/siliconlabs/simplicitystudio/v4_2/developer/toolchains/gnu_arm/7.2_2017q4/bin/../lib/gcc/arm-none-eabi/7.2.1/../../../../arm-none-eabi/lib/thumb/v6-m\libc_nano.a(lib_a-reent.o)
