Archive member included to satisfy reference by file (symbol)

c:/siliconlabs/simplicitystudio/v4/developer/toolchains/gnu_arm/7.2_2017q4/bin/../lib/gcc/arm-none-eabi/7.2.1/thumb/v6-m\libgcc.a(_udivsi3.o)
                              ./Drivers/displaypalemlib.o (__aeabi_uidiv)
c:/siliconlabs/simplicitystudio/v4/developer/toolchains/gnu_arm/7.2_2017q4/bin/../lib/gcc/arm-none-eabi/7.2.1/thumb/v6-m\libgcc.a(_dvmd_tls.o)
                              c:/siliconlabs/simplicitystudio/v4/developer/toolchains/gnu_arm/7.2_2017q4/bin/../lib/gcc/arm-none-eabi/7.2.1/thumb/v6-m\libgcc.a(_udivsi3.o) (__aeabi_idiv0)
c:/siliconlabs/simplicitystudio/v4/developer/toolchains/gnu_arm/7.2_2017q4/bin/../lib/gcc/arm-none-eabi/7.2.1/thumb/v6-m\libgcc.a(_clzsi2.o)
                              ./emlib/em_cmu.o (__clzsi2)
c:/siliconlabs/simplicitystudio/v4/developer/toolchains/gnu_arm/7.2_2017q4/bin/../lib/gcc/arm-none-eabi/7.2.1/thumb/v6-m\libgcc.a(_aeabi_uldivmod.o)
                              ./emlib/em_usart.o (__aeabi_uldivmod)
c:/siliconlabs/simplicitystudio/v4/developer/toolchains/gnu_arm/7.2_2017q4/bin/../lib/gcc/arm-none-eabi/7.2.1/thumb/v6-m\libgcc.a(_muldi3.o)
                              ./emlib/em_usart.o (__aeabi_lmul)
c:/siliconlabs/simplicitystudio/v4/developer/toolchains/gnu_arm/7.2_2017q4/bin/../lib/gcc/arm-none-eabi/7.2.1/thumb/v6-m\libgcc.a(_udivmoddi4.o)
                              c:/siliconlabs/simplicitystudio/v4/developer/toolchains/gnu_arm/7.2_2017q4/bin/../lib/gcc/arm-none-eabi/7.2.1/thumb/v6-m\libgcc.a(_aeabi_uldivmod.o) (__udivmoddi4)
c:/siliconlabs/simplicitystudio/v4/developer/toolchains/gnu_arm/7.2_2017q4/bin/../lib/gcc/arm-none-eabi/7.2.1/thumb/v6-m\libgcc.a(_clzdi2.o)
                              c:/siliconlabs/simplicitystudio/v4/developer/toolchains/gnu_arm/7.2_2017q4/bin/../lib/gcc/arm-none-eabi/7.2.1/thumb/v6-m\libgcc.a(_udivmoddi4.o) (__clzdi2)
c:/siliconlabs/simplicitystudio/v4/developer/toolchains/gnu_arm/7.2_2017q4/bin/../lib/gcc/arm-none-eabi/7.2.1/../../../../arm-none-eabi/lib/thumb/v6-m\libc_nano.a(lib_a-exit.o)
                              c:/siliconlabs/simplicitystudio/v4/developer/toolchains/gnu_arm/7.2_2017q4/bin/../lib/gcc/arm-none-eabi/7.2.1/../../../../arm-none-eabi/lib/thumb/v6-m/crt0.o (exit)
c:/siliconlabs/simplicitystudio/v4/developer/toolchains/gnu_arm/7.2_2017q4/bin/../lib/gcc/arm-none-eabi/7.2.1/../../../../arm-none-eabi/lib/thumb/v6-m\libc_nano.a(lib_a-impure.o)
                              c:/siliconlabs/simplicitystudio/v4/developer/toolchains/gnu_arm/7.2_2017q4/bin/../lib/gcc/arm-none-eabi/7.2.1/../../../../arm-none-eabi/lib/thumb/v6-m\libc_nano.a(lib_a-exit.o) (_global_impure_ptr)
c:/siliconlabs/simplicitystudio/v4/developer/toolchains/gnu_arm/7.2_2017q4/bin/../lib/gcc/arm-none-eabi/7.2.1/../../../../arm-none-eabi/lib/thumb/v6-m\libc_nano.a(lib_a-init.o)
                              c:/siliconlabs/simplicitystudio/v4/developer/toolchains/gnu_arm/7.2_2017q4/bin/../lib/gcc/arm-none-eabi/7.2.1/../../../../arm-none-eabi/lib/thumb/v6-m/crt0.o (__libc_init_array)
c:/siliconlabs/simplicitystudio/v4/developer/toolchains/gnu_arm/7.2_2017q4/bin/../lib/gcc/arm-none-eabi/7.2.1/../../../../arm-none-eabi/lib/thumb/v6-m\libc_nano.a(lib_a-locale.o)
                              ./Drivers/textdisplay.o (__locale_ctype_ptr)
c:/siliconlabs/simplicitystudio/v4/developer/toolchains/gnu_arm/7.2_2017q4/bin/../lib/gcc/arm-none-eabi/7.2.1/../../../../arm-none-eabi/lib/thumb/v6-m\libc_nano.a(lib_a-mbtowc_r.o)
                              c:/siliconlabs/simplicitystudio/v4/developer/toolchains/gnu_arm/7.2_2017q4/bin/../lib/gcc/arm-none-eabi/7.2.1/../../../../arm-none-eabi/lib/thumb/v6-m\libc_nano.a(lib_a-locale.o) (__ascii_mbtowc)
c:/siliconlabs/simplicitystudio/v4/developer/toolchains/gnu_arm/7.2_2017q4/bin/../lib/gcc/arm-none-eabi/7.2.1/../../../../arm-none-eabi/lib/thumb/v6-m\libc_nano.a(lib_a-memcpy-stub.o)
                              ./Drivers/display.o (memcpy)
c:/siliconlabs/simplicitystudio/v4/developer/toolchains/gnu_arm/7.2_2017q4/bin/../lib/gcc/arm-none-eabi/7.2.1/../../../../arm-none-eabi/lib/thumb/v6-m\libc_nano.a(lib_a-memset.o)
                              c:/siliconlabs/simplicitystudio/v4/developer/toolchains/gnu_arm/7.2_2017q4/bin/../lib/gcc/arm-none-eabi/7.2.1/../../../../arm-none-eabi/lib/thumb/v6-m/crt0.o (memset)
c:/siliconlabs/simplicitystudio/v4/developer/toolchains/gnu_arm/7.2_2017q4/bin/../lib/gcc/arm-none-eabi/7.2.1/../../../../arm-none-eabi/lib/thumb/v6-m\libc_nano.a(lib_a-printf.o)
                              ./src/menu.o (printf)
c:/siliconlabs/simplicitystudio/v4/developer/toolchains/gnu_arm/7.2_2017q4/bin/../lib/gcc/arm-none-eabi/7.2.1/../../../../arm-none-eabi/lib/thumb/v6-m\libc_nano.a(lib_a-setvbuf.o)
                              ./Drivers/retargettextdisplay.o (setvbuf)
[...]
Memory Configuration

Name             Origin             Length             Attributes
FLASH            0x00000000         0x00008000         xr
RAM              0x20000000         0x00001000         xrw
*default*        0x00000000         0xffffffff

Linker script and memory map

LOAD c:/siliconlabs/simplicitystudio/v4/developer/toolchains/gnu_arm/7.2_2017q4/bin/../lib/gcc/arm-none-eabi/7.2.1/thumb/v6-m/crti.o
LOAD c:/siliconlabs/simplicitystudio/v4/developer/toolchains/gnu_arm/7.2_2017q4/bin/../lib/gcc/arm-none-eabi/7.2.1/thumb/v6-m/crtbegin.o
LOAD c:/siliconlabs/simplicitystudio/v4/developer/toolchains/gnu_arm/7.2_2017q4/bin/../lib/gcc/arm-none-eabi/7.2.1/../../../../arm-none-eabi/lib/thumb/v6-m/crt0.o
LOAD ./BSP/bsp_bcc.o
LOAD ./BSP/bsp_stk.o
LOAD ./BSP/bsp_stk_leds.o
LOAD ./CMSIS/EFM32ZG/startup_efm32zg.o
LOAD ./CMSIS/EFM32ZG/system_efm32zg.o
LOAD ./Drivers/display.o
LOAD ./Drivers/displayls013b7dh03.o
LOAD ./Drivers/displaypalemlib.o
LOAD ./Drivers/dmactrl.o
LOAD ./Drivers/retargetio.o
LOAD ./Drivers/retargettextdisplay.o
LOAD ./Drivers/textdisplay.o
LOAD ./Drivers/udelay.o
LOAD ./emlib/em_acmp.o
LOAD ./emlib/em_adc.o
LOAD ./emlib/em_assert.o
LOAD ./emlib/em_cmu.o
LOAD ./emlib/em_core.o
LOAD ./emlib/em_dma.o
LOAD ./emlib/em_ebi.o
LOAD ./emlib/em_emu.o
LOAD ./emlib/em_gpio.o
LOAD ./emlib/em_leuart.o
LOAD ./emlib/em_prs.o
LOAD ./emlib/em_rtc.o
LOAD ./emlib/em_system.o
LOAD ./emlib/em_timer.o
LOAD ./emlib/em_usart.o
LOAD ./src/capsense_touch3.o
LOAD ./src/main.o
LOAD ./src/menu.o
LOAD ./src/problema1.o
LOAD ./src/problema2.o
LOAD ./src/problema3.o
START GROUP
LOAD c:/siliconlabs/simplicitystudio/v4/developer/toolchains/gnu_arm/7.2_2017q4/bin/../lib/gcc/arm-none-eabi/7.2.1/thumb/v6-m\libgcc.a
LOAD c:/siliconlabs/simplicitystudio/v4/developer/toolchains/gnu_arm/7.2_2017q4/bin/../lib/gcc/arm-none-eabi/7.2.1/../../../../arm-none-eabi/lib/thumb/v6-m\libc_nano.a
LOAD c:/siliconlabs/simplicitystudio/v4/developer/toolchains/gnu_arm/7.2_2017q4/bin/../lib/gcc/arm-none-eabi/7.2.1/../../../../arm-none-eabi/lib/thumb/v6-m\libnosys.a
END GROUP
START GROUP
LOAD c:/siliconlabs/simplicitystudio/v4/developer/toolchains/gnu_arm/7.2_2017q4/bin/../lib/gcc/arm-none-eabi/7.2.1/thumb/v6-m\libgcc.a
LOAD c:/siliconlabs/simplicitystudio/v4/developer/toolchains/gnu_arm/7.2_2017q4/bin/../lib/gcc/arm-none-eabi/7.2.1/../../../../arm-none-eabi/lib/thumb/v6-m\libg_nano.a
LOAD c:/siliconlabs/simplicitystudio/v4/developer/toolchains/gnu_arm/7.2_2017q4/bin/../lib/gcc/arm-none-eabi/7.2.1/../../../../arm-none-eabi/lib/thumb/v6-m\libc_nano.a
END GROUP
START GROUP
LOAD c:/siliconlabs/simplicitystudio/v4/developer/toolchains/gnu_arm/7.2_2017q4/bin/../lib/gcc/arm-none-eabi/7.2.1/thumb/v6-m\libgcc.a
LOAD c:/siliconlabs/simplicitystudio/v4/developer/toolchains/gnu_arm/7.2_2017q4/bin/../lib/gcc/arm-none-eabi/7.2.1/../../../../arm-none-eabi/lib/thumb/v6-m\libc_nano.a
END GROUP
LOAD c:/siliconlabs/simplicitystudio/v4/developer/toolchains/gnu_arm/7.2_2017q4/bin/../lib/gcc/arm-none-eabi/7.2.1/thumb/v6-m/crtend.o
LOAD c:/siliconlabs/simplicitystudio/v4/developer/toolchains/gnu_arm/7.2_2017q4/bin/../lib/gcc/arm-none-eabi/7.2.1/thumb/v6-m/crtn.o

.text           0x00000000     0x6b1c
 *(.vectors)
 .vectors       0x00000000       0x8c ./CMSIS/EFM32ZG/startup_efm32zg.o
                0x00000000                __Vectors
                0x0000008c                __Vectors_End = .
                0x0000008c                __Vectors_Size = (__Vectors_End - __Vectors)
                0x0000008c                __end__ = .
 *(.text*)
 .text          0x0000008c       0x48 c:/siliconlabs/simplicitystudio/v4/developer/toolchains/gnu_arm/7.2_2017q4/bin/../lib/gcc/arm-none-eabi/7.2.1/thumb/v6-m/crtbegin.o
 .text          0x000000d4       0x78 c:/siliconlabs/simplicitystudio/v4/developer/toolchains/gnu_arm/7.2_2017q4/bin/../lib/gcc/arm-none-eabi/7.2.1/../../../../arm-none-eabi/lib/thumb/v6-m/crt0.o
                0x000000d4                _start
                0x000000d4                _mainCRTStartup
 .text.GPIO_PinOutClear
                0x0000014c       0xb0 ./BSP/bsp_stk_leds.o
 .text.GPIO_PinOutToggle
                0x000001fc       0xb4 ./BSP/bsp_stk_leds.o
 .text.BSP_LedsInit
                0x000002b0       0x60 ./BSP/bsp_stk_leds.o
                0x000002b0                BSP_LedsInit
 .text.BSP_LedClear
                0x00000310       0x44 ./BSP/bsp_stk_leds.o
                0x00000310                BSP_LedClear
 .text.BSP_LedToggle
                0x00000354       0x44 ./BSP/bsp_stk_leds.o
                0x00000354                BSP_LedToggle
 .text          0x00000398       0x30 ./CMSIS/EFM32ZG/startup_efm32zg.o
                0x00000398                Reset_Handler
                0x000003c4                HardFault_Handler
                0x000003c4                USART1_RX_IRQHandler
                0x000003c4                PendSV_Handler
                0x000003c4                NMI_Handler
                0x000003c4                USART1_TX_IRQHandler
                0x000003c4                MSC_IRQHandler
                0x000003c4                ADC0_IRQHandler
                0x000003c4                LEUART0_IRQHandler
                0x000003c4                GPIO_EVEN_IRQHandler
                0x000003c4                RTC_IRQHandler
                0x000003c4                TIMER0_IRQHandler
                0x000003c4                I2C0_IRQHandler
                0x000003c4                TIMER1_IRQHandler
                0x000003c4                Default_Handler
                0x000003c4                PCNT0_IRQHandler
                0x000003c4                sl_app_properties
                0x000003c4                ACMP0_IRQHandler
                0x000003c4                SVC_Handler
                0x000003c4                CMU_IRQHandler
                0x000003c4                GPIO_ODD_IRQHandler
                0x000003c4                AES_IRQHandler
                0x000003c4                VCMP_IRQHandler
 .text.SystemCoreClockGet
                0x000003c8       0x38 ./CMSIS/EFM32ZG/system_efm32zg.o
                0x000003c8                SystemCoreClockGet
 .text.SystemMaxCoreClockGet
                0x00000400       0x10 ./CMSIS/EFM32ZG/system_efm32zg.o
                0x00000400                SystemMaxCoreClockGet
 .text.SystemHFClockGet
                0x00000410       0xcc ./CMSIS/EFM32ZG/system_efm32zg.o
                0x00000410                SystemHFClockGet
 .text.SystemInit
                0x000004dc       0x18 ./CMSIS/EFM32ZG/system_efm32zg.o
                0x000004dc                SystemInit
 .text.SystemLFRCOClockGet
                0x000004f4        0xe ./CMSIS/EFM32ZG/system_efm32zg.o
                0x000004f4                SystemLFRCOClockGet
 .text.SystemULFRCOClockGet
                0x00000502        0xe ./CMSIS/EFM32ZG/system_efm32zg.o
                0x00000502                SystemULFRCOClockGet
 .text.SystemLFXOClockGet
                0x00000510       0x14 ./CMSIS/EFM32ZG/system_efm32zg.o
                0x00000510                SystemLFXOClockGet
 .text.DISPLAY_Init
                0x00000524       0x54 ./Drivers/display.o
                0x00000524                DISPLAY_Init
 .text.DISPLAY_DeviceGet
                0x00000578       0x5c ./Drivers/display.o
                0x00000578                DISPLAY_DeviceGet
 .text.DISPLAY_DeviceRegister
                0x000005d4       0x68 ./Drivers/display.o
                0x000005d4                DISPLAY_DeviceRegister
 .text.DISPLAY_Ls013b7dh03Init
                0x0000063c      0x104 ./Drivers/displayls013b7dh03.o
                0x0000063c                DISPLAY_Ls013b7dh03Init
 .text.DriverRefresh
                0x00000740       0x1e ./Drivers/displayls013b7dh03.o
 .text.DisplayEnable
                0x0000075e       0x42 ./Drivers/displayls013b7dh03.o
 .text.DisplayClear
                0x000007a0       0x4c ./Drivers/displayls013b7dh03.o
 .text.PixelMatrixAllocate
                0x000007ec       0x68 ./Drivers/displayls013b7dh03.o
 .text.PixelMatrixFree
                0x00000854       0x18 ./Drivers/displayls013b7dh03.o
 .text.PixelMatrixClear
                0x0000086c       0x60 ./Drivers/displayls013b7dh03.o
 .text.PixelMatrixDraw
                0x000008cc       0xc2 ./Drivers/displayls013b7dh03.o
 *fill*         0x0000098e        0x2 
 .text.GPIO_PinOutClear
                0x00000990       0xb0 ./Drivers/displaypalemlib.o
 .text.GPIO_PinOutSet
                0x00000a40       0xb4 ./Drivers/displaypalemlib.o
 .text.PAL_SpiInit
                0x00000af4       0x58 ./Drivers/displaypalemlib.o
                0x00000af4                PAL_SpiInit
 .text.PAL_SpiTransmit
                0x00000b4c       0x74 ./Drivers/displaypalemlib.o
                0x00000b4c                PAL_SpiTransmit
 .text.PAL_TimerInit
                0x00000bc0       0x18 ./Drivers/displaypalemlib.o
                0x00000bc0                PAL_TimerInit
 .text.PAL_TimerMicroSecondsDelay
                0x00000bd8       0x1e ./Drivers/displaypalemlib.o
                0x00000bd8                PAL_TimerMicroSecondsDelay
 *fill*         0x00000bf6        0x2 
 .text.PAL_GpioInit
                0x00000bf8       0x24 ./Drivers/displaypalemlib.o
                0x00000bf8                PAL_GpioInit
 .text.PAL_GpioPinModeSet
                0x00000c1c       0x4c ./Drivers/displaypalemlib.o
                0x00000c1c                PAL_GpioPinModeSet
 .text.PAL_GpioPinOutSet
                0x00000c68       0x26 ./Drivers/displaypalemlib.o
                0x00000c68                PAL_GpioPinOutSet
 .text.PAL_GpioPinOutClear
                0x00000c8e       0x26 ./Drivers/displaypalemlib.o
                0x00000c8e                PAL_GpioPinOutClear
 .text.PAL_GpioPinAutoToggle
                0x00000cb4       0x7c ./Drivers/displaypalemlib.o
                0x00000cb4                PAL_GpioPinAutoToggle
 .text.palClockSetup
                0x00000d30       0x28 ./Drivers/displaypalemlib.o
 .text.rtcSetup
                0x00000d58       0x8c ./Drivers/displaypalemlib.o
 .text._close   0x00000de4       0x12 ./Drivers/retargetio.o
                0x00000de4                _close
 .text._exit    0x00000df6        0xa ./Drivers/retargetio.o
                0x00000df6                _exit
 .text._fstat   0x00000e00       0x1c ./Drivers/retargetio.o
                0x00000e00                _fstat
 .text._isatty  0x00000e1c       0x12 ./Drivers/retargetio.o
                0x00000e1c                _isatty
 .text._lseek   0x00000e2e       0x16 ./Drivers/retargetio.o
                0x00000e2e                _lseek
 .text._read    0x00000e44       0x56 ./Drivers/retargetio.o
                0x00000e44                _read
 *fill*         0x00000e9a        0x2 
 .text._sbrk    0x00000e9c       0x3c ./Drivers/retargetio.o
                0x00000e9c                _sbrk
 .text._write   0x00000ed8       0x38 ./Drivers/retargetio.o
                0x00000ed8                _write
 .text.RETARGET_TextDisplayInit
                0x00000f10       0x68 ./Drivers/retargettextdisplay.o
                0x00000f10                RETARGET_TextDisplayInit
 .text.RETARGET_ReadChar
                0x00000f78        0xe ./Drivers/retargettextdisplay.o
                0x00000f78                RETARGET_ReadChar
 *fill*         0x00000f86        0x2 
 .text.RETARGET_WriteChar
                0x00000f88       0x3c ./Drivers/retargettextdisplay.o
                0x00000f88                RETARGET_WriteChar
 .text.TEXTDISPLAY_New
                0x00000fc4      0x1cc ./Drivers/textdisplay.o
                0x00000fc4                TEXTDISPLAY_New
 .text.TEXTDISPLAY_WriteChar
                0x00001190       0xf4 ./Drivers/textdisplay.o
                0x00001190                TEXTDISPLAY_WriteChar
 .text.TextdisplayClear
                0x00001284       0x42 ./Drivers/textdisplay.o
 *fill*         0x000012c6        0x2 
 .text.TextdisplayScrollUp
                0x000012c8       0x88 ./Drivers/textdisplay.o
 .text.TextdisplayCharAdd
                0x00001350      0x12e ./Drivers/textdisplay.o
 *fill*         0x0000147e        0x2 
 .text.TextdisplayLineDraw
                0x00001480      0x2d4 ./Drivers/textdisplay.o
 .text.TextdisplayUpdate
                0x00001754      0x130 ./Drivers/textdisplay.o
 .text.__NVIC_ClearPendingIRQ
                0x00001884       0x38 ./Drivers/udelay.o
 .text.RTC_CounterGet
                0x000018bc       0x14 ./Drivers/udelay.o
 .text.UDELAY_Calibrate
                0x000018d0      0x1f4 ./Drivers/udelay.o
                0x000018d0                UDELAY_Calibrate
 .text.UDELAY_Delay
                0x00001ac4       0x38 ./Drivers/udelay.o
                0x00001ac4                UDELAY_Delay
 .text.calibrate_delay
                0x00001afc       0xe0 ./Drivers/udelay.o
 .text.clock    0x00001bdc       0x10 ./Drivers/udelay.o
 .text._delay   0x00001bec       0x16 ./Drivers/udelay.o
 .text.BUS_RegBitWrite
                0x00001c02       0x3c ./emlib/em_acmp.o
 .text.BUS_RegMaskedWrite
                0x00001c3e       0x26 ./emlib/em_acmp.o
 .text.ACMP_CapsenseInit
                0x00001c64       0xb0 ./emlib/em_acmp.o
                0x00001c64                ACMP_CapsenseInit
 .text.ACMP_CapsenseChannelSet
                0x00001d14       0x54 ./emlib/em_acmp.o
                0x00001d14                ACMP_CapsenseChannelSet
 .text.ACMP_Enable
                0x00001d68       0x3c ./emlib/em_acmp.o
                0x00001d68                ACMP_Enable
 .text.assertEFM
                0x00001da4        0xc ./emlib/em_assert.o
                0x00001da4                assertEFM
 .text.BUS_RegBitWrite
                0x00001db0       0x3c ./emlib/em_cmu.o
 .text.BUS_RegBitRead
                0x00001dec       0x20 ./emlib/em_cmu.o
 .text.SL_Log2ToDiv
                0x00001e0c       0x30 ./emlib/em_cmu.o
 .text.CMU_DivToLog2
                0x00001e3c       0x48 ./emlib/em_cmu.o
 .text.SYSTEM_GetProdRev
                0x00001e84       0x18 ./emlib/em_cmu.o
 .text.auxClkGet
                0x00001e9c       0xc4 ./emlib/em_cmu.o
 .text.dbgClkGet
                0x00001f60       0x5c ./emlib/em_cmu.o
 .text.flashWaitStateControl
                0x00001fbc       0x54 ./emlib/em_cmu.o
 .text.flashWaitStateMax
                0x00002010       0x44 ./emlib/em_cmu.o
 .text.CMU_UpdateWaitStates
                0x00002054       0x48 ./emlib/em_cmu.o
                0x00002054                CMU_UpdateWaitStates
 .text.lfClkGet
                0x0000209c      0x110 ./emlib/em_cmu.o
 .text.syncReg  0x000021ac       0x2c ./emlib/em_cmu.o
 .text.hfperClkSafePrescaler
                0x000021d8        0xa ./emlib/em_cmu.o
 .text.hfperClkOptimizedPrescaler
                0x000021e2        0xa ./emlib/em_cmu.o
 .text.CMU_ClockDivGet
                0x000021ec      0x114 ./emlib/em_cmu.o
                0x000021ec                CMU_ClockDivGet
 .text.CMU_ClockDivSet
                0x00002300      0x1c8 ./emlib/em_cmu.o
                0x00002300                CMU_ClockDivSet
 .text.CMU_ClockEnable
                0x000024c8       0xb4 ./emlib/em_cmu.o
                0x000024c8                CMU_ClockEnable
 .text.CMU_ClockFreqGet
                0x0000257c      0x168 ./emlib/em_cmu.o
                0x0000257c                CMU_ClockFreqGet
 .text.CMU_ClockSelectGet
                0x000026e4      0x154 ./emlib/em_cmu.o
                0x000026e4                CMU_ClockSelectGet
 .text.CMU_ClockSelectSet
                0x00002838      0x1b4 ./emlib/em_cmu.o
                0x00002838                CMU_ClockSelectSet
 .text.CMU_OscillatorEnable
                0x000029ec       0xd4 ./emlib/em_cmu.o
                0x000029ec                CMU_OscillatorEnable
 .text.CORE_EnterAtomic
                0x00002ac0       0x1c ./emlib/em_core.o
                0x00002ac0                CORE_EnterAtomic
 .text.CORE_ExitAtomic
                0x00002adc       0x18 ./emlib/em_core.o
                0x00002adc                CORE_ExitAtomic
 .text.__NVIC_EnableIRQ
                0x00002af4       0x34 ./emlib/em_dma.o
 .text.__NVIC_DisableIRQ
                0x00002b28       0x40 ./emlib/em_dma.o
 .text.__NVIC_ClearPendingIRQ
                0x00002b68       0x38 ./emlib/em_dma.o
 .text.BUS_RegBitWrite
                0x00002ba0       0x3c ./emlib/em_dma.o
 .text.DMA_Prepare
                0x00002bdc      0x124 ./emlib/em_dma.o
 .text.DMA_IRQHandler
                0x00002d00       0xf0 ./emlib/em_dma.o
                0x00002d00                DMA_IRQHandler
 .text.DMA_ActivateBasic
                0x00002df0       0x8c ./emlib/em_dma.o
                0x00002df0                DMA_ActivateBasic
 .text.DMA_CfgChannel
                0x00002e7c       0xc8 ./emlib/em_dma.o
                0x00002e7c                DMA_CfgChannel
 .text.DMA_CfgDescr
                0x00002f44       0xa4 ./emlib/em_dma.o
                0x00002f44                DMA_CfgDescr
 .text.DMA_Init
                0x00002fe8       0x88 ./emlib/em_dma.o
                0x00002fe8                DMA_Init
 .text.DMA_Reset
                0x00003070       0x84 ./emlib/em_dma.o
                0x00003070                DMA_Reset
 .text.GPIO_PinOutClear
                0x000030f4       0xb0 ./emlib/em_gpio.o
 .text.GPIO_PinOutSet
                0x000031a4       0xb4 ./emlib/em_gpio.o
 .text.GPIO_PinModeSet
                0x00003258      0x1c0 ./emlib/em_gpio.o
                0x00003258                GPIO_PinModeSet
 .text.PRS_SourceAsyncSignalSet
                0x00003418       0x24 ./emlib/em_prs.o
                0x00003418                PRS_SourceAsyncSignalSet
 .text.PRS_ConnectSignal
                0x0000343c       0x80 ./emlib/em_prs.o
                0x0000343c                PRS_ConnectSignal
 .text.BUS_RegBitWrite
                0x000034bc       0x3c ./emlib/em_rtc.o
 .text.RTC_CompareSet
                0x000034f8       0x5c ./emlib/em_rtc.o
                0x000034f8                RTC_CompareSet
 .text.RTC_Enable
                0x00003554       0x28 ./emlib/em_rtc.o
                0x00003554                RTC_Enable
 .text.RTC_FreezeEnable
                0x0000357c       0x30 ./emlib/em_rtc.o
                0x0000357c                RTC_FreezeEnable
 .text.RTC_Init
                0x000035ac       0x4c ./emlib/em_rtc.o
                0x000035ac                RTC_Init
 .text.RTC_CounterReset
                0x000035f8       0x16 ./emlib/em_rtc.o
                0x000035f8                RTC_CounterReset
 *fill*         0x0000360e        0x2 
 .text.TIMER_Valid
                0x00003610       0x38 ./emlib/em_timer.o
 .text.TIMER_Init
                0x00003648       0xfc ./emlib/em_timer.o
                0x00003648                TIMER_Init
 .text.TIMER_InitCC
                0x00003744       0xcc ./emlib/em_timer.o
                0x00003744                TIMER_InitCC
 .text.prsRxInput
                0x00003810       0x26 ./emlib/em_usart.o
 *fill*         0x00003836        0x2 
 .text.USART_BaudrateSyncSet
                0x00003838       0x80 ./emlib/em_usart.o
                0x00003838                USART_BaudrateSyncSet
 .text.USART_InitSync
                0x000038b8       0xe0 ./emlib/em_usart.o
                0x000038b8                USART_InitSync
 .text.USART_Reset
                0x00003998       0x90 ./emlib/em_usart.o
                0x00003998                USART_Reset
 .text.USART_Tx
                0x00003a28       0x2a ./emlib/em_usart.o
                0x00003a28                USART_Tx
 .text.USART_TxDouble
                0x00003a52       0x2a ./emlib/em_usart.o
                0x00003a52                USART_TxDouble
 .text.CAPSENSE_timerEventHandler
                0x00003a7c       0x9c ./src/capsense_touch3.o
                0x00003a7c                CAPSENSE_timerEventHandler
 .text.CAPSENSE_getPressed
                0x00003b18       0x50 ./src/capsense_touch3.o
                0x00003b18                CAPSENSE_getPressed
 .text.CAPSENSE_Init
                0x00003b68       0x94 ./src/capsense_touch3.o
                0x00003b68                CAPSENSE_Init
 .text.__NVIC_SetPriority
                0x00003bfc       0xdc ./src/main.o
 .text.SysTick_Config
                0x00003cd8       0x48 ./src/main.o
 .text.CHIP_Init
                0x00003d20       0x14 ./src/main.o
 .text.SysTick_Handler
                0x00003d34       0x38 ./src/main.o
                0x00003d34                SysTick_Handler
 .text.Delay    0x00003d6c       0x2c ./src/main.o
 .text.main     0x00003d98       0x90 ./src/main.o
                0x00003d98                main
 .text.BUS_RegBitRead
                0x00003e28       0x20 ./src/menu.o
 .text.GPIO_PinInGet
                0x00003e48       0xb8 ./src/menu.o
 .text.MenuSelection
                0x00003f00      0x128 ./src/menu.o
                0x00003f00                MenuSelection
 .text.Menu_Init
                0x00004028       0x14 ./src/menu.o
                0x00004028                Menu_Init
 .text.Menu     0x0000403c      0x14c ./src/menu.o
                0x0000403c                Menu
 .text.BUS_RegBitRead
                0x00004188       0x20 ./src/problema1.o
 .text.GPIO_PinInGet
                0x000041a8       0xb8 ./src/problema1.o
 .text.problema1_print
                0x00004260       0x24 ./src/problema1.o
                0x00004260                problema1_print
 .text.Problema1
                0x00004284      0x288 ./src/problema1.o
                0x00004284                Problema1
 .text.TIMER_MaxCount
                0x0000450c       0x18 ./src/problema2.o
 .text.TIMER_CompareBufSet
                0x00004524       0x48 ./src/problema2.o
 .text.TIMER_TopSet
                0x0000456c       0x3c ./src/problema2.o
 .text.Init_timer
                0x000045a8       0x8c ./src/problema2.o
                0x000045a8                Init_timer
 .text.problema2_print
                0x00004634       0x28 ./src/problema2.o
                0x00004634                problema2_print
 .text.Problema2
                0x0000465c      0x17c ./src/problema2.o
                0x0000465c                Problema2
 .text.BUS_RegBitRead
                0x000047d8       0x20 ./src/problema3.o
 .text.GPIO_PinInGet
                0x000047f8       0xb8 ./src/problema3.o
 .text.TIMER_MaxCount
                0x000048b0       0x18 ./src/problema3.o
 .text.TIMER_TopSet
                0x000048c8       0x3c ./src/problema3.o
 .text.basicTransferComplete
                0x00004904       0x3c ./src/problema3.o
                0x00004904                basicTransferComplete
 .text.setupDma
                0x00004940       0xb0 ./src/problema3.o
                0x00004940                setupDma
 .text.Problema3
                0x000049f0       0xf4 ./src/problema3.o
                0x000049f0                Problema3
 .text.Set_LED  0x00004ae4       0x8c ./src/problema3.o
                0x00004ae4                Set_LED
 .text.Set_Colors
                0x00004b70       0x64 ./src/problema3.o
                0x00004b70                Set_Colors
 .text          0x00004bd4      0x114 c:/siliconlabs/simplicitystudio/v4/developer/toolchains/gnu_arm/7.2_2017q4/bin/../lib/gcc/arm-none-eabi/7.2.1/thumb/v6-m\libgcc.a(_udivsi3.o)
                0x00004bd4                __aeabi_uidiv
                0x00004bd4                __udivsi3
                0x00004ce0                __aeabi_uidivmod
 .text          0x00004ce8        0x4 c:/siliconlabs/simplicitystudio/v4/developer/toolchains/gnu_arm/7.2_2017q4/bin/../lib/gcc/arm-none-eabi/7.2.1/thumb/v6-m\libgcc.a(_dvmd_tls.o)
                0x00004ce8                __aeabi_idiv0
                0x00004ce8                __aeabi_ldiv0
 .text          0x00004cec       0x3c c:/siliconlabs/simplicitystudio/v4/developer/toolchains/gnu_arm/7.2_2017q4/bin/../lib/gcc/arm-none-eabi/7.2.1/thumb/v6-m\libgcc.a(_clzsi2.o)
                0x00004cec                __clzsi2
 .text.exit     0x00004d28       0x2c c:/siliconlabs/simplicitystudio/v4/developer/toolchains/gnu_arm/7.2_2017q4/bin/../lib/gcc/arm-none-eabi/7.2.1/../../../../arm-none-eabi/lib/thumb/v6-m\libc_nano.a(lib_a-exit.o)
                0x00004d28                exit
 .text.__libc_init_array
                0x00004d54       0x48 c:/siliconlabs/simplicitystudio/v4/developer/toolchains/gnu_arm/7.2_2017q4/bin/../lib/gcc/arm-none-eabi/7.2.1/../../../../arm-none-eabi/lib/thumb/v6-m\libc_nano.a(lib_a-init.o)
                0x00004d54                __libc_init_array
 .text.__locale_ctype_ptr
                0x00004d9c       0x1c c:/siliconlabs/simplicitystudio/v4/developer/toolchains/gnu_arm/7.2_2017q4/bin/../lib/gcc/arm-none-eabi/7.2.1/../../../../arm-none-eabi/lib/thumb/v6-m\libc_nano.a(lib_a-locale.o)
                0x00004d9c                __locale_ctype_ptr
 .text.__ascii_mbtowc
                0x00004db8       0x24 c:/siliconlabs/simplicitystudio/v4/developer/toolchains/gnu_arm/7.2_2017q4/bin/../lib/gcc/arm-none-eabi/7.2.1/../../../../arm-none-eabi/lib/thumb/v6-m\libc_nano.a(lib_a-mbtowc_r.o)
                0x00004db8                __ascii_mbtowc
 .text.memcpy   0x00004ddc       0x12 c:/siliconlabs/simplicitystudio/v4/developer/toolchains/gnu_arm/7.2_2017q4/bin/../lib/gcc/arm-none-eabi/7.2.1/../../../../arm-none-eabi/lib/thumb/v6-m\libc_nano.a(lib_a-memcpy-stub.o)
                0x00004ddc                memcpy
 .text.memset   0x00004dee       0x10 c:/siliconlabs/simplicitystudio/v4/developer/toolchains/gnu_arm/7.2_2017q4/bin/../lib/gcc/arm-none-eabi/7.2.1/../../../../arm-none-eabi/lib/thumb/v6-m\libc_nano.a(lib_a-memset.o)
                0x00004dee                memset
 *fill*         0x00004dfe        0x2 
 .text.printf   0x00004e00       0x34 c:/siliconlabs/simplicitystudio/v4/developer/toolchains/gnu_arm/7.2_2017q4/bin/../lib/gcc/arm-none-eabi/7.2.1/../../../../arm-none-eabi/lib/thumb/v6-m\libc_nano.a(lib_a-printf.o)
                0x00004e00                iprintf
                0x00004e00                printf
 .text.setvbuf  0x00004e34      0x158 c:/siliconlabs/simplicitystudio/v4/developer/toolchains/gnu_arm/7.2_2017q4/bin/../lib/gcc/arm-none-eabi/7.2.1/../../../../arm-none-eabi/lib/thumb/v6-m\libc_nano.a(lib_a-setvbuf.o)
                0x00004e34                setvbuf
 .text.__ascii_wctomb
                0x00004f8c       0x18 c:/siliconlabs/simplicitystudio/v4/developer/toolchains/gnu_arm/7.2_2017q4/bin/../lib/gcc/arm-none-eabi/7.2.1/../../../../arm-none-eabi/lib/thumb/v6-m\libc_nano.a(lib_a-wctomb_r.o)
                0x00004f8c                __ascii_wctomb
 .text.__sflush_r
                0x00004fa4      0x114 c:/siliconlabs/simplicitystudio/v4/developer/toolchains/gnu_arm/7.2_2017q4/bin/../lib/gcc/arm-none-eabi/7.2.1/../../../../arm-none-eabi/lib/thumb/v6-m\libc_nano.a(lib_a-fflush.o)
                0x00004fa4                __sflush_r
 .text._fflush_r
                0x000050b8       0x58 c:/siliconlabs/simplicitystudio/v4/developer/toolchains/gnu_arm/7.2_2017q4/bin/../lib/gcc/arm-none-eabi/7.2.1/../../../../arm-none-eabi/lib/thumb/v6-m\libc_nano.a(lib_a-fflush.o)
                0x000050b8                _fflush_r
 .text.std      0x00005110       0x48 c:/siliconlabs/simplicitystudio/v4/developer/toolchains/gnu_arm/7.2_2017q4/bin/../lib/gcc/arm-none-eabi/7.2.1/../../../../arm-none-eabi/lib/thumb/v6-m\libc_nano.a(lib_a-findfp.o)
 .text._cleanup_r
                0x00005158       0x10 c:/siliconlabs/simplicitystudio/v4/developer/toolchains/gnu_arm/7.2_2017q4/bin/../lib/gcc/arm-none-eabi/7.2.1/../../../../arm-none-eabi/lib/thumb/v6-m\libc_nano.a(lib_a-findfp.o)
                0x00005158                _cleanup_r
 .text.__sfmoreglue
                0x00005168       0x2c c:/siliconlabs/simplicitystudio/v4/developer/toolchains/gnu_arm/7.2_2017q4/bin/../lib/gcc/arm-none-eabi/7.2.1/../../../../arm-none-eabi/lib/thumb/v6-m\libc_nano.a(lib_a-findfp.o)
                0x00005168                __sfmoreglue
 .text.__sinit  0x00005194       0x68 c:/siliconlabs/simplicitystudio/v4/developer/toolchains/gnu_arm/7.2_2017q4/bin/../lib/gcc/arm-none-eabi/7.2.1/../../../../arm-none-eabi/lib/thumb/v6-m\libc_nano.a(lib_a-findfp.o)
                0x00005194                __sinit
 .text.__sfp    0x000051fc       0x7c c:/siliconlabs/simplicitystudio/v4/developer/toolchains/gnu_arm/7.2_2017q4/bin/../lib/gcc/arm-none-eabi/7.2.1/../../../../arm-none-eabi/lib/thumb/v6-m\libc_nano.a(lib_a-findfp.o)
                0x000051fc                __sfp
 .text._fwalk_reent
                0x00005278       0x42 c:/siliconlabs/simplicitystudio/v4/developer/toolchains/gnu_arm/7.2_2017q4/bin/../lib/gcc/arm-none-eabi/7.2.1/../../../../arm-none-eabi/lib/thumb/v6-m\libc_nano.a(lib_a-fwalk.o)
                0x00005278                _fwalk_reent
 *fill*         0x000052ba        0x2 
 .text.__swhatbuf_r
                0x000052bc       0x50 c:/siliconlabs/simplicitystudio/v4/developer/toolchains/gnu_arm/7.2_2017q4/bin/../lib/gcc/arm-none-eabi/7.2.1/../../../../arm-none-eabi/lib/thumb/v6-m\libc_nano.a(lib_a-makebuf.o)
                0x000052bc                __swhatbuf_r
 .text.__smakebuf_r
                0x0000530c       0x88 c:/siliconlabs/simplicitystudio/v4/developer/toolchains/gnu_arm/7.2_2017q4/bin/../lib/gcc/arm-none-eabi/7.2.1/../../../../arm-none-eabi/lib/thumb/v6-m\libc_nano.a(lib_a-makebuf.o)
                0x0000530c                __smakebuf_r
 .text.malloc   0x00005394       0x14 c:/siliconlabs/simplicitystudio/v4/developer/toolchains/gnu_arm/7.2_2017q4/bin/../lib/gcc/arm-none-eabi/7.2.1/../../../../arm-none-eabi/lib/thumb/v6-m\libc_nano.a(lib_a-malloc.o)
                0x00005394                malloc
 .text._free_r  0x000053a8       0x94 c:/siliconlabs/simplicitystudio/v4/developer/toolchains/gnu_arm/7.2_2017q4/bin/../lib/gcc/arm-none-eabi/7.2.1/../../../../arm-none-eabi/lib/thumb/v6-m\libc_nano.a(lib_a-nano-freer.o)
                0x000053a8                _free_r
 .text._malloc_r
                0x0000543c       0xbc c:/siliconlabs/simplicitystudio/v4/developer/toolchains/gnu_arm/7.2_2017q4/bin/../lib/gcc/arm-none-eabi/7.2.1/../../../../arm-none-eabi/lib/thumb/v6-m\libc_nano.a(lib_a-nano-mallocr.o)
                0x0000543c                _malloc_r
 .text.__sfputc_r
                0x000054f8       0x2a c:/siliconlabs/simplicitystudio/v4/developer/toolchains/gnu_arm/7.2_2017q4/bin/../lib/gcc/arm-none-eabi/7.2.1/../../../../arm-none-eabi/lib/thumb/v6-m\libc_nano.a(lib_a-nano-vfprintf.o)
 .text.__sfputs_r
                0x00005522       0x24 c:/siliconlabs/simplicitystudio/v4/developer/toolchains/gnu_arm/7.2_2017q4/bin/../lib/gcc/arm-none-eabi/7.2.1/../../../../arm-none-eabi/lib/thumb/v6-m\libc_nano.a(lib_a-nano-vfprintf.o)
                0x00005522                __sfputs_r
 *fill*         0x00005546        0x2 
 .text._vfprintf_r
                0x00005548      0x22c c:/siliconlabs/simplicitystudio/v4/developer/toolchains/gnu_arm/7.2_2017q4/bin/../lib/gcc/arm-none-eabi/7.2.1/../../../../arm-none-eabi/lib/thumb/v6-m\libc_nano.a(lib_a-nano-vfprintf.o)
                0x00005548                _vfprintf_r
                0x00005548                _vfiprintf_r
 .text._printf_common
                0x00005774       0xda c:/siliconlabs/simplicitystudio/v4/developer/toolchains/gnu_arm/7.2_2017q4/bin/../lib/gcc/arm-none-eabi/7.2.1/../../../../arm-none-eabi/lib/thumb/v6-m\libc_nano.a(lib_a-nano-vfprintf_i.o)
                0x00005774                _printf_common
 *fill*         0x0000584e        0x2 
 .text._printf_i
                0x00005850      0x210 c:/siliconlabs/simplicitystudio/v4/developer/toolchains/gnu_arm/7.2_2017q4/bin/../lib/gcc/arm-none-eabi/7.2.1/../../../../arm-none-eabi/lib/thumb/v6-m\libc_nano.a(lib_a-nano-vfprintf_i.o)
                0x00005850                _printf_i
 .text._sbrk_r  0x00005a60       0x24 c:/siliconlabs/simplicitystudio/v4/developer/toolchains/gnu_arm/7.2_2017q4/bin/../lib/gcc/arm-none-eabi/7.2.1/../../../../arm-none-eabi/lib/thumb/v6-m\libc_nano.a(lib_a-sbrkr.o)
                0x00005a60                _sbrk_r
 .text.__sread  0x00005a84       0x28 c:/siliconlabs/simplicitystudio/v4/developer/toolchains/gnu_arm/7.2_2017q4/bin/../lib/gcc/arm-none-eabi/7.2.1/../../../../arm-none-eabi/lib/thumb/v6-m\libc_nano.a(lib_a-stdio.o)
                0x00005a84                __sread
 .text.__swrite
                0x00005aac       0x38 c:/siliconlabs/simplicitystudio/v4/developer/toolchains/gnu_arm/7.2_2017q4/bin/../lib/gcc/arm-none-eabi/7.2.1/../../../../arm-none-eabi/lib/thumb/v6-m\libc_nano.a(lib_a-stdio.o)
                0x00005aac                __swrite
 .text.__sseek  0x00005ae4       0x2c c:/siliconlabs/simplicitystudio/v4/developer/toolchains/gnu_arm/7.2_2017q4/bin/../lib/gcc/arm-none-eabi/7.2.1/../../../../arm-none-eabi/lib/thumb/v6-m\libc_nano.a(lib_a-stdio.o)
                0x00005ae4                __sseek
 .text.__sclose
                0x00005b10        0xc c:/siliconlabs/simplicitystudio/v4/developer/toolchains/gnu_arm/7.2_2017q4/bin/../lib/gcc/arm-none-eabi/7.2.1/../../../../arm-none-eabi/lib/thumb/v6-m\libc_nano.a(lib_a-stdio.o)
                0x00005b10                __sclose
 .text.__swbuf_r
                0x00005b1c       0xac c:/siliconlabs/simplicitystudio/v4/developer/toolchains/gnu_arm/7.2_2017q4/bin/../lib/gcc/arm-none-eabi/7.2.1/../../../../arm-none-eabi/lib/thumb/v6-m\libc_nano.a(lib_a-wbuf.o)
                0x00005b1c                __swbuf_r
 .text._write_r
                0x00005bc8       0x28 c:/siliconlabs/simplicitystudio/v4/developer/toolchains/gnu_arm/7.2_2017q4/bin/../lib/gcc/arm-none-eabi/7.2.1/../../../../arm-none-eabi/lib/thumb/v6-m\libc_nano.a(lib_a-writer.o)
                0x00005bc8                _write_r
 .text.__swsetup_r
                0x00005bf0       0xec c:/siliconlabs/simplicitystudio/v4/developer/toolchains/gnu_arm/7.2_2017q4/bin/../lib/gcc/arm-none-eabi/7.2.1/../../../../arm-none-eabi/lib/thumb/v6-m\libc_nano.a(lib_a-wsetup.o)
                0x00005bf0                __swsetup_r
 .text._close_r
                0x00005cdc       0x24 c:/siliconlabs/simplicitystudio/v4/developer/toolchains/gnu_arm/7.2_2017q4/bin/../lib/gcc/arm-none-eabi/7.2.1/../../../../arm-none-eabi/lib/thumb/v6-m\libc_nano.a(lib_a-closer.o)
                0x00005cdc                _close_r
 .text._fstat_r
                0x00005d00       0x24 c:/siliconlabs/simplicitystudio/v4/developer/toolchains/gnu_arm/7.2_2017q4/bin/../lib/gcc/arm-none-eabi/7.2.1/../../../../arm-none-eabi/lib/thumb/v6-m\libc_nano.a(lib_a-fstatr.o)
                0x00005d00                _fstat_r
 .text._isatty_r
                0x00005d24       0x24 c:/siliconlabs/simplicitystudio/v4/developer/toolchains/gnu_arm/7.2_2017q4/bin/../lib/gcc/arm-none-eabi/7.2.1/../../../../arm-none-eabi/lib/thumb/v6-m\libc_nano.a(lib_a-isattyr.o)
                0x00005d24                _isatty_r
 .text._lseek_r
                0x00005d48       0x28 c:/siliconlabs/simplicitystudio/v4/developer/toolchains/gnu_arm/7.2_2017q4/bin/../lib/gcc/arm-none-eabi/7.2.1/../../../../arm-none-eabi/lib/thumb/v6-m\libc_nano.a(lib_a-lseekr.o)
                0x00005d48                _lseek_r
 .text.memchr   0x00005d70       0x16 c:/siliconlabs/simplicitystudio/v4/developer/toolchains/gnu_arm/7.2_2017q4/bin/../lib/gcc/arm-none-eabi/7.2.1/../../../../arm-none-eabi/lib/thumb/v6-m\libc_nano.a(lib_a-memchr-stub.o)
                0x00005d70                memchr
 .text.__malloc_lock
                0x00005d86        0x2 c:/siliconlabs/simplicitystudio/v4/developer/toolchains/gnu_arm/7.2_2017q4/bin/../lib/gcc/arm-none-eabi/7.2.1/../../../../arm-none-eabi/lib/thumb/v6-m\libc_nano.a(lib_a-mlock.o)
                0x00005d86                __malloc_lock
 .text.__malloc_unlock
                0x00005d88        0x2 c:/siliconlabs/simplicitystudio/v4/developer/toolchains/gnu_arm/7.2_2017q4/bin/../lib/gcc/arm-none-eabi/7.2.1/../../../../arm-none-eabi/lib/thumb/v6-m\libc_nano.a(lib_a-mlock.o)
                0x00005d88                __malloc_unlock
 *fill*         0x00005d8a        0x2 
 .text._read_r  0x00005d8c       0x28 c:/siliconlabs/simplicitystudio/v4/developer/toolchains/gnu_arm/7.2_2017q4/bin/../lib/gcc/arm-none-eabi/7.2.1/../../../../arm-none-eabi/lib/thumb/v6-m\libc_nano.a(lib_a-readr.o)
                0x00005d8c                _read_r
 *(.init)
 .init          0x00005db4        0x4 c:/siliconlabs/simplicitystudio/v4/developer/toolchains/gnu_arm/7.2_2017q4/bin/../lib/gcc/arm-none-eabi/7.2.1/thumb/v6-m/crti.o
                0x00005db4                _init
 .init          0x00005db8        0x8 c:/siliconlabs/simplicitystudio/v4/developer/toolchains/gnu_arm/7.2_2017q4/bin/../lib/gcc/arm-none-eabi/7.2.1/thumb/v6-m/crtn.o
 *(.fini)
 .fini          0x00005dc0        0x4 c:/siliconlabs/simplicitystudio/v4/developer/toolchains/gnu_arm/7.2_2017q4/bin/../lib/gcc/arm-none-eabi/7.2.1/thumb/v6-m/crti.o
                0x00005dc0                _fini
 .fini          0x00005dc4        0x8 c:/siliconlabs/simplicitystudio/v4/developer/toolchains/gnu_arm/7.2_2017q4/bin/../lib/gcc/arm-none-eabi/7.2.1/thumb/v6-m/crtn.o
 *crtbegin.o(.ctors)
 *crtbegin?.o(.ctors)
 *(EXCLUDE_FILE(*crtend.o *crtend?.o) .ctors)
 *(SORT_BY_NAME(.ctors.*))
 *(.ctors)
 *crtbegin.o(.dtors)
 *crtbegin?.o(.dtors)
 *(EXCLUDE_FILE(*crtend.o *crtend?.o) .dtors)
 *(SORT_BY_NAME(.dtors.*))
 *(.dtors)
 *(.rodata*)
 .rodata        0x00005dcc       0x64 ./BSP/bsp_stk_leds.o
 .rodata.ledArray
                0x00005e30       0x10 ./BSP/bsp_stk_leds.o
 .rodata        0x00005e40       0x15 ./Drivers/displayls013b7dh03.o
 *fill*         0x00005e55        0x3 
 .rodata        0x00005e58       0x7f ./Drivers/displaypalemlib.o
 *fill*         0x00005ed7        0x1 
 .rodata.chars_6x8_bits
                0x00005ed8      0x320 ./Drivers/textdisplay.o
 .rodata        0x000061f8        0x3 ./Drivers/udelay.o
 *fill*         0x000061fb        0x1 
 .rodata        0x000061fc       0x64 ./emlib/em_acmp.o
 .rodata        0x00006260      0x12f ./emlib/em_cmu.o
 *fill*         0x0000638f        0x1 
 .rodata.CMU_ClockDivGet
                0x00006390       0x28 ./emlib/em_cmu.o
 .rodata.CMU_ClockDivSet
                0x000063b8       0x28 ./emlib/em_cmu.o
 .rodata.CMU_ClockEnable
                0x000063e0       0x2c ./emlib/em_cmu.o
 .rodata.CMU_ClockSelectSet
                0x0000640c       0x58 ./emlib/em_cmu.o
 .rodata.CMU_OscillatorEnable
                0x00006464       0x14 ./emlib/em_cmu.o
 .rodata        0x00006478       0x12 ./emlib/em_dma.o
 *fill*         0x0000648a        0x2 
 .rodata        0x0000648c       0xc8 ./emlib/em_gpio.o
 .rodata        0x00006554       0x63 ./emlib/em_prs.o
 *fill*         0x000065b7        0x1 
 .rodata        0x000065b8       0x63 ./emlib/em_rtc.o
 *fill*         0x0000661b        0x1 
 .rodata        0x0000661c       0x14 ./emlib/em_timer.o
 .rodata        0x00006630       0x65 ./emlib/em_usart.o
 *fill*         0x00006695        0x3 
 .rodata        0x00006698       0x2c ./src/capsense_touch3.o
 .rodata        0x000066c4       0xd7 ./src/menu.o
 *fill*         0x0000679b        0x1 
 .rodata.Menu   0x0000679c       0x14 ./src/menu.o
 .rodata        0x000067b0       0xb2 ./src/problema1.o
 *fill*         0x00006862        0x2 
 .rodata        0x00006864       0x8e ./src/problema2.o
 *fill*         0x000068f2        0x2 
 .rodata        0x000068f4       0x7f ./src/problema3.o
 *fill*         0x00006973        0x1 
 .rodata._global_impure_ptr
                0x00006974        0x4 c:/siliconlabs/simplicitystudio/v4/developer/toolchains/gnu_arm/7.2_2017q4/bin/../lib/gcc/arm-none-eabi/7.2.1/../../../../arm-none-eabi/lib/thumb/v6-m\libc_nano.a(lib_a-impure.o)
                0x00006974                _global_impure_ptr
 .rodata._setlocale_r.str1.1
                0x00006978        0x8 c:/siliconlabs/simplicitystudio/v4/developer/toolchains/gnu_arm/7.2_2017q4/bin/../lib/gcc/arm-none-eabi/7.2.1/../../../../arm-none-eabi/lib/thumb/v6-m\libc_nano.a(lib_a-locale.o)
                                  0x9 (size before relaxing)
 .rodata.str1.1
                0x00006980        0x2 c:/siliconlabs/simplicitystudio/v4/developer/toolchains/gnu_arm/7.2_2017q4/bin/../lib/gcc/arm-none-eabi/7.2.1/../../../../arm-none-eabi/lib/thumb/v6-m\libc_nano.a(lib_a-locale.o)
 .rodata._ctype_
                0x00006982      0x101 c:/siliconlabs/simplicitystudio/v4/developer/toolchains/gnu_arm/7.2_2017q4/bin/../lib/gcc/arm-none-eabi/7.2.1/../../../../arm-none-eabi/lib/thumb/v6-m\libc_nano.a(lib_a-ctype_.o)
                0x00006982                _ctype_
 *fill*         0x00006a83        0x1 
 .rodata.__sf_fake_stderr
                0x00006a84       0x20 c:/siliconlabs/simplicitystudio/v4/developer/toolchains/gnu_arm/7.2_2017q4/bin/../lib/gcc/arm-none-eabi/7.2.1/../../../../arm-none-eabi/lib/thumb/v6-m\libc_nano.a(lib_a-findfp.o)
                0x00006a84                __sf_fake_stderr
 .rodata.__sf_fake_stdin
                0x00006aa4       0x20 c:/siliconlabs/simplicitystudio/v4/developer/toolchains/gnu_arm/7.2_2017q4/bin/../lib/gcc/arm-none-eabi/7.2.1/../../../../arm-none-eabi/lib/thumb/v6-m\libc_nano.a(lib_a-findfp.o)
                0x00006aa4                __sf_fake_stdin
 .rodata.__sf_fake_stdout
                0x00006ac4       0x20 c:/siliconlabs/simplicitystudio/v4/developer/toolchains/gnu_arm/7.2_2017q4/bin/../lib/gcc/arm-none-eabi/7.2.1/../../../../arm-none-eabi/lib/thumb/v6-m\libc_nano.a(lib_a-findfp.o)
                0x00006ac4                __sf_fake_stdout
 .rodata._vfprintf_r.str1.1
                0x00006ae4       0x11 c:/siliconlabs/simplicitystudio/v4/developer/toolchains/gnu_arm/7.2_2017q4/bin/../lib/gcc/arm-none-eabi/7.2.1/../../../../arm-none-eabi/lib/thumb/v6-m\libc_nano.a(lib_a-nano-vfprintf.o)
 .rodata._printf_i.str1.1
                0x00006af5       0x22 c:/siliconlabs/simplicitystudio/v4/developer/toolchains/gnu_arm/7.2_2017q4/bin/../lib/gcc/arm-none-eabi/7.2.1/../../../../arm-none-eabi/lib/thumb/v6-m\libc_nano.a(lib_a-nano-vfprintf_i.o)
 *(.eh_frame*)
 *fill*         0x00006b17        0x1 
 .eh_frame      0x00006b18        0x0 c:/siliconlabs/simplicitystudio/v4/developer/toolchains/gnu_arm/7.2_2017q4/bin/../lib/gcc/arm-none-eabi/7.2.1/thumb/v6-m/crtbegin.o
 .eh_frame      0x00006b18        0x4 c:/siliconlabs/simplicitystudio/v4/developer/toolchains/gnu_arm/7.2_2017q4/bin/../lib/gcc/arm-none-eabi/7.2.1/thumb/v6-m/crtend.o

.glue_7         0x00006b1c        0x0
 .glue_7        0x00006b1c        0x0 linker stubs

.glue_7t        0x00006b1c        0x0
 .glue_7t       0x00006b1c        0x0 linker stubs

.vfp11_veneer   0x00006b1c        0x0
 .vfp11_veneer  0x00006b1c        0x0 linker stubs

.v4_bx          0x00006b1c        0x0
 .v4_bx         0x00006b1c        0x0 linker stubs

.iplt           0x00006b1c        0x0
 .iplt          0x00006b1c        0x0 c:/siliconlabs/simplicitystudio/v4/developer/toolchains/gnu_arm/7.2_2017q4/bin/../lib/gcc/arm-none-eabi/7.2.1/thumb/v6-m/crtbegin.o

.ARM.extab
 *(.ARM.extab* .gnu.linkonce.armextab.*)
                0x00006b1c                __exidx_start = .

.ARM.exidx      0x00006b1c        0x8
 *(.ARM.exidx* .gnu.linkonce.armexidx.*)
 .ARM.exidx     0x00006b1c        0x8 c:/siliconlabs/simplicitystudio/v4/developer/toolchains/gnu_arm/7.2_2017q4/bin/../lib/gcc/arm-none-eabi/7.2.1/../../../../arm-none-eabi/lib/thumb/v6-m/crt0.o
                0x00006b24                __exidx_end = .
                0x00006b24                __etext = .

.rel.dyn        0x00006b24        0x0
 .rel.iplt      0x00006b24        0x0 c:/siliconlabs/simplicitystudio/v4/developer/toolchains/gnu_arm/7.2_2017q4/bin/../lib/gcc/arm-none-eabi/7.2.1/thumb/v6-m/crtbegin.o

.data           0x20000000      0x228 load address 0x00006b24
                0x20000000                __data_start__ = .
 *(vtable)
 *(.data*)
 .data.SystemHFXOClock
                0x20000000        0x4 ./CMSIS/EFM32ZG/system_efm32zg.o
 .data.SystemLFXOClock
                0x20000004        0x4 ./CMSIS/EFM32ZG/system_efm32zg.o
 .data.SystemCoreClock
                0x20000008        0x4 ./CMSIS/EFM32ZG/system_efm32zg.o
                0x20000008                SystemCoreClock
 .data.pDisplayDeviceDriverInitFunctions
                0x2000000c        0x8 ./Drivers/display.o
 .data.pixelMatrixPool
                0x20000014        0x4 ./Drivers/displayls013b7dh03.o
 .data.charBufferTbl
                0x20000018       0x10 ./Drivers/textdisplay.o
 .data.loops_per_jiffy
                0x20000028        0x4 ./Drivers/udelay.o
                0x20000028                loops_per_jiffy
 .data.channelMaxValues
                0x2000002c       0x14 ./src/capsense_touch3.o
 .data.arrow    0x20000040        0x4 ./src/menu.o
                0x20000040                arrow
 .data.pressed_btn0
                0x20000044        0x1 ./src/problema1.o
                0x20000044                pressed_btn0
 .data.pressed_btn1
                0x20000045        0x1 ./src/problema1.o
                0x20000045                pressed_btn1
 .data.past_button0_state
                0x20000046        0x1 ./src/problema1.o
                0x20000046                past_button0_state
 .data.past_button1_state
                0x20000047        0x1 ./src/problema1.o
                0x20000047                past_button1_state
 .data.problema1_show
                0x20000048        0x1 ./src/problema1.o
                0x20000048                problema1_show
 .data.problema2_show
                0x20000049        0x1 ./src/problema2.o
                0x20000049                problema2_show
 *fill*         0x2000004a        0x2 
 .data.i_step   0x2000004c        0x4 ./src/problema2.o
                0x2000004c                i_step
 .data._impure_ptr
                0x20000050        0x4 c:/siliconlabs/simplicitystudio/v4/developer/toolchains/gnu_arm/7.2_2017q4/bin/../lib/gcc/arm-none-eabi/7.2.1/../../../../arm-none-eabi/lib/thumb/v6-m\libc_nano.a(lib_a-impure.o)
                0x20000050                _impure_ptr
 .data.impure_data
                0x20000054       0x60 c:/siliconlabs/simplicitystudio/v4/developer/toolchains/gnu_arm/7.2_2017q4/bin/../lib/gcc/arm-none-eabi/7.2.1/../../../../arm-none-eabi/lib/thumb/v6-m\libc_nano.a(lib_a-impure.o)
 .data.__global_locale
                0x200000b4      0x16c c:/siliconlabs/simplicitystudio/v4/developer/toolchains/gnu_arm/7.2_2017q4/bin/../lib/gcc/arm-none-eabi/7.2.1/../../../../arm-none-eabi/lib/thumb/v6-m\libc_nano.a(lib_a-locale.o)
                0x200000b4                __global_locale
                0x20000220                . = ALIGN (0x4)
                [!provide]                PROVIDE (__ram_func_section_start, .)
 *(.ram)
                [!provide]                PROVIDE (__ram_func_section_end, .)
                0x20000220                . = ALIGN (0x4)
                0x20000220                PROVIDE (__preinit_array_start, .)
 *(.preinit_array)
                0x20000220                PROVIDE (__preinit_array_end, .)
                0x20000220                . = ALIGN (0x4)
                0x20000220                PROVIDE (__init_array_start, .)
 *(SORT_BY_NAME(.init_array.*))
 *(.init_array)
 .init_array    0x20000220        0x4 c:/siliconlabs/simplicitystudio/v4/developer/toolchains/gnu_arm/7.2_2017q4/bin/../lib/gcc/arm-none-eabi/7.2.1/thumb/v6-m/crtbegin.o
                0x20000224                PROVIDE (__init_array_end, .)
                0x20000224                . = ALIGN (0x4)
                [!provide]                PROVIDE (__fini_array_start, .)
 *(SORT_BY_NAME(.fini_array.*))
 *(.fini_array)
 .fini_array    0x20000224        0x4 c:/siliconlabs/simplicitystudio/v4/developer/toolchains/gnu_arm/7.2_2017q4/bin/../lib/gcc/arm-none-eabi/7.2.1/thumb/v6-m/crtbegin.o
                [!provide]                PROVIDE (__fini_array_end, .)
 *(.jcr*)
                0x20000228                . = ALIGN (0x4)
                0x20000228                __data_end__ = .

.igot.plt       0x20000228        0x0 load address 0x00006d4c
 .igot.plt      0x20000228        0x0 c:/siliconlabs/simplicitystudio/v4/developer/toolchains/gnu_arm/7.2_2017q4/bin/../lib/gcc/arm-none-eabi/7.2.1/thumb/v6-m/crtbegin.o

.bss            0x20000280      0x850 load address 0x00006e00
                0x20000280                . = ALIGN (0x4)
                0x20000280                __bss_start__ = .
 *(.bss*)
 .bss           0x20000280       0x1c c:/siliconlabs/simplicitystudio/v4/developer/toolchains/gnu_arm/7.2_2017q4/bin/../lib/gcc/arm-none-eabi/7.2.1/thumb/v6-m/crtbegin.o
 .bss.deviceTable
                0x2000029c       0x2c ./Drivers/display.o
 .bss.moduleInitialized
                0x200002c8        0x1 ./Drivers/display.o
 *fill*         0x200002c9        0x3 
 .bss.devicesRegistered
                0x200002cc        0x4 ./Drivers/display.o
 .bss.lcdPolarity
                0x200002d0        0x1 ./Drivers/displayls013b7dh03.o
 *fill*         0x200002d1        0x3 
 .bss.pixelMatrixPoolBase
                0x200002d4       0x80 ./Drivers/displayls013b7dh03.o
 .bss.heap_end.8288
                0x20000354        0x4 ./Drivers/retargetio.o
 .bss.textDisplayHandle
                0x20000358        0x4 ./Drivers/retargettextdisplay.o
                0x20000358                textDisplayHandle
 .bss.textdisplayTbl
                0x2000035c       0x58 ./Drivers/textdisplay.o
 .bss.currentChannel
                0x200003b4        0x1 ./src/capsense_touch3.o
 *fill*         0x200003b5        0x3 
 .bss.channelValues
                0x200003b8       0x14 ./src/capsense_touch3.o
 .bss.msTicks   0x200003cc        0x4 ./src/main.o
 .bss.capsenseUpdateCount
                0x200003d0        0x4 ./src/main.o
 .bss.count_btn0
                0x200003d4        0x4 ./src/problema1.o
                0x200003d4                count_btn0
 .bss.count_btn1
                0x200003d8        0x4 ./src/problema1.o
                0x200003d8                count_btn1
 .bss.blink_led0_count
                0x200003dc        0x4 ./src/problema1.o
                0x200003dc                blink_led0_count
 .bss.blink_led1_count
                0x200003e0        0x4 ./src/problema1.o
                0x200003e0                blink_led1_count
 .bss.count_time
                0x200003e4        0x4 ./src/problema1.o
                0x200003e4                count_time
 .bss.blink_state0_show
                0x200003e8        0x4 ./src/problema1.o
                0x200003e8                blink_state0_show
 .bss.blink_state1_show
                0x200003ec        0x4 ./src/problema1.o
                0x200003ec                blink_state1_show
 .bss.blink_state0
                0x200003f0        0x4 ./src/problema1.o
                0x200003f0                blink_state0
 .bss.blink_state1
                0x200003f4        0x4 ./src/problema1.o
                0x200003f4                blink_state1
 .bss.intensity
                0x200003f8        0x4 ./src/problema2.o
                0x200003f8                intensity
 .bss.test      0x200003fc        0x4 ./src/problema3.o
                0x200003fc                test
 .bss.index     0x20000400        0x4 ./src/problema3.o
                0x20000400                index
 .bss.__malloc_free_list
                0x20000404        0x4 c:/siliconlabs/simplicitystudio/v4/developer/toolchains/gnu_arm/7.2_2017q4/bin/../lib/gcc/arm-none-eabi/7.2.1/../../../../arm-none-eabi/lib/thumb/v6-m\libc_nano.a(lib_a-nano-mallocr.o)
                0x20000404                __malloc_free_list
 .bss.__malloc_sbrk_start
                0x20000408        0x4 c:/siliconlabs/simplicitystudio/v4/developer/toolchains/gnu_arm/7.2_2017q4/bin/../lib/gcc/arm-none-eabi/7.2.1/../../../../arm-none-eabi/lib/thumb/v6-m\libc_nano.a(lib_a-nano-mallocr.o)
                0x20000408                __malloc_sbrk_start
 *(COMMON)
 *fill*         0x2000040c       0x74 
 COMMON         0x20000480       0x80 ./Drivers/dmactrl.o
                0x20000480                dmaControlBlock
 COMMON         0x20000500      0x190 ./Drivers/textdisplay.o
                0x20000500                charBufferDevice0
                0x20000650                charArrayDevice0
 COMMON         0x20000690       0x14 ./src/main.o
                0x20000690                live_button0_state
                0x20000691                past_cap0_state
                0x20000692                state
                0x20000693                live_cap0_state
                0x20000694                live_cap1_state
                0x20000695                past_cap1_state
                0x20000696                live_button1_state
                0x20000697                problema2_state
                0x20000698                dmaCallBack
 COMMON         0x200006a4      0x426 ./src/problema3.o
                0x200006a4                LED_Data
                0x20000764                buffer
                0x20000ac8                color
 *fill*         0x20000aca        0x2 
 COMMON         0x20000acc        0x4 c:/siliconlabs/simplicitystudio/v4/developer/toolchains/gnu_arm/7.2_2017q4/bin/../lib/gcc/arm-none-eabi/7.2.1/../../../../arm-none-eabi/lib/thumb/v6-m\libc_nano.a(lib_a-reent.o)
                0x20000acc                errno
                0x20000ad0                . = ALIGN (0x4)
                0x20000ad0                __bss_end__ = .

.heap           0x20000ad0        0x0
                0x20000ad0                __HeapBase = .
                0x20000ad0                __end__ = .
                0x20000ad0                end = __end__
                0x20000ad0                _end = __end__
 *(.heap*)
 .heap          0x20000ad0        0x0 ./CMSIS/EFM32ZG/startup_efm32zg.o
                0x20000ad0                __HeapLimit = .

.stack_dummy    0x20000ad0      0x400
 *(.stack*)
 .stack         0x20000ad0      0x400 ./CMSIS/EFM32ZG/startup_efm32zg.o
                0x20001000                __StackTop = (ORIGIN (RAM) + LENGTH (RAM))
                0x20000c00                __StackLimit = (__StackTop - SIZEOF (.stack_dummy))
                0x20001000                PROVIDE (__stack, __StackTop)
                0x00000001                ASSERT ((__StackLimit >= __HeapLimit), region RAM overflowed with stack)
                0x00000001                ASSERT ((LENGTH (FLASH) >= (__etext + SIZEOF (.data))), FLASH memory overflowed !)
OUTPUT(Copy of Copy of STK3200_touch_3.axf elf32-littlearm)

.ARM.attributes
                0x00000000       0x28
 .ARM.attributes
                0x00000000       0x1e c:/siliconlabs/simplicitystudio/v4/developer/toolchains/gnu_arm/7.2_2017q4/bin/../lib/gcc/arm-none-eabi/7.2.1/thumb/v6-m/crti.o
 .ARM.attributes
                0x0000001e       0x2c c:/siliconlabs/simplicitystudio/v4/developer/toolchains/gnu_arm/7.2_2017q4/bin/../lib/gcc/arm-none-eabi/7.2.1/thumb/v6-m/crtbegin.o
 .ARM.attributes
                0x0000004a       0x1b c:/siliconlabs/simplicitystudio/v4/developer/toolchains/gnu_arm/7.2_2017q4/bin/../lib/gcc/arm-none-eabi/7.2.1/../../../../arm-none-eabi/lib/thumb/v6-m/crt0.o
 .ARM.attributes
                0x00000065       0x32 ./BSP/bsp_stk_leds.o
 .ARM.attributes
                0x00000097       0x1b ./CMSIS/EFM32ZG/startup_efm32zg.o
 .ARM.attributes
                0x000000b2       0x32 ./CMSIS/EFM32ZG/system_efm32zg.o
 .ARM.attributes
                0x000000e4       0x32 ./Drivers/display.o
 .ARM.attributes
                0x00000116       0x32 ./Drivers/displayls013b7dh03.o
 .ARM.attributes
                0x00000148       0x32 ./Drivers/displaypalemlib.o
 .ARM.attributes
                0x0000017a       0x32 ./Drivers/dmactrl.o
 .ARM.attributes
                0x000001ac       0x32 ./Drivers/retargetio.o
 .ARM.attributes
                0x000001de       0x32 ./Drivers/retargettextdisplay.o
 .ARM.attributes
                0x00000210       0x32 ./Drivers/textdisplay.o
 .ARM.attributes
                0x00000242       0x2b ./Drivers/udelay.o
 .ARM.attributes
                0x0000026d       0x32 ./emlib/em_acmp.o
 .ARM.attributes
                0x0000029f       0x32 ./emlib/em_assert.o
 .ARM.attributes
                0x000002d1       0x32 ./emlib/em_cmu.o
 .ARM.attributes
                0x00000303       0x32 ./emlib/em_core.o
 .ARM.attributes
                0x00000335       0x32 ./emlib/em_dma.o
 .ARM.attributes
                0x00000367       0x32 ./emlib/em_gpio.o
 .ARM.attributes
                0x00000399       0x32 ./emlib/em_prs.o
 .ARM.attributes
                0x000003cb       0x32 ./emlib/em_rtc.o
 .ARM.attributes
                0x000003fd       0x32 ./emlib/em_timer.o
 .ARM.attributes
                0x0000042f       0x32 ./emlib/em_usart.o
 .ARM.attributes
                0x00000461       0x32 ./src/capsense_touch3.o
 .ARM.attributes
                0x00000493       0x32 ./src/main.o
 .ARM.attributes
                0x000004c5       0x32 ./src/menu.o
 .ARM.attributes
                0x000004f7       0x32 ./src/problema1.o
 .ARM.attributes
                0x00000529       0x32 ./src/problema2.o
 .ARM.attributes
                0x0000055b       0x32 ./src/problema3.o
 .ARM.attributes
                0x0000058d       0x1e c:/siliconlabs/simplicitystudio/v4/developer/toolchains/gnu_arm/7.2_2017q4/bin/../lib/gcc/arm-none-eabi/7.2.1/thumb/v6-m\libgcc.a(_udivsi3.o)
 .ARM.attributes
                0x000005ab       0x1e c:/siliconlabs/simplicitystudio/v4/developer/toolchains/gnu_arm/7.2_2017q4/bin/../lib/gcc/arm-none-eabi/7.2.1/thumb/v6-m\libgcc.a(_dvmd_tls.o)
 .ARM.attributes
                0x000005c9       0x1e c:/siliconlabs/simplicitystudio/v4/developer/toolchains/gnu_arm/7.2_2017q4/bin/../lib/gcc/arm-none-eabi/7.2.1/thumb/v6-m\libgcc.a(_clzsi2.o)
 .ARM.attributes
                0x000005e7       0x2c c:/siliconlabs/simplicitystudio/v4/developer/toolchains/gnu_arm/7.2_2017q4/bin/../lib/gcc/arm-none-eabi/7.2.1/../../../../arm-none-eabi/lib/thumb/v6-m\libc_nano.a(lib_a-exit.o)
 .ARM.attributes
                0x00000613       0x2c c:/siliconlabs/simplicitystudio/v4/developer/toolchains/gnu_arm/7.2_2017q4/bin/../lib/gcc/arm-none-eabi/7.2.1/../../../../arm-none-eabi/lib/thumb/v6-m\libc_nano.a(lib_a-impure.o)
 .ARM.attributes
                0x0000063f       0x2c c:/siliconlabs/simplicitystudio/v4/developer/toolchains/gnu_arm/7.2_2017q4/bin/../lib/gcc/arm-none-eabi/7.2.1/../../../../arm-none-eabi/lib/thumb/v6-m\libc_nano.a(lib_a-init.o)
 .ARM.attributes
                0x0000066b       0x2c c:/siliconlabs/simplicitystudio/v4/developer/toolchains/gnu_arm/7.2_2017q4/bin/../lib/gcc/arm-none-eabi/7.2.1/../../../../arm-none-eabi/lib/thumb/v6-m\libc_nano.a(lib_a-locale.o)
 .ARM.attributes
                0x00000697       0x2c c:/siliconlabs/simplicitystudio/v4/developer/toolchains/gnu_arm/7.2_2017q4/bin/../lib/gcc/arm-none-eabi/7.2.1/../../../../arm-none-eabi/lib/thumb/v6-m\libc_nano.a(lib_a-mbtowc_r.o)
 .ARM.attributes
                0x000006c3       0x2c c:/siliconlabs/simplicitystudio/v4/developer/toolchains/gnu_arm/7.2_2017q4/bin/../lib/gcc/arm-none-eabi/7.2.1/../../../../arm-none-eabi/lib/thumb/v6-m\libc_nano.a(lib_a-memcpy-stub.o)
 .ARM.attributes
                0x000006ef       0x2c c:/siliconlabs/simplicitystudio/v4/developer/toolchains/gnu_arm/7.2_2017q4/bin/../lib/gcc/arm-none-eabi/7.2.1/../../../../arm-none-eabi/lib/thumb/v6-m\libc_nano.a(lib_a-memset.o)
 .ARM.attributes
                0x0000071b       0x2c c:/siliconlabs/simplicitystudio/v4/developer/toolchains/gnu_arm/7.2_2017q4/bin/../lib/gcc/arm-none-eabi/7.2.1/../../../../arm-none-eabi/lib/thumb/v6-m\libc_nano.a(lib_a-printf.o)
 .ARM.attributes
                0x00000747       0x2c c:/siliconlabs/simplicitystudio/v4/developer/toolchains/gnu_arm/7.2_2017q4/bin/../lib/gcc/arm-none-eabi/7.2.1/../../../../arm-none-eabi/lib/thumb/v6-m\libc_nano.a(lib_a-setvbuf.o)
 .ARM.attributes
                0x00000773       0x2c c:/siliconlabs/simplicitystudio/v4/developer/toolchains/gnu_arm/7.2_2017q4/bin/../lib/gcc/arm-none-eabi/7.2.1/../../../../arm-none-eabi/lib/thumb/v6-m\libc_nano.a(lib_a-wctomb_r.o)
 .ARM.attributes
                0x0000079f       0x2c c:/siliconlabs/simplicitystudio/v4/developer/toolchains/gnu_arm/7.2_2017q4/bin/../lib/gcc/arm-none-eabi/7.2.1/../../../../arm-none-eabi/lib/thumb/v6-m\libc_nano.a(lib_a-ctype_.o)
 .ARM.attributes
                0x000007cb       0x2c c:/siliconlabs/simplicitystudio/v4/developer/toolchains/gnu_arm/7.2_2017q4/bin/../lib/gcc/arm-none-eabi/7.2.1/../../../../arm-none-eabi/lib/thumb/v6-m\libc_nano.a(lib_a-fflush.o)
 .ARM.attributes
                0x000007f7       0x2c c:/siliconlabs/simplicitystudio/v4/developer/toolchains/gnu_arm/7.2_2017q4/bin/../lib/gcc/arm-none-eabi/7.2.1/../../../../arm-none-eabi/lib/thumb/v6-m\libc_nano.a(lib_a-findfp.o)
 .ARM.attributes
                0x00000823       0x2c c:/siliconlabs/simplicitystudio/v4/developer/toolchains/gnu_arm/7.2_2017q4/bin/../lib/gcc/arm-none-eabi/7.2.1/../../../../arm-none-eabi/lib/thumb/v6-m\libc_nano.a(lib_a-fwalk.o)
 .ARM.attributes
                0x0000084f       0x2c c:/siliconlabs/simplicitystudio/v4/developer/toolchains/gnu_arm/7.2_2017q4/bin/../lib/gcc/arm-none-eabi/7.2.1/../../../../arm-none-eabi/lib/thumb/v6-m\libc_nano.a(lib_a-makebuf.o)
 .ARM.attributes
                0x0000087b       0x2c c:/siliconlabs/simplicitystudio/v4/developer/toolchains/gnu_arm/7.2_2017q4/bin/../lib/gcc/arm-none-eabi/7.2.1/../../../../arm-none-eabi/lib/thumb/v6-m\libc_nano.a(lib_a-malloc.o)
 .ARM.attributes
                0x000008a7       0x2c c:/siliconlabs/simplicitystudio/v4/developer/toolchains/gnu_arm/7.2_2017q4/bin/../lib/gcc/arm-none-eabi/7.2.1/../../../../arm-none-eabi/lib/thumb/v6-m\libc_nano.a(lib_a-nano-freer.o)
 .ARM.attributes
                0x000008d3       0x2c c:/siliconlabs/simplicitystudio/v4/developer/toolchains/gnu_arm/7.2_2017q4/bin/../lib/gcc/arm-none-eabi/7.2.1/../../../../arm-none-eabi/lib/thumb/v6-m\libc_nano.a(lib_a-nano-mallocr.o)
 .ARM.attributes
                0x000008ff       0x2c c:/siliconlabs/simplicitystudio/v4/developer/toolchains/gnu_arm/7.2_2017q4/bin/../lib/gcc/arm-none-eabi/7.2.1/../../../../arm-none-eabi/lib/thumb/v6-m\libc_nano.a(lib_a-nano-vfprintf.o)
 .ARM.attributes
                0x0000092b       0x2c c:/siliconlabs/simplicitystudio/v4/developer/toolchains/gnu_arm/7.2_2017q4/bin/../lib/gcc/arm-none-eabi/7.2.1/../../../../arm-none-eabi/lib/thumb/v6-m\libc_nano.a(lib_a-nano-vfprintf_i.o)
 .ARM.attributes
                0x00000957       0x2c c:/siliconlabs/simplicitystudio/v4/developer/toolchains/gnu_arm/7.2_2017q4/bin/../lib/gcc/arm-none-eabi/7.2.1/../../../../arm-none-eabi/lib/thumb/v6-m\libc_nano.a(lib_a-sbrkr.o)
 .ARM.attributes
                0x00000983       0x2c c:/siliconlabs/simplicitystudio/v4/developer/toolchains/gnu_arm/7.2_2017q4/bin/../lib/gcc/arm-none-eabi/7.2.1/../../../../arm-none-eabi/lib/thumb/v6-m\libc_nano.a(lib_a-stdio.o)
 .ARM.attributes
                0x000009af       0x2c c:/siliconlabs/simplicitystudio/v4/developer/toolchains/gnu_arm/7.2_2017q4/bin/../lib/gcc/arm-none-eabi/7.2.1/../../../../arm-none-eabi/lib/thumb/v6-m\libc_nano.a(lib_a-wbuf.o)
 .ARM.attributes
                0x000009db       0x2c c:/siliconlabs/simplicitystudio/v4/developer/toolchains/gnu_arm/7.2_2017q4/bin/../lib/gcc/arm-none-eabi/7.2.1/../../../../arm-none-eabi/lib/thumb/v6-m\libc_nano.a(lib_a-writer.o)
 .ARM.attributes
                0x00000a07       0x2c c:/siliconlabs/simplicitystudio/v4/developer/toolchains/gnu_arm/7.2_2017q4/bin/../lib/gcc/arm-none-eabi/7.2.1/../../../../arm-none-eabi/lib/thumb/v6-m\libc_nano.a(lib_a-wsetup.o)
 .ARM.attributes
                0x00000a33       0x2c c:/siliconlabs/simplicitystudio/v4/developer/toolchains/gnu_arm/7.2_2017q4/bin/../lib/gcc/arm-none-eabi/7.2.1/../../../../arm-none-eabi/lib/thumb/v6-m\libc_nano.a(lib_a-closer.o)
 .ARM.attributes
                0x00000a5f       0x2c c:/siliconlabs/simplicitystudio/v4/developer/toolchains/gnu_arm/7.2_2017q4/bin/../lib/gcc/arm-none-eabi/7.2.1/../../../../arm-none-eabi/lib/thumb/v6-m\libc_nano.a(lib_a-fstatr.o)
 .ARM.attributes
                0x00000a8b       0x2c c:/siliconlabs/simplicitystudio/v4/developer/toolchains/gnu_arm/7.2_2017q4/bin/../lib/gcc/arm-none-eabi/7.2.1/../../../../arm-none-eabi/lib/thumb/v6-m\libc_nano.a(lib_a-isattyr.o)
 .ARM.attributes
                0x00000ab7       0x2c c:/siliconlabs/simplicitystudio/v4/developer/toolchains/gnu_arm/7.2_2017q4/bin/../lib/gcc/arm-none-eabi/7.2.1/../../../../arm-none-eabi/lib/thumb/v6-m\libc_nano.a(lib_a-lseekr.o)
 .ARM.attributes
                0x00000ae3       0x2c c:/siliconlabs/simplicitystudio/v4/developer/toolchains/gnu_arm/7.2_2017q4/bin/../lib/gcc/arm-none-eabi/7.2.1/../../../../arm-none-eabi/lib/thumb/v6-m\libc_nano.a(lib_a-memchr-stub.o)
 .ARM.attributes
                0x00000b0f       0x2c c:/siliconlabs/simplicitystudio/v4/developer/toolchains/gnu_arm/7.2_2017q4/bin/../lib/gcc/arm-none-eabi/7.2.1/../../../../arm-none-eabi/lib/thumb/v6-m\libc_nano.a(lib_a-mlock.o)
 .ARM.attributes
                0x00000b3b       0x2c c:/siliconlabs/simplicitystudio/v4/developer/toolchains/gnu_arm/7.2_2017q4/bin/../lib/gcc/arm-none-eabi/7.2.1/../../../../arm-none-eabi/lib/thumb/v6-m\libc_nano.a(lib_a-readr.o)
 .ARM.attributes
                0x00000b67       0x2c c:/siliconlabs/simplicitystudio/v4/developer/toolchains/gnu_arm/7.2_2017q4/bin/../lib/gcc/arm-none-eabi/7.2.1/../../../../arm-none-eabi/lib/thumb/v6-m\libc_nano.a(lib_a-reent.o)
 .ARM.attributes
                0x00000b93       0x2c c:/siliconlabs/simplicitystudio/v4/developer/toolchains/gnu_arm/7.2_2017q4/bin/../lib/gcc/arm-none-eabi/7.2.1/thumb/v6-m/crtend.o
 .ARM.attributes
                0x00000bbf       0x1e c:/siliconlabs/simplicitystudio/v4/developer/toolchains/gnu_arm/7.2_2017q4/bin/../lib/gcc/arm-none-eabi/7.2.1/thumb/v6-m/crtn.o

.comment        0x00000000       0x7e
 .comment       0x00000000       0x7e ./BSP/bsp_stk_leds.o
                                 0x7f (size before relaxing)
 .comment       0x0000007e       0x7f ./CMSIS/EFM32ZG/system_efm32zg.o
 .comment       0x0000007e       0x7f ./Drivers/display.o
 .comment       0x0000007e       0x7f ./Drivers/displayls013b7dh03.o
 .comment       0x0000007e       0x7f ./Drivers/displaypalemlib.o
 .comment       0x0000007e       0x7f ./Drivers/dmactrl.o
 .comment       0x0000007e       0x7f ./Drivers/retargetio.o
 .comment       0x0000007e       0x7f ./Drivers/retargettextdisplay.o
 .comment       0x0000007e       0x7f ./Drivers/textdisplay.o
 .comment       0x0000007e       0x7f ./Drivers/udelay.o
 .comment       0x0000007e       0x7f ./emlib/em_acmp.o
 .comment       0x0000007e       0x7f ./emlib/em_assert.o
 .comment       0x0000007e       0x7f ./emlib/em_cmu.o
 .comment       0x0000007e       0x7f ./emlib/em_core.o
 .comment       0x0000007e       0x7f ./emlib/em_dma.o
 .comment       0x0000007e       0x7f ./emlib/em_gpio.o
 .comment       0x0000007e       0x7f ./emlib/em_prs.o
 .comment       0x0000007e       0x7f ./emlib/em_rtc.o
 .comment       0x0000007e       0x7f ./emlib/em_timer.o
 .comment       0x0000007e       0x7f ./emlib/em_usart.o
 .comment       0x0000007e       0x7f ./src/capsense_touch3.o
 .comment       0x0000007e       0x7f ./src/main.o
 .comment       0x0000007e       0x7f ./src/menu.o
 .comment       0x0000007e       0x7f ./src/problema1.o
 .comment       0x0000007e       0x7f ./src/problema2.o
 .comment       0x0000007e       0x7f ./src/problema3.o

.debug_info     0x00000000    0x1b56b
 .debug_info    0x00000000     0x1072 ./BSP/bsp_stk_leds.o
 .debug_info    0x00001072       0x26 ./CMSIS/EFM32ZG/startup_efm32zg.o
 .debug_info    0x00001098      0xe29 ./CMSIS/EFM32ZG/system_efm32zg.o
 .debug_info    0x00001ec1      0xd37 ./Drivers/display.o
 .debug_info    0x00002bf8      0xf73 ./Drivers/displayls013b7dh03.o
 .debug_info    0x00003b6b     0x167a ./Drivers/displaypalemlib.o
 .debug_info    0x000051e5      0xa69 ./Drivers/dmactrl.o
 .debug_info    0x00005c4e      0xe55 ./Drivers/retargetio.o
 .debug_info    0x00006aa3      0xcce ./Drivers/retargettextdisplay.o
 .debug_info    0x00007771     0x1266 ./Drivers/textdisplay.o
 .debug_info    0x000089d7     0x11f9 ./Drivers/udelay.o
 .debug_info    0x00009bd0      0xf87 ./emlib/em_acmp.o
 .debug_info    0x0000ab57       0x7e ./emlib/em_assert.o
 .debug_info    0x0000abd5     0x1ac6 ./emlib/em_cmu.o
 .debug_info    0x0000c69b     0x1449 ./emlib/em_core.o
 .debug_info    0x0000dae4     0x1998 ./emlib/em_dma.o
 .debug_info    0x0000f47c      0xfd1 ./emlib/em_gpio.o
 .debug_info    0x0001044d      0xe1e ./emlib/em_prs.o
 .debug_info    0x0001126b      0xc7c ./emlib/em_rtc.o
 .debug_info    0x00011ee7      0xfeb ./emlib/em_timer.o
 .debug_info    0x00012ed2     0x178c ./emlib/em_usart.o
 .debug_info    0x0001465e     0x1240 ./src/capsense_touch3.o
 .debug_info    0x0001589e     0x1413 ./src/main.o
 .debug_info    0x00016cb1      0xf6b ./src/menu.o
 .debug_info    0x00017c1c      0xe8d ./src/problema1.o
 .debug_info    0x00018aa9     0x1208 ./src/problema2.o
 .debug_info    0x00019cb1     0x18ba ./src/problema3.o

.debug_abbrev   0x00000000     0x3fa2
 .debug_abbrev  0x00000000      0x281 ./BSP/bsp_stk_leds.o
 .debug_abbrev  0x00000281       0x14 ./CMSIS/EFM32ZG/startup_efm32zg.o
 .debug_abbrev  0x00000295      0x267 ./CMSIS/EFM32ZG/system_efm32zg.o
 .debug_abbrev  0x000004fc      0x1d3 ./Drivers/display.o
 .debug_abbrev  0x000006cf      0x232 ./Drivers/displayls013b7dh03.o
 .debug_abbrev  0x00000901      0x2a8 ./Drivers/displaypalemlib.o
 .debug_abbrev  0x00000ba9      0x18e ./Drivers/dmactrl.o
 .debug_abbrev  0x00000d37      0x23d ./Drivers/retargetio.o
 .debug_abbrev  0x00000f74      0x200 ./Drivers/retargettextdisplay.o
 .debug_abbrev  0x00001174      0x2b4 ./Drivers/textdisplay.o
 .debug_abbrev  0x00001428      0x2c5 ./Drivers/udelay.o
 .debug_abbrev  0x000016ed      0x25a ./emlib/em_acmp.o
 .debug_abbrev  0x00001947       0x68 ./emlib/em_assert.o
 .debug_abbrev  0x000019af      0x356 ./emlib/em_cmu.o
 .debug_abbrev  0x00001d05      0x30f ./emlib/em_core.o
 .debug_abbrev  0x00002014      0x313 ./emlib/em_dma.o
 .debug_abbrev  0x00002327      0x2a4 ./emlib/em_gpio.o
 .debug_abbrev  0x000025cb      0x299 ./emlib/em_prs.o
 .debug_abbrev  0x00002864      0x272 ./emlib/em_rtc.o
 .debug_abbrev  0x00002ad6      0x264 ./emlib/em_timer.o
 .debug_abbrev  0x00002d3a      0x2b3 ./emlib/em_usart.o
 .debug_abbrev  0x00002fed      0x244 ./src/capsense_touch3.o
 .debug_abbrev  0x00003231      0x2d1 ./src/main.o
 .debug_abbrev  0x00003502      0x2a4 ./src/menu.o
 .debug_abbrev  0x000037a6      0x253 ./src/problema1.o
 .debug_abbrev  0x000039f9      0x26d ./src/problema2.o
 .debug_abbrev  0x00003c66      0x33c ./src/problema3.o

.debug_loc      0x00000000     0x3a0e
 .debug_loc     0x00000000      0x2a0 ./BSP/bsp_stk_leds.o
 .debug_loc     0x000002a0      0x1e8 ./CMSIS/EFM32ZG/system_efm32zg.o
 .debug_loc     0x00000488       0xe0 ./Drivers/display.o
 .debug_loc     0x00000568      0x1c0 ./Drivers/displayls013b7dh03.o
 .debug_loc     0x00000728      0x3f0 ./Drivers/displaypalemlib.o
 .debug_loc     0x00000b18      0x224 ./Drivers/retargetio.o
 .debug_loc     0x00000d3c       0xd6 ./Drivers/retargettextdisplay.o
 .debug_loc     0x00000e12      0x232 ./Drivers/textdisplay.o
 .debug_loc     0x00001044      0x170 ./Drivers/udelay.o
 .debug_loc     0x000011b4      0x230 ./emlib/em_acmp.o
 .debug_loc     0x000013e4       0x38 ./emlib/em_assert.o
 .debug_loc     0x0000141c      0x860 ./emlib/em_cmu.o
 .debug_loc     0x00001c7c      0x574 ./emlib/em_core.o
 .debug_loc     0x000021f0      0x428 ./emlib/em_dma.o
 .debug_loc     0x00002618      0x2a0 ./emlib/em_gpio.o
 .debug_loc     0x000028b8      0x188 ./emlib/em_prs.o
 .debug_loc     0x00002a40      0x1a8 ./emlib/em_rtc.o
 .debug_loc     0x00002be8       0xe0 ./emlib/em_timer.o
 .debug_loc     0x00002cc8      0x50a ./emlib/em_usart.o
 .debug_loc     0x000031d2      0x1c0 ./src/capsense_touch3.o
 .debug_loc     0x00003392      0x12c ./src/main.o
 .debug_loc     0x000034be      0x100 ./src/menu.o
 .debug_loc     0x000035be      0x120 ./src/problema1.o
 .debug_loc     0x000036de      0x138 ./src/problema2.o
 .debug_loc     0x00003816      0x1f8 ./src/problema3.o

.debug_aranges  0x00000000      0xb18
 .debug_aranges
                0x00000000       0x78 ./BSP/bsp_stk_leds.o
 .debug_aranges
                0x00000078       0x20 ./CMSIS/EFM32ZG/startup_efm32zg.o
 .debug_aranges
                0x00000098       0x68 ./CMSIS/EFM32ZG/system_efm32zg.o
 .debug_aranges
                0x00000100       0x38 ./Drivers/display.o
 .debug_aranges
                0x00000138       0x58 ./Drivers/displayls013b7dh03.o
 .debug_aranges
                0x00000190       0xa8 ./Drivers/displaypalemlib.o
 .debug_aranges
                0x00000238       0x18 ./Drivers/dmactrl.o
 .debug_aranges
                0x00000250       0x68 ./Drivers/retargetio.o
 .debug_aranges
                0x000002b8       0x38 ./Drivers/retargettextdisplay.o
 .debug_aranges
                0x000002f0       0x68 ./Drivers/textdisplay.o
 .debug_aranges
                0x00000358       0x50 ./Drivers/udelay.o
 .debug_aranges
                0x000003a8       0x68 ./emlib/em_acmp.o
 .debug_aranges
                0x00000410       0x20 ./emlib/em_assert.o
 .debug_aranges
                0x00000430      0x158 ./emlib/em_cmu.o
 .debug_aranges
                0x00000588       0xe8 ./emlib/em_core.o
 .debug_aranges
                0x00000670       0xb0 ./emlib/em_dma.o
 .debug_aranges
                0x00000720       0x78 ./emlib/em_gpio.o
 .debug_aranges
                0x00000798       0x50 ./emlib/em_prs.o
 .debug_aranges
                0x000007e8       0x58 ./emlib/em_rtc.o
 .debug_aranges
                0x00000840       0x38 ./emlib/em_timer.o
 .debug_aranges
                0x00000878       0xd0 ./emlib/em_usart.o
 .debug_aranges
                0x00000948       0x58 ./src/capsense_touch3.o
 .debug_aranges
                0x000009a0       0x48 ./src/main.o
 .debug_aranges
                0x000009e8       0x40 ./src/menu.o
 .debug_aranges
                0x00000a28       0x48 ./src/problema1.o
 .debug_aranges
                0x00000a70       0x48 ./src/problema2.o
 .debug_aranges
                0x00000ab8       0x60 ./src/problema3.o

.debug_ranges   0x00000000      0x950
 .debug_ranges  0x00000000       0x68 ./BSP/bsp_stk_leds.o
 .debug_ranges  0x00000068       0x58 ./CMSIS/EFM32ZG/system_efm32zg.o
 .debug_ranges  0x000000c0       0x28 ./Drivers/display.o
 .debug_ranges  0x000000e8       0x48 ./Drivers/displayls013b7dh03.o
 .debug_ranges  0x00000130       0x98 ./Drivers/displaypalemlib.o
 .debug_ranges  0x000001c8       0x58 ./Drivers/retargetio.o
 .debug_ranges  0x00000220       0x28 ./Drivers/retargettextdisplay.o
 .debug_ranges  0x00000248       0x58 ./Drivers/textdisplay.o
 .debug_ranges  0x000002a0       0x40 ./Drivers/udelay.o
 .debug_ranges  0x000002e0       0x58 ./emlib/em_acmp.o
 .debug_ranges  0x00000338       0x10 ./emlib/em_assert.o
 .debug_ranges  0x00000348      0x148 ./emlib/em_cmu.o
 .debug_ranges  0x00000490       0xd8 ./emlib/em_core.o
 .debug_ranges  0x00000568       0xa0 ./emlib/em_dma.o
 .debug_ranges  0x00000608       0x68 ./emlib/em_gpio.o
 .debug_ranges  0x00000670       0x40 ./emlib/em_prs.o
 .debug_ranges  0x000006b0       0x48 ./emlib/em_rtc.o
 .debug_ranges  0x000006f8       0x28 ./emlib/em_timer.o
 .debug_ranges  0x00000720       0xc0 ./emlib/em_usart.o
 .debug_ranges  0x000007e0       0x48 ./src/capsense_touch3.o
 .debug_ranges  0x00000828       0x38 ./src/main.o
 .debug_ranges  0x00000860       0x30 ./src/menu.o
 .debug_ranges  0x00000890       0x38 ./src/problema1.o
 .debug_ranges  0x000008c8       0x38 ./src/problema2.o
 .debug_ranges  0x00000900       0x50 ./src/problema3.o

.debug_macro    0x00000000     0x6e91
 .debug_macro   0x00000000      0x353 ./BSP/bsp_stk_leds.o
 .debug_macro   0x00000353       0x4f ./BSP/bsp_stk_leds.o
 .debug_macro   0x000003a2       0x51 ./BSP/bsp_stk_leds.o
 .debug_macro   0x000003f3       0xb5 ./BSP/bsp_stk_leds.o
 .debug_macro   0x000004a8       0x58 ./BSP/bsp_stk_leds.o
 .debug_macro   0x00000500      0x34d ./BSP/bsp_stk_leds.o
 .debug_macro   0x0000084d      0x2e4 ./CMSIS/EFM32ZG/system_efm32zg.o
 .debug_macro   0x00000b31      0x1b7 ./Drivers/display.o
 .debug_macro   0x00000ce8       0x10 ./Drivers/display.o
 .debug_macro   0x00000cf8       0x40 ./Drivers/display.o
 .debug_macro   0x00000d38       0x22 ./Drivers/display.o
 .debug_macro   0x00000d5a       0x7c ./Drivers/display.o
 .debug_macro   0x00000dd6       0x1c ./Drivers/display.o
 .debug_macro   0x00000df2       0x10 ./Drivers/display.o
 .debug_macro   0x00000e02       0x1c ./Drivers/display.o
 .debug_macro   0x00000e1e       0x3a ./Drivers/display.o
 .debug_macro   0x00000e58       0x10 ./Drivers/display.o
 .debug_macro   0x00000e68       0x28 ./Drivers/display.o
 .debug_macro   0x00000e90      0x442 ./Drivers/displayls013b7dh03.o
 .debug_macro   0x000012d2       0x16 ./Drivers/displayls013b7dh03.o
 .debug_macro   0x000012e8       0x97 ./Drivers/displayls013b7dh03.o
 .debug_macro   0x0000137f       0xf6 ./Drivers/displayls013b7dh03.o
 .debug_macro   0x00001475       0x10 ./Drivers/displayls013b7dh03.o
 .debug_macro   0x00001485       0x10 ./Drivers/displayls013b7dh03.o
 .debug_macro   0x00001495       0xb6 ./Drivers/displayls013b7dh03.o
 .debug_macro   0x0000154b       0x16 ./Drivers/displayls013b7dh03.o
 .debug_macro   0x00001561      0x129 ./Drivers/displayls013b7dh03.o
 .debug_macro   0x0000168a       0x16 ./Drivers/displayls013b7dh03.o
 .debug_macro   0x000016a0       0x22 ./Drivers/displayls013b7dh03.o
 .debug_macro   0x000016c2       0x16 ./Drivers/displayls013b7dh03.o
 .debug_macro   0x000016d8       0xb9 ./Drivers/displayls013b7dh03.o
 .debug_macro   0x00001791       0x16 ./Drivers/displayls013b7dh03.o
 .debug_macro   0x000017a7       0x2e ./Drivers/displayls013b7dh03.o
 .debug_macro   0x000017d5      0x483 ./Drivers/displaypalemlib.o
 .debug_macro   0x00001c58       0x16 ./Drivers/displaypalemlib.o
 .debug_macro   0x00001c6e       0x1c ./Drivers/displaypalemlib.o
 .debug_macro   0x00001c8a      0x2fd ./Drivers/dmactrl.o
 .debug_macro   0x00001f87       0x63 ./Drivers/dmactrl.o
 .debug_macro   0x00001fea      0x390 ./Drivers/retargetio.o
 .debug_macro   0x0000237a       0x10 ./Drivers/retargetio.o
 .debug_macro   0x0000238a       0x10 ./Drivers/retargetio.o
 .debug_macro   0x0000239a       0x10 ./Drivers/retargetio.o
 .debug_macro   0x000023aa       0x2e ./Drivers/retargetio.o
 .debug_macro   0x000023d8       0xf5 ./Drivers/retargetio.o
 .debug_macro   0x000024cd       0x1c ./Drivers/retargetio.o
 .debug_macro   0x000024e9      0x201 ./Drivers/retargettextdisplay.o
 .debug_macro   0x000026ea       0x34 ./Drivers/retargettextdisplay.o
 .debug_macro   0x0000271e      0x26f ./Drivers/textdisplay.o
 .debug_macro   0x0000298d      0x10e ./Drivers/textdisplay.o
 .debug_macro   0x00002a9b       0x86 ./Drivers/textdisplay.o
 .debug_macro   0x00002b21       0x9c ./Drivers/textdisplay.o
 .debug_macro   0x00002bbd       0x10 ./Drivers/textdisplay.o
 .debug_macro   0x00002bcd      0x325 ./Drivers/udelay.o
 .debug_macro   0x00002ef2       0xc0 ./Drivers/udelay.o
 .debug_macro   0x00002fb2      0x31e ./emlib/em_acmp.o
 .debug_macro   0x000032d0       0x12 ./emlib/em_acmp.o
 .debug_macro   0x000032e2       0x23 ./emlib/em_assert.o
 .debug_macro   0x00003305      0x36c ./emlib/em_cmu.o
 .debug_macro   0x00003671       0x2b ./emlib/em_cmu.o
 .debug_macro   0x0000369c       0xee ./emlib/em_cmu.o
 .debug_macro   0x0000378a       0x11 ./emlib/em_cmu.o
 .debug_macro   0x0000379b      0x316 ./emlib/em_core.o
 .debug_macro   0x00003ab1       0xba ./emlib/em_core.o
 .debug_macro   0x00003b6b      0x373 ./emlib/em_dma.o
 .debug_macro   0x00003ede      0x2fd ./emlib/em_gpio.o
 .debug_macro   0x000041db      0x308 ./emlib/em_prs.o
 .debug_macro   0x000044e3      0x2f7 ./emlib/em_rtc.o
 .debug_macro   0x000047da       0x10 ./emlib/em_rtc.o
 .debug_macro   0x000047ea      0x2e7 ./emlib/em_timer.o
 .debug_macro   0x00004ad1       0x72 ./emlib/em_timer.o
 .debug_macro   0x00004b43      0x341 ./emlib/em_usart.o
 .debug_macro   0x00004e84       0xeb ./emlib/em_usart.o
 .debug_macro   0x00004f6f      0x33c ./src/capsense_touch3.o
 .debug_macro   0x000052ab       0x46 ./src/capsense_touch3.o
 .debug_macro   0x000052f1      0x511 ./src/main.o
 .debug_macro   0x00005802       0x16 ./src/main.o
 .debug_macro   0x00005818       0x52 ./src/main.o
 .debug_macro   0x0000586a       0x78 ./src/main.o
 .debug_macro   0x000058e2       0x3a ./src/main.o
 .debug_macro   0x0000591c       0x22 ./src/main.o
 .debug_macro   0x0000593e       0x34 ./src/main.o
 .debug_macro   0x00005972       0x3a ./src/main.o
 .debug_macro   0x000059ac       0x28 ./src/main.o
 .debug_macro   0x000059d4      0x4df ./src/menu.o
 .debug_macro   0x00005eb3       0x28 ./src/menu.o
 .debug_macro   0x00005edb       0x3a ./src/menu.o
 .debug_macro   0x00005f15      0x4cb ./src/problema1.o
 .debug_macro   0x000063e0       0xb2 ./src/problema1.o
 .debug_macro   0x00006492      0x4d4 ./src/problema2.o
 .debug_macro   0x00006966      0x4f7 ./src/problema3.o
 .debug_macro   0x00006e5d       0x34 ./src/problema3.o

.debug_line     0x00000000    0x1001f
 .debug_line    0x00000000      0xac2 ./BSP/bsp_stk_leds.o
 .debug_line    0x00000ac2       0xd5 ./CMSIS/EFM32ZG/startup_efm32zg.o
 .debug_line    0x00000b97      0x7dd ./CMSIS/EFM32ZG/system_efm32zg.o
 .debug_line    0x00001374      0x5df ./Drivers/display.o
 .debug_line    0x00001953      0xb65 ./Drivers/displayls013b7dh03.o
 .debug_line    0x000024b8      0xd80 ./Drivers/displaypalemlib.o
 .debug_line    0x00003238      0x790 ./Drivers/dmactrl.o
 .debug_line    0x000039c8      0x86b ./Drivers/retargetio.o
 .debug_line    0x00004233      0x60f ./Drivers/retargettextdisplay.o
 .debug_line    0x00004842      0x87d ./Drivers/textdisplay.o
 .debug_line    0x000050bf      0x8c5 ./Drivers/udelay.o
 .debug_line    0x00005984      0x8f8 ./emlib/em_acmp.o
 .debug_line    0x0000627c      0x180 ./emlib/em_assert.o
 .debug_line    0x000063fc      0xeeb ./emlib/em_cmu.o
 .debug_line    0x000072e7      0xae5 ./emlib/em_core.o
 .debug_line    0x00007dcc      0xae2 ./emlib/em_dma.o
 .debug_line    0x000088ae      0xa42 ./emlib/em_gpio.o
 .debug_line    0x000092f0      0x863 ./emlib/em_prs.o
 .debug_line    0x00009b53      0x856 ./emlib/em_rtc.o
 .debug_line    0x0000a3a9      0x8ef ./emlib/em_timer.o
 .debug_line    0x0000ac98      0xb39 ./emlib/em_usart.o
 .debug_line    0x0000b7d1      0x86f ./src/capsense_touch3.o
 .debug_line    0x0000c040      0xc9f ./src/main.o
 .debug_line    0x0000ccdf      0xcf2 ./src/menu.o
 .debug_line    0x0000d9d1      0xcbb ./src/problema1.o
 .debug_line    0x0000e68c      0xc6c ./src/problema2.o
 .debug_line    0x0000f2f8      0xd27 ./src/problema3.o

.debug_str      0x00000000    0x65028
 .debug_str     0x00000000    0x5d631 ./BSP/bsp_stk_leds.o
                              0x5d8e7 (size before relaxing)
 .debug_str     0x0005d631       0x97 ./CMSIS/EFM32ZG/startup_efm32zg.o
                                 0xfb (size before relaxing)
 .debug_str     0x0005d6c8      0x308 ./CMSIS/EFM32ZG/system_efm32zg.o
                              0x5b76a (size before relaxing)
 .debug_str     0x0005d9d0      0xc60 ./Drivers/display.o
                               0x783b (size before relaxing)
 .debug_str     0x0005e630      0xa73 ./Drivers/displayls013b7dh03.o
                              0x5d196 (size before relaxing)
 .debug_str     0x0005f0a3      0x676 ./Drivers/displaypalemlib.o
                              0x5eeab (size before relaxing)
 .debug_str     0x0005f719       0x83 ./Drivers/dmactrl.o
                              0x5b7b9 (size before relaxing)
 .debug_str     0x0005f79c      0x5e8 ./Drivers/retargetio.o
                              0x5c21f (size before relaxing)
 .debug_str     0x0005fd84      0x321 ./Drivers/retargettextdisplay.o
                               0x80e2 (size before relaxing)
 .debug_str     0x000600a5      0x7ba ./Drivers/textdisplay.o
                               0x885d (size before relaxing)
 .debug_str     0x0006085f      0x94c ./Drivers/udelay.o
                              0x5d660 (size before relaxing)
 .debug_str     0x000611ab      0x608 ./emlib/em_acmp.o
                              0x5c1a5 (size before relaxing)
 .debug_str     0x000617b3       0x70 ./emlib/em_assert.o
                               0x2d76 (size before relaxing)
 .debug_str     0x00061823      0xa02 ./emlib/em_cmu.o
                              0x5d7a5 (size before relaxing)
 .debug_str     0x00062225      0x3ad ./emlib/em_core.o
                              0x5c2f7 (size before relaxing)
 .debug_str     0x000625d2      0x529 ./emlib/em_dma.o
                              0x5d909 (size before relaxing)
 .debug_str     0x00062afb      0x231 ./emlib/em_gpio.o
                              0x5c089 (size before relaxing)
 .debug_str     0x00062d2c      0x3c2 ./emlib/em_prs.o
                              0x5c014 (size before relaxing)
 .debug_str     0x000630ee      0x103 ./emlib/em_rtc.o
                              0x5b69f (size before relaxing)
 .debug_str     0x000631f1      0x7a2 ./emlib/em_timer.o
                              0x5bcd0 (size before relaxing)
 .debug_str     0x00063993      0x623 ./emlib/em_usart.o
                              0x5d86b (size before relaxing)
 .debug_str     0x00063fb6      0x2d7 ./src/capsense_touch3.o
                              0x5d1d6 (size before relaxing)
 .debug_str     0x0006428d      0xbd9 ./src/main.o
                              0x5fd7b (size before relaxing)
 .debug_str     0x00064e66       0x43 ./src/menu.o
                              0x5f69e (size before relaxing)
 .debug_str     0x00064ea9       0x67 ./src/problema1.o
                              0x5f515 (size before relaxing)
 .debug_str     0x00064f10       0x7f ./src/problema2.o
                              0x5fa3e (size before relaxing)
 .debug_str     0x00064f8f       0x99 ./src/problema3.o
                              0x5ff2a (size before relaxing)

.debug_frame    0x00000000     0x2c08
 .debug_frame   0x00000000      0x190 ./BSP/bsp_stk_leds.o
 .debug_frame   0x00000190      0x138 ./CMSIS/EFM32ZG/system_efm32zg.o
 .debug_frame   0x000002c8       0x90 ./Drivers/display.o
 .debug_frame   0x00000358      0x110 ./Drivers/displayls013b7dh03.o
 .debug_frame   0x00000468      0x250 ./Drivers/displaypalemlib.o
 .debug_frame   0x000006b8      0x14c ./Drivers/retargetio.o
 .debug_frame   0x00000804       0x8c ./Drivers/retargettextdisplay.o
 .debug_frame   0x00000890      0x154 ./Drivers/textdisplay.o
 .debug_frame   0x000009e4       0xec ./Drivers/udelay.o
 .debug_frame   0x00000ad0      0x150 ./emlib/em_acmp.o
 .debug_frame   0x00000c20       0x30 ./emlib/em_assert.o
 .debug_frame   0x00000c50      0x4f4 ./emlib/em_cmu.o
 .debug_frame   0x00001144      0x33c ./emlib/em_core.o
 .debug_frame   0x00001480      0x270 ./emlib/em_dma.o
 .debug_frame   0x000016f0      0x190 ./emlib/em_gpio.o
 .debug_frame   0x00001880       0xf0 ./emlib/em_prs.o
 .debug_frame   0x00001970      0x108 ./emlib/em_rtc.o
 .debug_frame   0x00001a78       0x90 ./emlib/em_timer.o
 .debug_frame   0x00001b08      0x2f4 ./emlib/em_usart.o
 .debug_frame   0x00001dfc      0x110 ./src/capsense_touch3.o
 .debug_frame   0x00001f0c       0xc4 ./src/main.o
 .debug_frame   0x00001fd0       0xa8 ./src/menu.o
 .debug_frame   0x00002078       0xc0 ./src/problema1.o
 .debug_frame   0x00002138       0xc8 ./src/problema2.o
 .debug_frame   0x00002200      0x130 ./src/problema3.o
 .debug_frame   0x00002330       0x20 c:/siliconlabs/simplicitystudio/v4/developer/toolchains/gnu_arm/7.2_2017q4/bin/../lib/gcc/arm-none-eabi/7.2.1/thumb/v6-m\libgcc.a(_udivsi3.o)
 .debug_frame   0x00002350       0x28 c:/siliconlabs/simplicitystudio/v4/developer/toolchains/gnu_arm/7.2_2017q4/bin/../lib/gcc/arm-none-eabi/7.2.1/../../../../arm-none-eabi/lib/thumb/v6-m\libc_nano.a(lib_a-exit.o)
 .debug_frame   0x00002378       0x2c c:/siliconlabs/simplicitystudio/v4/developer/toolchains/gnu_arm/7.2_2017q4/bin/../lib/gcc/arm-none-eabi/7.2.1/../../../../arm-none-eabi/lib/thumb/v6-m\libc_nano.a(lib_a-init.o)
 .debug_frame   0x000023a4       0x74 c:/siliconlabs/simplicitystudio/v4/developer/toolchains/gnu_arm/7.2_2017q4/bin/../lib/gcc/arm-none-eabi/7.2.1/../../../../arm-none-eabi/lib/thumb/v6-m\libc_nano.a(lib_a-locale.o)
 .debug_frame   0x00002418       0x44 c:/siliconlabs/simplicitystudio/v4/developer/toolchains/gnu_arm/7.2_2017q4/bin/../lib/gcc/arm-none-eabi/7.2.1/../../../../arm-none-eabi/lib/thumb/v6-m\libc_nano.a(lib_a-mbtowc_r.o)
 .debug_frame   0x0000245c       0x28 c:/siliconlabs/simplicitystudio/v4/developer/toolchains/gnu_arm/7.2_2017q4/bin/../lib/gcc/arm-none-eabi/7.2.1/../../../../arm-none-eabi/lib/thumb/v6-m\libc_nano.a(lib_a-memcpy-stub.o)
 .debug_frame   0x00002484       0x20 c:/siliconlabs/simplicitystudio/v4/developer/toolchains/gnu_arm/7.2_2017q4/bin/../lib/gcc/arm-none-eabi/7.2.1/../../../../arm-none-eabi/lib/thumb/v6-m\libc_nano.a(lib_a-memset.o)
 .debug_frame   0x000024a4       0x50 c:/siliconlabs/simplicitystudio/v4/developer/toolchains/gnu_arm/7.2_2017q4/bin/../lib/gcc/arm-none-eabi/7.2.1/../../../../arm-none-eabi/lib/thumb/v6-m\libc_nano.a(lib_a-printf.o)
 .debug_frame   0x000024f4       0x30 c:/siliconlabs/simplicitystudio/v4/developer/toolchains/gnu_arm/7.2_2017q4/bin/../lib/gcc/arm-none-eabi/7.2.1/../../../../arm-none-eabi/lib/thumb/v6-m\libc_nano.a(lib_a-setvbuf.o)
 .debug_frame   0x00002524       0x38 c:/siliconlabs/simplicitystudio/v4/developer/toolchains/gnu_arm/7.2_2017q4/bin/../lib/gcc/arm-none-eabi/7.2.1/../../../../arm-none-eabi/lib/thumb/v6-m\libc_nano.a(lib_a-wctomb_r.o)
 .debug_frame   0x0000255c       0x68 c:/siliconlabs/simplicitystudio/v4/developer/toolchains/gnu_arm/7.2_2017q4/bin/../lib/gcc/arm-none-eabi/7.2.1/../../../../arm-none-eabi/lib/thumb/v6-m\libc_nano.a(lib_a-fflush.o)
 .debug_frame   0x000025c4      0x140 c:/siliconlabs/simplicitystudio/v4/developer/toolchains/gnu_arm/7.2_2017q4/bin/../lib/gcc/arm-none-eabi/7.2.1/../../../../arm-none-eabi/lib/thumb/v6-m\libc_nano.a(lib_a-findfp.o)
 .debug_frame   0x00002704       0x58 c:/siliconlabs/simplicitystudio/v4/developer/toolchains/gnu_arm/7.2_2017q4/bin/../lib/gcc/arm-none-eabi/7.2.1/../../../../arm-none-eabi/lib/thumb/v6-m\libc_nano.a(lib_a-fwalk.o)
 .debug_frame   0x0000275c       0x54 c:/siliconlabs/simplicitystudio/v4/developer/toolchains/gnu_arm/7.2_2017q4/bin/../lib/gcc/arm-none-eabi/7.2.1/../../../../arm-none-eabi/lib/thumb/v6-m\libc_nano.a(lib_a-makebuf.o)
 .debug_frame   0x000027b0       0x40 c:/siliconlabs/simplicitystudio/v4/developer/toolchains/gnu_arm/7.2_2017q4/bin/../lib/gcc/arm-none-eabi/7.2.1/../../../../arm-none-eabi/lib/thumb/v6-m\libc_nano.a(lib_a-malloc.o)
 .debug_frame   0x000027f0       0x2c c:/siliconlabs/simplicitystudio/v4/developer/toolchains/gnu_arm/7.2_2017q4/bin/../lib/gcc/arm-none-eabi/7.2.1/../../../../arm-none-eabi/lib/thumb/v6-m\libc_nano.a(lib_a-nano-freer.o)
 .debug_frame   0x0000281c       0x2c c:/siliconlabs/simplicitystudio/v4/developer/toolchains/gnu_arm/7.2_2017q4/bin/../lib/gcc/arm-none-eabi/7.2.1/../../../../arm-none-eabi/lib/thumb/v6-m\libc_nano.a(lib_a-nano-mallocr.o)
 .debug_frame   0x00002848       0x9c c:/siliconlabs/simplicitystudio/v4/developer/toolchains/gnu_arm/7.2_2017q4/bin/../lib/gcc/arm-none-eabi/7.2.1/../../../../arm-none-eabi/lib/thumb/v6-m\libc_nano.a(lib_a-nano-vfprintf.o)
 .debug_frame   0x000028e4       0x54 c:/siliconlabs/simplicitystudio/v4/developer/toolchains/gnu_arm/7.2_2017q4/bin/../lib/gcc/arm-none-eabi/7.2.1/../../../../arm-none-eabi/lib/thumb/v6-m\libc_nano.a(lib_a-nano-vfprintf_i.o)
 .debug_frame   0x00002938       0x2c c:/siliconlabs/simplicitystudio/v4/developer/toolchains/gnu_arm/7.2_2017q4/bin/../lib/gcc/arm-none-eabi/7.2.1/../../../../arm-none-eabi/lib/thumb/v6-m\libc_nano.a(lib_a-sbrkr.o)
 .debug_frame   0x00002964       0x90 c:/siliconlabs/simplicitystudio/v4/developer/toolchains/gnu_arm/7.2_2017q4/bin/../lib/gcc/arm-none-eabi/7.2.1/../../../../arm-none-eabi/lib/thumb/v6-m\libc_nano.a(lib_a-stdio.o)
 .debug_frame   0x000029f4       0x48 c:/siliconlabs/simplicitystudio/v4/developer/toolchains/gnu_arm/7.2_2017q4/bin/../lib/gcc/arm-none-eabi/7.2.1/../../../../arm-none-eabi/lib/thumb/v6-m\libc_nano.a(lib_a-wbuf.o)
 .debug_frame   0x00002a3c       0x2c c:/siliconlabs/simplicitystudio/v4/developer/toolchains/gnu_arm/7.2_2017q4/bin/../lib/gcc/arm-none-eabi/7.2.1/../../../../arm-none-eabi/lib/thumb/v6-m\libc_nano.a(lib_a-writer.o)
 .debug_frame   0x00002a68       0x2c c:/siliconlabs/simplicitystudio/v4/developer/toolchains/gnu_arm/7.2_2017q4/bin/../lib/gcc/arm-none-eabi/7.2.1/../../../../arm-none-eabi/lib/thumb/v6-m\libc_nano.a(lib_a-wsetup.o)
 .debug_frame   0x00002a94       0x2c c:/siliconlabs/simplicitystudio/v4/developer/toolchains/gnu_arm/7.2_2017q4/bin/../lib/gcc/arm-none-eabi/7.2.1/../../../../arm-none-eabi/lib/thumb/v6-m\libc_nano.a(lib_a-closer.o)
 .debug_frame   0x00002ac0       0x2c c:/siliconlabs/simplicitystudio/v4/developer/toolchains/gnu_arm/7.2_2017q4/bin/../lib/gcc/arm-none-eabi/7.2.1/../../../../arm-none-eabi/lib/thumb/v6-m\libc_nano.a(lib_a-fstatr.o)
 .debug_frame   0x00002aec       0x2c c:/siliconlabs/simplicitystudio/v4/developer/toolchains/gnu_arm/7.2_2017q4/bin/../lib/gcc/arm-none-eabi/7.2.1/../../../../arm-none-eabi/lib/thumb/v6-m\libc_nano.a(lib_a-isattyr.o)
 .debug_frame   0x00002b18       0x2c c:/siliconlabs/simplicitystudio/v4/developer/toolchains/gnu_arm/7.2_2017q4/bin/../lib/gcc/arm-none-eabi/7.2.1/../../../../arm-none-eabi/lib/thumb/v6-m\libc_nano.a(lib_a-lseekr.o)
 .debug_frame   0x00002b44       0x20 c:/siliconlabs/simplicitystudio/v4/developer/toolchains/gnu_arm/7.2_2017q4/bin/../lib/gcc/arm-none-eabi/7.2.1/../../../../arm-none-eabi/lib/thumb/v6-m\libc_nano.a(lib_a-memchr-stub.o)
 .debug_frame   0x00002b64       0x30 c:/siliconlabs/simplicitystudio/v4/developer/toolchains/gnu_arm/7.2_2017q4/bin/../lib/gcc/arm-none-eabi/7.2.1/../../../../arm-none-eabi/lib/thumb/v6-m\libc_nano.a(lib_a-mlock.o)
 .debug_frame   0x00002b94       0x2c c:/siliconlabs/simplicitystudio/v4/developer/toolchains/gnu_arm/7.2_2017q4/bin/../lib/gcc/arm-none-eabi/7.2.1/../../../../arm-none-eabi/lib/thumb/v6-m\libc_nano.a(lib_a-readr.o)
 .debug_frame   0x00002bc0       0x48 c:/siliconlabs/simplicitystudio/v4/developer/toolchains/gnu_arm/7.2_2017q4/bin/../lib/gcc/arm-none-eabi/7.2.1/../../../../arm-none-eabi/lib/thumb/v6-m\libc_nano.a(lib_a-reent.o)