Archive member included to satisfy reference by file (symbol)

c:/siliconlabs/simplicitystudio/v4_2/developer/toolchains/gnu_arm/7.2_2017q4/bin/../lib/gcc/arm-none-eabi/7.2.1/thumb/v6-m\libgcc.a(_udivsi3.o)
                              ./Drivers/capsense.o (__aeabi_uidiv)
c:/siliconlabs/simplicitystudio/v4_2/developer/toolchains/gnu_arm/7.2_2017q4/bin/../lib/gcc/arm-none-eabi/7.2.1/thumb/v6-m\libgcc.a(_dvmd_tls.o)
                              c:/siliconlabs/simplicitystudio/v4_2/developer/toolchains/gnu_arm/7.2_2017q4/bin/../lib/gcc/arm-none-eabi/7.2.1/thumb/v6-m\libgcc.a(_udivsi3.o) (__aeabi_idiv0)
c:/siliconlabs/simplicitystudio/v4_2/developer/toolchains/gnu_arm/7.2_2017q4/bin/../lib/gcc/arm-none-eabi/7.2.1/thumb/v6-m\libgcc.a(_clzsi2.o)
                              ./emlib/em_cmu.o (__clzsi2)
c:/siliconlabs/simplicitystudio/v4_2/developer/toolchains/gnu_arm/7.2_2017q4/bin/../lib/gcc/arm-none-eabi/7.2.1/thumb/v6-m\libgcc.a(_aeabi_uldivmod.o)
                              ./emlib/em_usart.o (__aeabi_uldivmod)
c:/siliconlabs/simplicitystudio/v4_2/developer/toolchains/gnu_arm/7.2_2017q4/bin/../lib/gcc/arm-none-eabi/7.2.1/thumb/v6-m\libgcc.a(_muldi3.o)
                              ./emlib/em_usart.o (__aeabi_lmul)
c:/siliconlabs/simplicitystudio/v4_2/developer/toolchains/gnu_arm/7.2_2017q4/bin/../lib/gcc/arm-none-eabi/7.2.1/thumb/v6-m\libgcc.a(_udivmoddi4.o)
                              c:/siliconlabs/simplicitystudio/v4_2/developer/toolchains/gnu_arm/7.2_2017q4/bin/../lib/gcc/arm-none-eabi/7.2.1/thumb/v6-m\libgcc.a(_aeabi_uldivmod.o) (__udivmoddi4)
c:/siliconlabs/simplicitystudio/v4_2/developer/toolchains/gnu_arm/7.2_2017q4/bin/../lib/gcc/arm-none-eabi/7.2.1/thumb/v6-m\libgcc.a(_clzdi2.o)
                              c:/siliconlabs/simplicitystudio/v4_2/developer/toolchains/gnu_arm/7.2_2017q4/bin/../lib/gcc/arm-none-eabi/7.2.1/thumb/v6-m\libgcc.a(_udivmoddi4.o) (__clzdi2)
c:/siliconlabs/simplicitystudio/v4_2/developer/toolchains/gnu_arm/7.2_2017q4/bin/../lib/gcc/arm-none-eabi/7.2.1/../../../../arm-none-eabi/lib/thumb/v6-m\libc_nano.a(lib_a-exit.o)
                              c:/siliconlabs/simplicitystudio/v4_2/developer/toolchains/gnu_arm/7.2_2017q4/bin/../lib/gcc/arm-none-eabi/7.2.1/../../../../arm-none-eabi/lib/thumb/v6-m/crt0.o (exit)
c:/siliconlabs/simplicitystudio/v4_2/developer/toolchains/gnu_arm/7.2_2017q4/bin/../lib/gcc/arm-none-eabi/7.2.1/../../../../arm-none-eabi/lib/thumb/v6-m\libc_nano.a(lib_a-impure.o)
                              c:/siliconlabs/simplicitystudio/v4_2/developer/toolchains/gnu_arm/7.2_2017q4/bin/../lib/gcc/arm-none-eabi/7.2.1/../../../../arm-none-eabi/lib/thumb/v6-m\libc_nano.a(lib_a-exit.o) (_global_impure_ptr)
c:/siliconlabs/simplicitystudio/v4_2/developer/toolchains/gnu_arm/7.2_2017q4/bin/../lib/gcc/arm-none-eabi/7.2.1/../../../../arm-none-eabi/lib/thumb/v6-m\libc_nano.a(lib_a-init.o)
                              c:/siliconlabs/simplicitystudio/v4_2/developer/toolchains/gnu_arm/7.2_2017q4/bin/../lib/gcc/arm-none-eabi/7.2.1/../../../../arm-none-eabi/lib/thumb/v6-m/crt0.o (__libc_init_array)
c:/siliconlabs/simplicitystudio/v4_2/developer/toolchains/gnu_arm/7.2_2017q4/bin/../lib/gcc/arm-none-eabi/7.2.1/../../../../arm-none-eabi/lib/thumb/v6-m\libc_nano.a(lib_a-locale.o)
                              ./Drivers/textdisplay.o (__locale_ctype_ptr)
c:/siliconlabs/simplicitystudio/v4_2/developer/toolchains/gnu_arm/7.2_2017q4/bin/../lib/gcc/arm-none-eabi/7.2.1/../../../../arm-none-eabi/lib/thumb/v6-m\libc_nano.a(lib_a-mbtowc_r.o)
                              c:/siliconlabs/simplicitystudio/v4_2/developer/toolchains/gnu_arm/7.2_2017q4/bin/../lib/gcc/arm-none-eabi/7.2.1/../../../../arm-none-eabi/lib/thumb/v6-m\libc_nano.a(lib_a-locale.o) (__ascii_mbtowc)
c:/siliconlabs/simplicitystudio/v4_2/developer/toolchains/gnu_arm/7.2_2017q4/bin/../lib/gcc/arm-none-eabi/7.2.1/../../../../arm-none-eabi/lib/thumb/v6-m\libc_nano.a(lib_a-memcpy-stub.o)
                              ./Drivers/display.o (memcpy)
c:/siliconlabs/simplicitystudio/v4_2/developer/toolchains/gnu_arm/7.2_2017q4/bin/../lib/gcc/arm-none-eabi/7.2.1/../../../../arm-none-eabi/lib/thumb/v6-m\libc_nano.a(lib_a-memset.o)
                              c:/siliconlabs/simplicitystudio/v4_2/developer/toolchains/gnu_arm/7.2_2017q4/bin/../lib/gcc/arm-none-eabi/7.2.1/../../../../arm-none-eabi/lib/thumb/v6-m/crt0.o (memset)
c:/siliconlabs/simplicitystudio/v4_2/developer/toolchains/gnu_arm/7.2_2017q4/bin/../lib/gcc/arm-none-eabi/7.2.1/../../../../arm-none-eabi/lib/thumb/v6-m\libc_nano.a(lib_a-printf.o)
                              ./src/menu.o (printf)
c:/siliconlabs/simplicitystudio/v4_2/developer/toolchains/gnu_arm/7.2_2017q4/bin/../lib/gcc/arm-none-eabi/7.2.1/../../../../arm-none-eabi/lib/thumb/v6-m\libc_nano.a(lib_a-setvbuf.o)
                              ./Drivers/retargettextdisplay.o (setvbuf)
[...]
Memory Configuration

Name             Origin             Length             Attributes
FLASH            0x00000000         0x00008000         xr
RAM              0x20000000         0x00001000         xrw
*default*        0x00000000         0xffffffff

Linker script and memory map

LOAD c:/siliconlabs/simplicitystudio/v4_2/developer/toolchains/gnu_arm/7.2_2017q4/bin/../lib/gcc/arm-none-eabi/7.2.1/thumb/v6-m/crti.o
LOAD c:/siliconlabs/simplicitystudio/v4_2/developer/toolchains/gnu_arm/7.2_2017q4/bin/../lib/gcc/arm-none-eabi/7.2.1/thumb/v6-m/crtbegin.o
LOAD c:/siliconlabs/simplicitystudio/v4_2/developer/toolchains/gnu_arm/7.2_2017q4/bin/../lib/gcc/arm-none-eabi/7.2.1/../../../../arm-none-eabi/lib/thumb/v6-m/crt0.o
LOAD ./BSP/bsp_bcc.o
LOAD ./BSP/bsp_stk.o
LOAD ./BSP/bsp_stk_leds.o
LOAD ./CMSIS/EFM32ZG/startup_efm32zg.o
LOAD ./CMSIS/EFM32ZG/system_efm32zg.o
LOAD ./Drivers/capsense.o
LOAD ./Drivers/display.o
LOAD ./Drivers/displayls013b7dh03.o
LOAD ./Drivers/displaypalemlib.o
LOAD ./Drivers/retargetio.o
LOAD ./Drivers/retargettextdisplay.o
LOAD ./Drivers/textdisplay.o
LOAD ./Drivers/udelay.o
LOAD ./emlib/em_acmp.o
LOAD ./emlib/em_adc.o
LOAD ./emlib/em_assert.o
LOAD ./emlib/em_cmu.o
LOAD ./emlib/em_core.o
LOAD ./emlib/em_ebi.o
LOAD ./emlib/em_emu.o
LOAD ./emlib/em_gpio.o
LOAD ./emlib/em_leuart.o
LOAD ./emlib/em_prs.o
LOAD ./emlib/em_rtc.o
LOAD ./emlib/em_system.o
LOAD ./emlib/em_timer.o
LOAD ./emlib/em_usart.o
LOAD ./src/main.o
LOAD ./src/menu.o
LOAD ./src/problema1.o
LOAD ./src/problema2.o
START GROUP
LOAD c:/siliconlabs/simplicitystudio/v4_2/developer/toolchains/gnu_arm/7.2_2017q4/bin/../lib/gcc/arm-none-eabi/7.2.1/thumb/v6-m\libgcc.a
LOAD c:/siliconlabs/simplicitystudio/v4_2/developer/toolchains/gnu_arm/7.2_2017q4/bin/../lib/gcc/arm-none-eabi/7.2.1/../../../../arm-none-eabi/lib/thumb/v6-m\libc_nano.a
LOAD c:/siliconlabs/simplicitystudio/v4_2/developer/toolchains/gnu_arm/7.2_2017q4/bin/../lib/gcc/arm-none-eabi/7.2.1/../../../../arm-none-eabi/lib/thumb/v6-m\libnosys.a
END GROUP
START GROUP
LOAD c:/siliconlabs/simplicitystudio/v4_2/developer/toolchains/gnu_arm/7.2_2017q4/bin/../lib/gcc/arm-none-eabi/7.2.1/thumb/v6-m\libgcc.a
LOAD c:/siliconlabs/simplicitystudio/v4_2/developer/toolchains/gnu_arm/7.2_2017q4/bin/../lib/gcc/arm-none-eabi/7.2.1/../../../../arm-none-eabi/lib/thumb/v6-m\libg_nano.a
LOAD c:/siliconlabs/simplicitystudio/v4_2/developer/toolchains/gnu_arm/7.2_2017q4/bin/../lib/gcc/arm-none-eabi/7.2.1/../../../../arm-none-eabi/lib/thumb/v6-m\libc_nano.a
END GROUP
START GROUP
LOAD c:/siliconlabs/simplicitystudio/v4_2/developer/toolchains/gnu_arm/7.2_2017q4/bin/../lib/gcc/arm-none-eabi/7.2.1/thumb/v6-m\libgcc.a
LOAD c:/siliconlabs/simplicitystudio/v4_2/developer/toolchains/gnu_arm/7.2_2017q4/bin/../lib/gcc/arm-none-eabi/7.2.1/../../../../arm-none-eabi/lib/thumb/v6-m\libc_nano.a
END GROUP
LOAD c:/siliconlabs/simplicitystudio/v4_2/developer/toolchains/gnu_arm/7.2_2017q4/bin/../lib/gcc/arm-none-eabi/7.2.1/thumb/v6-m/crtend.o
LOAD c:/siliconlabs/simplicitystudio/v4_2/developer/toolchains/gnu_arm/7.2_2017q4/bin/../lib/gcc/arm-none-eabi/7.2.1/thumb/v6-m/crtn.o

.text           0x00000000     0x6050
 *(.vectors)
 .vectors       0x00000000       0x8c ./CMSIS/EFM32ZG/startup_efm32zg.o
                0x00000000                __Vectors
                0x0000008c                __Vectors_End = .
                0x0000008c                __Vectors_Size = (__Vectors_End - __Vectors)
                0x0000008c                __end__ = .
 *(.text*)
 .text          0x0000008c       0x48 c:/siliconlabs/simplicitystudio/v4_2/developer/toolchains/gnu_arm/7.2_2017q4/bin/../lib/gcc/arm-none-eabi/7.2.1/thumb/v6-m/crtbegin.o
 .text          0x000000d4       0x78 c:/siliconlabs/simplicitystudio/v4_2/developer/toolchains/gnu_arm/7.2_2017q4/bin/../lib/gcc/arm-none-eabi/7.2.1/../../../../arm-none-eabi/lib/thumb/v6-m/crt0.o
                0x000000d4                _start
                0x000000d4                _mainCRTStartup
 .text.GPIO_PinOutClear
                0x0000014c       0xb4 ./BSP/bsp_stk_leds.o
 .text.GPIO_PinOutToggle
                0x00000200       0xb4 ./BSP/bsp_stk_leds.o
 .text.BSP_LedsInit
                0x000002b4       0x60 ./BSP/bsp_stk_leds.o
                0x000002b4                BSP_LedsInit
 .text.BSP_LedClear
                0x00000314       0x44 ./BSP/bsp_stk_leds.o
                0x00000314                BSP_LedClear
 .text.BSP_LedToggle
                0x00000358       0x44 ./BSP/bsp_stk_leds.o
                0x00000358                BSP_LedToggle
 .text          0x0000039c       0x30 ./CMSIS/EFM32ZG/startup_efm32zg.o
                0x0000039c                Reset_Handler
                0x000003c8                HardFault_Handler
                0x000003c8                USART1_RX_IRQHandler
                0x000003c8                PendSV_Handler
                0x000003c8                NMI_Handler
                0x000003c8                USART1_TX_IRQHandler
                0x000003c8                MSC_IRQHandler
                0x000003c8                ADC0_IRQHandler
                0x000003c8                LEUART0_IRQHandler
                0x000003c8                GPIO_EVEN_IRQHandler
                0x000003c8                RTC_IRQHandler
                0x000003c8                I2C0_IRQHandler
                0x000003c8                TIMER1_IRQHandler
                0x000003c8                Default_Handler
                0x000003c8                PCNT0_IRQHandler
                0x000003c8                sl_app_properties
                0x000003c8                ACMP0_IRQHandler
                0x000003c8                SVC_Handler
                0x000003c8                CMU_IRQHandler
                0x000003c8                GPIO_ODD_IRQHandler
                0x000003c8                AES_IRQHandler
                0x000003c8                VCMP_IRQHandler
                0x000003c8                DMA_IRQHandler
 .text.SystemCoreClockGet
                0x000003cc       0x38 ./CMSIS/EFM32ZG/system_efm32zg.o
                0x000003cc                SystemCoreClockGet
 .text.SystemMaxCoreClockGet
                0x00000404       0x10 ./CMSIS/EFM32ZG/system_efm32zg.o
                0x00000404                SystemMaxCoreClockGet
 .text.SystemHFClockGet
                0x00000414       0xcc ./CMSIS/EFM32ZG/system_efm32zg.o
                0x00000414                SystemHFClockGet
 .text.SystemInit
                0x000004e0       0x18 ./CMSIS/EFM32ZG/system_efm32zg.o
                0x000004e0                SystemInit
 .text.SystemLFRCOClockGet
                0x000004f8        0xe ./CMSIS/EFM32ZG/system_efm32zg.o
                0x000004f8                SystemLFRCOClockGet
 .text.SystemULFRCOClockGet
                0x00000506        0xe ./CMSIS/EFM32ZG/system_efm32zg.o
                0x00000506                SystemULFRCOClockGet
 .text.SystemLFXOClockGet
                0x00000514       0x14 ./CMSIS/EFM32ZG/system_efm32zg.o
                0x00000514                SystemLFXOClockGet
 .text.__NVIC_EnableIRQ
                0x00000528       0x34 ./Drivers/capsense.o
 .text.EMU_EnterEM1
                0x0000055c       0x1c ./Drivers/capsense.o
 .text.TIMER0_IRQHandler
                0x00000578       0x78 ./Drivers/capsense.o
                0x00000578                TIMER0_IRQHandler
 .text.CAPSENSE_getPressed
                0x000005f0       0x50 ./Drivers/capsense.o
                0x000005f0                CAPSENSE_getPressed
 .text.CAPSENSE_Measure
                0x00000640       0x68 ./Drivers/capsense.o
 .text.CAPSENSE_Sense
                0x000006a8       0x6c ./Drivers/capsense.o
                0x000006a8                CAPSENSE_Sense
 .text.CAPSENSE_Init
                0x00000714       0xc8 ./Drivers/capsense.o
                0x00000714                CAPSENSE_Init
 .text.DISPLAY_Init
                0x000007dc       0x54 ./Drivers/display.o
                0x000007dc                DISPLAY_Init
 .text.DISPLAY_DeviceGet
                0x00000830       0x5c ./Drivers/display.o
                0x00000830                DISPLAY_DeviceGet
 .text.DISPLAY_DeviceRegister
                0x0000088c       0x68 ./Drivers/display.o
                0x0000088c                DISPLAY_DeviceRegister
 .text.DISPLAY_Ls013b7dh03Init
                0x000008f4      0x104 ./Drivers/displayls013b7dh03.o
                0x000008f4                DISPLAY_Ls013b7dh03Init
 .text.DriverRefresh
                0x000009f8       0x1e ./Drivers/displayls013b7dh03.o
 .text.DisplayEnable
                0x00000a16       0x42 ./Drivers/displayls013b7dh03.o
 .text.DisplayClear
                0x00000a58       0x4c ./Drivers/displayls013b7dh03.o
 .text.PixelMatrixAllocate
                0x00000aa4       0x68 ./Drivers/displayls013b7dh03.o
 .text.PixelMatrixFree
                0x00000b0c       0x18 ./Drivers/displayls013b7dh03.o
 .text.PixelMatrixClear
                0x00000b24       0x60 ./Drivers/displayls013b7dh03.o
 .text.PixelMatrixDraw
                0x00000b84       0xc2 ./Drivers/displayls013b7dh03.o
 *fill*         0x00000c46        0x2 
 .text.GPIO_PinOutClear
                0x00000c48       0xb4 ./Drivers/displaypalemlib.o
 .text.GPIO_PinOutSet
                0x00000cfc       0xb4 ./Drivers/displaypalemlib.o
 .text.PAL_SpiInit
                0x00000db0       0x58 ./Drivers/displaypalemlib.o
                0x00000db0                PAL_SpiInit
 .text.PAL_SpiTransmit
                0x00000e08       0x74 ./Drivers/displaypalemlib.o
                0x00000e08                PAL_SpiTransmit
 .text.PAL_TimerInit
                0x00000e7c       0x18 ./Drivers/displaypalemlib.o
                0x00000e7c                PAL_TimerInit
 .text.PAL_TimerMicroSecondsDelay
                0x00000e94       0x1e ./Drivers/displaypalemlib.o
                0x00000e94                PAL_TimerMicroSecondsDelay
 *fill*         0x00000eb2        0x2 
 .text.PAL_GpioInit
                0x00000eb4       0x24 ./Drivers/displaypalemlib.o
                0x00000eb4                PAL_GpioInit
 .text.PAL_GpioPinModeSet
                0x00000ed8       0x4c ./Drivers/displaypalemlib.o
                0x00000ed8                PAL_GpioPinModeSet
 .text.PAL_GpioPinOutSet
                0x00000f24       0x26 ./Drivers/displaypalemlib.o
                0x00000f24                PAL_GpioPinOutSet
 .text.PAL_GpioPinOutClear
                0x00000f4a       0x26 ./Drivers/displaypalemlib.o
                0x00000f4a                PAL_GpioPinOutClear
 .text.PAL_GpioPinAutoToggle
                0x00000f70       0x7c ./Drivers/displaypalemlib.o
                0x00000f70                PAL_GpioPinAutoToggle
 .text.palClockSetup
                0x00000fec       0x28 ./Drivers/displaypalemlib.o
 .text.rtcSetup
                0x00001014       0x8c ./Drivers/displaypalemlib.o
 .text._close   0x000010a0       0x12 ./Drivers/retargetio.o
                0x000010a0                _close
 .text._exit    0x000010b2        0xa ./Drivers/retargetio.o
                0x000010b2                _exit
 .text._fstat   0x000010bc       0x1c ./Drivers/retargetio.o
                0x000010bc                _fstat
 .text._isatty  0x000010d8       0x12 ./Drivers/retargetio.o
                0x000010d8                _isatty
 .text._lseek   0x000010ea       0x16 ./Drivers/retargetio.o
                0x000010ea                _lseek
 .text._read    0x00001100       0x56 ./Drivers/retargetio.o
                0x00001100                _read
 *fill*         0x00001156        0x2 
 .text._sbrk    0x00001158       0x3c ./Drivers/retargetio.o
                0x00001158                _sbrk
 .text._write   0x00001194       0x38 ./Drivers/retargetio.o
                0x00001194                _write
 .text.RETARGET_TextDisplayInit
                0x000011cc       0x68 ./Drivers/retargettextdisplay.o
                0x000011cc                RETARGET_TextDisplayInit
 .text.RETARGET_ReadChar
                0x00001234        0xe ./Drivers/retargettextdisplay.o
                0x00001234                RETARGET_ReadChar
 *fill*         0x00001242        0x2 
 .text.RETARGET_WriteChar
                0x00001244       0x3c ./Drivers/retargettextdisplay.o
                0x00001244                RETARGET_WriteChar
 .text.TEXTDISPLAY_New
                0x00001280      0x1cc ./Drivers/textdisplay.o
                0x00001280                TEXTDISPLAY_New
 .text.TEXTDISPLAY_WriteChar
                0x0000144c       0xf4 ./Drivers/textdisplay.o
                0x0000144c                TEXTDISPLAY_WriteChar
 .text.TextdisplayClear
                0x00001540       0x42 ./Drivers/textdisplay.o
 *fill*         0x00001582        0x2 
 .text.TextdisplayScrollUp
                0x00001584       0x88 ./Drivers/textdisplay.o
 .text.TextdisplayCharAdd
                0x0000160c      0x12e ./Drivers/textdisplay.o
 *fill*         0x0000173a        0x2 
 .text.TextdisplayLineDraw
                0x0000173c      0x2d4 ./Drivers/textdisplay.o
 .text.TextdisplayUpdate
                0x00001a10      0x12c ./Drivers/textdisplay.o
 .text.__NVIC_ClearPendingIRQ
                0x00001b3c       0x38 ./Drivers/udelay.o
 .text.RTC_CounterGet
                0x00001b74       0x14 ./Drivers/udelay.o
 .text.UDELAY_Calibrate
                0x00001b88      0x1f4 ./Drivers/udelay.o
                0x00001b88                UDELAY_Calibrate
 .text.UDELAY_Delay
                0x00001d7c       0x38 ./Drivers/udelay.o
                0x00001d7c                UDELAY_Delay
 .text.calibrate_delay
                0x00001db4       0xe0 ./Drivers/udelay.o
 .text.clock    0x00001e94       0x10 ./Drivers/udelay.o
 .text._delay   0x00001ea4       0x16 ./Drivers/udelay.o
 .text.BUS_RegBitWrite
                0x00001eba       0x3c ./emlib/em_acmp.o
 .text.BUS_RegMaskedWrite
                0x00001ef6       0x26 ./emlib/em_acmp.o
 .text.ACMP_CapsenseInit
                0x00001f1c       0xb0 ./emlib/em_acmp.o
                0x00001f1c                ACMP_CapsenseInit
 .text.ACMP_CapsenseChannelSet
                0x00001fcc       0x54 ./emlib/em_acmp.o
                0x00001fcc                ACMP_CapsenseChannelSet
 .text.ACMP_Disable
                0x00002020       0x3c ./emlib/em_acmp.o
                0x00002020                ACMP_Disable
 .text.ACMP_Enable
                0x0000205c       0x3c ./emlib/em_acmp.o
                0x0000205c                ACMP_Enable
 .text.assertEFM
                0x00002098        0xc ./emlib/em_assert.o
                0x00002098                assertEFM
 .text.BUS_RegBitWrite
                0x000020a4       0x3c ./emlib/em_cmu.o
 .text.BUS_RegBitRead
                0x000020e0       0x20 ./emlib/em_cmu.o
 .text.SL_Log2ToDiv
                0x00002100       0x30 ./emlib/em_cmu.o
 .text.CMU_DivToLog2
                0x00002130       0x48 ./emlib/em_cmu.o
 .text.SYSTEM_GetProdRev
                0x00002178       0x18 ./emlib/em_cmu.o
 .text.auxClkGet
                0x00002190       0xc4 ./emlib/em_cmu.o
 .text.dbgClkGet
                0x00002254       0x5c ./emlib/em_cmu.o
 .text.flashWaitStateControl
                0x000022b0       0x54 ./emlib/em_cmu.o
 .text.flashWaitStateMax
                0x00002304       0x44 ./emlib/em_cmu.o
 .text.CMU_UpdateWaitStates
                0x00002348       0x48 ./emlib/em_cmu.o
                0x00002348                CMU_UpdateWaitStates
 .text.lfClkGet
                0x00002390      0x110 ./emlib/em_cmu.o
 .text.syncReg  0x000024a0       0x2c ./emlib/em_cmu.o
 .text.hfperClkSafePrescaler
                0x000024cc        0xa ./emlib/em_cmu.o
 .text.hfperClkOptimizedPrescaler
                0x000024d6        0xa ./emlib/em_cmu.o
 .text.CMU_ClockDivGet
                0x000024e0       0xfc ./emlib/em_cmu.o
                0x000024e0                CMU_ClockDivGet
 .text.CMU_ClockDivSet
                0x000025dc      0x1a4 ./emlib/em_cmu.o
                0x000025dc                CMU_ClockDivSet
 .text.CMU_ClockEnable
                0x00002780       0xb4 ./emlib/em_cmu.o
                0x00002780                CMU_ClockEnable
 .text.CMU_ClockFreqGet
                0x00002834      0x140 ./emlib/em_cmu.o
                0x00002834                CMU_ClockFreqGet
 .text.CMU_ClockSelectGet
                0x00002974      0x154 ./emlib/em_cmu.o
                0x00002974                CMU_ClockSelectGet
 .text.CMU_ClockSelectSet
                0x00002ac8      0x1b4 ./emlib/em_cmu.o
                0x00002ac8                CMU_ClockSelectSet
 .text.CMU_OscillatorEnable
                0x00002c7c       0xd4 ./emlib/em_cmu.o
                0x00002c7c                CMU_OscillatorEnable
 .text.CORE_EnterAtomic
                0x00002d50       0x1c ./emlib/em_core.o
                0x00002d50                CORE_EnterAtomic
 .text.CORE_ExitAtomic
                0x00002d6c       0x18 ./emlib/em_core.o
                0x00002d6c                CORE_ExitAtomic
 .text.GPIO_PinOutClear
                0x00002d84       0xb4 ./emlib/em_gpio.o
 .text.GPIO_PinOutSet
                0x00002e38       0xb4 ./emlib/em_gpio.o
 .text.GPIO_PinModeSet
                0x00002eec      0x1bc ./emlib/em_gpio.o
                0x00002eec                GPIO_PinModeSet
 .text.PRS_SourceAsyncSignalSet
                0x000030a8       0x24 ./emlib/em_prs.o
                0x000030a8                PRS_SourceAsyncSignalSet
 .text.PRS_ConnectSignal
                0x000030cc       0x84 ./emlib/em_prs.o
                0x000030cc                PRS_ConnectSignal
 .text.BUS_RegBitWrite
                0x00003150       0x3c ./emlib/em_rtc.o
 .text.RTC_CompareSet
                0x0000318c       0x5c ./emlib/em_rtc.o
                0x0000318c                RTC_CompareSet
 .text.RTC_Enable
                0x000031e8       0x28 ./emlib/em_rtc.o
                0x000031e8                RTC_Enable
 .text.RTC_FreezeEnable
                0x00003210       0x30 ./emlib/em_rtc.o
                0x00003210                RTC_FreezeEnable
 .text.RTC_Init
                0x00003240       0x4c ./emlib/em_rtc.o
                0x00003240                RTC_Init
 .text.RTC_CounterReset
                0x0000328c       0x16 ./emlib/em_rtc.o
                0x0000328c                RTC_CounterReset
 *fill*         0x000032a2        0x2 
 .text.TIMER_Valid
                0x000032a4       0x38 ./emlib/em_timer.o
 .text.TIMER_Init
                0x000032dc       0xfc ./emlib/em_timer.o
                0x000032dc                TIMER_Init
 .text.TIMER_InitCC
                0x000033d8       0xcc ./emlib/em_timer.o
                0x000033d8                TIMER_InitCC
 .text.prsRxInput
                0x000034a4       0x26 ./emlib/em_usart.o
 *fill*         0x000034ca        0x2 
 .text.USART_BaudrateSyncSet
                0x000034cc       0x80 ./emlib/em_usart.o
                0x000034cc                USART_BaudrateSyncSet
 .text.USART_InitSync
                0x0000354c       0xe0 ./emlib/em_usart.o
                0x0000354c                USART_InitSync
 .text.USART_Reset
                0x0000362c       0x90 ./emlib/em_usart.o
                0x0000362c                USART_Reset
 .text.USART_Tx
                0x000036bc       0x2a ./emlib/em_usart.o
                0x000036bc                USART_Tx
 .text.USART_TxDouble
                0x000036e6       0x2a ./emlib/em_usart.o
                0x000036e6                USART_TxDouble
 .text.__NVIC_SetPriority
                0x00003710       0xdc ./src/main.o
 .text.SysTick_Config
                0x000037ec       0x48 ./src/main.o
 .text.CHIP_Init
                0x00003834       0x14 ./src/main.o
 .text.SysTick_Handler
                0x00003848       0x18 ./src/main.o
                0x00003848                SysTick_Handler
 .text.Delay    0x00003860       0x2c ./src/main.o
 .text.main     0x0000388c       0x94 ./src/main.o
                0x0000388c                main
 .text.BUS_RegBitRead
                0x00003920       0x20 ./src/menu.o
 .text.GPIO_PinInGet
                0x00003940       0xb8 ./src/menu.o
 .text.MenuSelection
                0x000039f8      0x11c ./src/menu.o
                0x000039f8                MenuSelection
 .text.Menu_Init
                0x00003b14       0x14 ./src/menu.o
                0x00003b14                Menu_Init
 .text.Menu     0x00003b28      0x154 ./src/menu.o
                0x00003b28                Menu
 .text.BUS_RegBitRead
                0x00003c7c       0x20 ./src/problema1.o
 .text.GPIO_PinInGet
                0x00003c9c       0xb8 ./src/problema1.o
 .text.GPIO_PinOutGet
                0x00003d54       0xb8 ./src/problema1.o
 .text.Problema1
                0x00003e0c      0x240 ./src/problema1.o
                0x00003e0c                Problema1
 .text.TIMER_MaxCount
                0x0000404c       0x18 ./src/problema2.o
 .text.TIMER_CompareBufSet
                0x00004064       0x48 ./src/problema2.o
 .text.TIMER_TopSet
                0x000040ac       0x3c ./src/problema2.o
 .text.Init_timer
                0x000040e8       0x8c ./src/problema2.o
                0x000040e8                Init_timer
 .text.Problema2
                0x00004174      0x120 ./src/problema2.o
                0x00004174                Problema2
 .text          0x00004294      0x114 c:/siliconlabs/simplicitystudio/v4_2/developer/toolchains/gnu_arm/7.2_2017q4/bin/../lib/gcc/arm-none-eabi/7.2.1/thumb/v6-m\libgcc.a(_udivsi3.o)
                0x00004294                __aeabi_uidiv
                0x00004294                __udivsi3
                0x000043a0                __aeabi_uidivmod
 .text          0x000043a8        0x4 c:/siliconlabs/simplicitystudio/v4_2/developer/toolchains/gnu_arm/7.2_2017q4/bin/../lib/gcc/arm-none-eabi/7.2.1/thumb/v6-m\libgcc.a(_dvmd_tls.o)
                0x000043a8                __aeabi_idiv0
                0x000043a8                __aeabi_ldiv0
 .text          0x000043ac       0x3c c:/siliconlabs/simplicitystudio/v4_2/developer/toolchains/gnu_arm/7.2_2017q4/bin/../lib/gcc/arm-none-eabi/7.2.1/thumb/v6-m\libgcc.a(_clzsi2.o)
                0x000043ac                __clzsi2
 .text.exit     0x000043e8       0x2c c:/siliconlabs/simplicitystudio/v4_2/developer/toolchains/gnu_arm/7.2_2017q4/bin/../lib/gcc/arm-none-eabi/7.2.1/../../../../arm-none-eabi/lib/thumb/v6-m\libc_nano.a(lib_a-exit.o)
                0x000043e8                exit
 .text.__libc_init_array
                0x00004414       0x48 c:/siliconlabs/simplicitystudio/v4_2/developer/toolchains/gnu_arm/7.2_2017q4/bin/../lib/gcc/arm-none-eabi/7.2.1/../../../../arm-none-eabi/lib/thumb/v6-m\libc_nano.a(lib_a-init.o)
                0x00004414                __libc_init_array
 .text.__locale_ctype_ptr
                0x0000445c       0x1c c:/siliconlabs/simplicitystudio/v4_2/developer/toolchains/gnu_arm/7.2_2017q4/bin/../lib/gcc/arm-none-eabi/7.2.1/../../../../arm-none-eabi/lib/thumb/v6-m\libc_nano.a(lib_a-locale.o)
                0x0000445c                __locale_ctype_ptr
 .text.__ascii_mbtowc
                0x00004478       0x24 c:/siliconlabs/simplicitystudio/v4_2/developer/toolchains/gnu_arm/7.2_2017q4/bin/../lib/gcc/arm-none-eabi/7.2.1/../../../../arm-none-eabi/lib/thumb/v6-m\libc_nano.a(lib_a-mbtowc_r.o)
                0x00004478                __ascii_mbtowc
 .text.memcpy   0x0000449c       0x12 c:/siliconlabs/simplicitystudio/v4_2/developer/toolchains/gnu_arm/7.2_2017q4/bin/../lib/gcc/arm-none-eabi/7.2.1/../../../../arm-none-eabi/lib/thumb/v6-m\libc_nano.a(lib_a-memcpy-stub.o)
                0x0000449c                memcpy
 .text.memset   0x000044ae       0x10 c:/siliconlabs/simplicitystudio/v4_2/developer/toolchains/gnu_arm/7.2_2017q4/bin/../lib/gcc/arm-none-eabi/7.2.1/../../../../arm-none-eabi/lib/thumb/v6-m\libc_nano.a(lib_a-memset.o)
                0x000044ae                memset
 *fill*         0x000044be        0x2 
 .text.printf   0x000044c0       0x34 c:/siliconlabs/simplicitystudio/v4_2/developer/toolchains/gnu_arm/7.2_2017q4/bin/../lib/gcc/arm-none-eabi/7.2.1/../../../../arm-none-eabi/lib/thumb/v6-m\libc_nano.a(lib_a-printf.o)
                0x000044c0                iprintf
                0x000044c0                printf
 .text.setvbuf  0x000044f4      0x158 c:/siliconlabs/simplicitystudio/v4_2/developer/toolchains/gnu_arm/7.2_2017q4/bin/../lib/gcc/arm-none-eabi/7.2.1/../../../../arm-none-eabi/lib/thumb/v6-m\libc_nano.a(lib_a-setvbuf.o)
                0x000044f4                setvbuf
 .text.__ascii_wctomb
                0x0000464c       0x18 c:/siliconlabs/simplicitystudio/v4_2/developer/toolchains/gnu_arm/7.2_2017q4/bin/../lib/gcc/arm-none-eabi/7.2.1/../../../../arm-none-eabi/lib/thumb/v6-m\libc_nano.a(lib_a-wctomb_r.o)
                0x0000464c                __ascii_wctomb
 .text.__sflush_r
                0x00004664      0x114 c:/siliconlabs/simplicitystudio/v4_2/developer/toolchains/gnu_arm/7.2_2017q4/bin/../lib/gcc/arm-none-eabi/7.2.1/../../../../arm-none-eabi/lib/thumb/v6-m\libc_nano.a(lib_a-fflush.o)
                0x00004664                __sflush_r
 .text._fflush_r
                0x00004778       0x58 c:/siliconlabs/simplicitystudio/v4_2/developer/toolchains/gnu_arm/7.2_2017q4/bin/../lib/gcc/arm-none-eabi/7.2.1/../../../../arm-none-eabi/lib/thumb/v6-m\libc_nano.a(lib_a-fflush.o)
                0x00004778                _fflush_r
 .text.std      0x000047d0       0x48 c:/siliconlabs/simplicitystudio/v4_2/developer/toolchains/gnu_arm/7.2_2017q4/bin/../lib/gcc/arm-none-eabi/7.2.1/../../../../arm-none-eabi/lib/thumb/v6-m\libc_nano.a(lib_a-findfp.o)
 .text._cleanup_r
                0x00004818       0x10 c:/siliconlabs/simplicitystudio/v4_2/developer/toolchains/gnu_arm/7.2_2017q4/bin/../lib/gcc/arm-none-eabi/7.2.1/../../../../arm-none-eabi/lib/thumb/v6-m\libc_nano.a(lib_a-findfp.o)
                0x00004818                _cleanup_r
 .text.__sfmoreglue
                0x00004828       0x2c c:/siliconlabs/simplicitystudio/v4_2/developer/toolchains/gnu_arm/7.2_2017q4/bin/../lib/gcc/arm-none-eabi/7.2.1/../../../../arm-none-eabi/lib/thumb/v6-m\libc_nano.a(lib_a-findfp.o)
                0x00004828                __sfmoreglue
 .text.__sinit  0x00004854       0x68 c:/siliconlabs/simplicitystudio/v4_2/developer/toolchains/gnu_arm/7.2_2017q4/bin/../lib/gcc/arm-none-eabi/7.2.1/../../../../arm-none-eabi/lib/thumb/v6-m\libc_nano.a(lib_a-findfp.o)
                0x00004854                __sinit
 .text.__sfp    0x000048bc       0x7c c:/siliconlabs/simplicitystudio/v4_2/developer/toolchains/gnu_arm/7.2_2017q4/bin/../lib/gcc/arm-none-eabi/7.2.1/../../../../arm-none-eabi/lib/thumb/v6-m\libc_nano.a(lib_a-findfp.o)
                0x000048bc                __sfp
 .text._fwalk_reent
                0x00004938       0x42 c:/siliconlabs/simplicitystudio/v4_2/developer/toolchains/gnu_arm/7.2_2017q4/bin/../lib/gcc/arm-none-eabi/7.2.1/../../../../arm-none-eabi/lib/thumb/v6-m\libc_nano.a(lib_a-fwalk.o)
                0x00004938                _fwalk_reent
 *fill*         0x0000497a        0x2 
 .text.__swhatbuf_r
                0x0000497c       0x50 c:/siliconlabs/simplicitystudio/v4_2/developer/toolchains/gnu_arm/7.2_2017q4/bin/../lib/gcc/arm-none-eabi/7.2.1/../../../../arm-none-eabi/lib/thumb/v6-m\libc_nano.a(lib_a-makebuf.o)
                0x0000497c                __swhatbuf_r
 .text.__smakebuf_r
                0x000049cc       0x88 c:/siliconlabs/simplicitystudio/v4_2/developer/toolchains/gnu_arm/7.2_2017q4/bin/../lib/gcc/arm-none-eabi/7.2.1/../../../../arm-none-eabi/lib/thumb/v6-m\libc_nano.a(lib_a-makebuf.o)
                0x000049cc                __smakebuf_r
 .text.malloc   0x00004a54       0x14 c:/siliconlabs/simplicitystudio/v4_2/developer/toolchains/gnu_arm/7.2_2017q4/bin/../lib/gcc/arm-none-eabi/7.2.1/../../../../arm-none-eabi/lib/thumb/v6-m\libc_nano.a(lib_a-malloc.o)
                0x00004a54                malloc
 .text._free_r  0x00004a68       0x94 c:/siliconlabs/simplicitystudio/v4_2/developer/toolchains/gnu_arm/7.2_2017q4/bin/../lib/gcc/arm-none-eabi/7.2.1/../../../../arm-none-eabi/lib/thumb/v6-m\libc_nano.a(lib_a-nano-freer.o)
                0x00004a68                _free_r
 .text._malloc_r
                0x00004afc       0xbc c:/siliconlabs/simplicitystudio/v4_2/developer/toolchains/gnu_arm/7.2_2017q4/bin/../lib/gcc/arm-none-eabi/7.2.1/../../../../arm-none-eabi/lib/thumb/v6-m\libc_nano.a(lib_a-nano-mallocr.o)
                0x00004afc                _malloc_r
 .text.__sfputc_r
                0x00004bb8       0x2a c:/siliconlabs/simplicitystudio/v4_2/developer/toolchains/gnu_arm/7.2_2017q4/bin/../lib/gcc/arm-none-eabi/7.2.1/../../../../arm-none-eabi/lib/thumb/v6-m\libc_nano.a(lib_a-nano-vfprintf.o)
 .text.__sfputs_r
                0x00004be2       0x24 c:/siliconlabs/simplicitystudio/v4_2/developer/toolchains/gnu_arm/7.2_2017q4/bin/../lib/gcc/arm-none-eabi/7.2.1/../../../../arm-none-eabi/lib/thumb/v6-m\libc_nano.a(lib_a-nano-vfprintf.o)
                0x00004be2                __sfputs_r
 *fill*         0x00004c06        0x2 
 .text._vfprintf_r
                0x00004c08      0x22c c:/siliconlabs/simplicitystudio/v4_2/developer/toolchains/gnu_arm/7.2_2017q4/bin/../lib/gcc/arm-none-eabi/7.2.1/../../../../arm-none-eabi/lib/thumb/v6-m\libc_nano.a(lib_a-nano-vfprintf.o)
                0x00004c08                _vfprintf_r
                0x00004c08                _vfiprintf_r
 .text._printf_common
                0x00004e34       0xda c:/siliconlabs/simplicitystudio/v4_2/developer/toolchains/gnu_arm/7.2_2017q4/bin/../lib/gcc/arm-none-eabi/7.2.1/../../../../arm-none-eabi/lib/thumb/v6-m\libc_nano.a(lib_a-nano-vfprintf_i.o)
                0x00004e34                _printf_common
 *fill*         0x00004f0e        0x2 
 .text._printf_i
                0x00004f10      0x210 c:/siliconlabs/simplicitystudio/v4_2/developer/toolchains/gnu_arm/7.2_2017q4/bin/../lib/gcc/arm-none-eabi/7.2.1/../../../../arm-none-eabi/lib/thumb/v6-m\libc_nano.a(lib_a-nano-vfprintf_i.o)
                0x00004f10                _printf_i
 .text._sbrk_r  0x00005120       0x24 c:/siliconlabs/simplicitystudio/v4_2/developer/toolchains/gnu_arm/7.2_2017q4/bin/../lib/gcc/arm-none-eabi/7.2.1/../../../../arm-none-eabi/lib/thumb/v6-m\libc_nano.a(lib_a-sbrkr.o)
                0x00005120                _sbrk_r
 .text.__sread  0x00005144       0x28 c:/siliconlabs/simplicitystudio/v4_2/developer/toolchains/gnu_arm/7.2_2017q4/bin/../lib/gcc/arm-none-eabi/7.2.1/../../../../arm-none-eabi/lib/thumb/v6-m\libc_nano.a(lib_a-stdio.o)
                0x00005144                __sread
 .text.__swrite
                0x0000516c       0x38 c:/siliconlabs/simplicitystudio/v4_2/developer/toolchains/gnu_arm/7.2_2017q4/bin/../lib/gcc/arm-none-eabi/7.2.1/../../../../arm-none-eabi/lib/thumb/v6-m\libc_nano.a(lib_a-stdio.o)
                0x0000516c                __swrite
 .text.__sseek  0x000051a4       0x2c c:/siliconlabs/simplicitystudio/v4_2/developer/toolchains/gnu_arm/7.2_2017q4/bin/../lib/gcc/arm-none-eabi/7.2.1/../../../../arm-none-eabi/lib/thumb/v6-m\libc_nano.a(lib_a-stdio.o)
                0x000051a4                __sseek
 .text.__sclose
                0x000051d0        0xc c:/siliconlabs/simplicitystudio/v4_2/developer/toolchains/gnu_arm/7.2_2017q4/bin/../lib/gcc/arm-none-eabi/7.2.1/../../../../arm-none-eabi/lib/thumb/v6-m\libc_nano.a(lib_a-stdio.o)
                0x000051d0                __sclose
 .text.__swbuf_r
                0x000051dc       0xac c:/siliconlabs/simplicitystudio/v4_2/developer/toolchains/gnu_arm/7.2_2017q4/bin/../lib/gcc/arm-none-eabi/7.2.1/../../../../arm-none-eabi/lib/thumb/v6-m\libc_nano.a(lib_a-wbuf.o)
                0x000051dc                __swbuf_r
 .text._write_r
                0x00005288       0x28 c:/siliconlabs/simplicitystudio/v4_2/developer/toolchains/gnu_arm/7.2_2017q4/bin/../lib/gcc/arm-none-eabi/7.2.1/../../../../arm-none-eabi/lib/thumb/v6-m\libc_nano.a(lib_a-writer.o)
                0x00005288                _write_r
 .text.__swsetup_r
                0x000052b0       0xec c:/siliconlabs/simplicitystudio/v4_2/developer/toolchains/gnu_arm/7.2_2017q4/bin/../lib/gcc/arm-none-eabi/7.2.1/../../../../arm-none-eabi/lib/thumb/v6-m\libc_nano.a(lib_a-wsetup.o)
                0x000052b0                __swsetup_r
 .text._close_r
                0x0000539c       0x24 c:/siliconlabs/simplicitystudio/v4_2/developer/toolchains/gnu_arm/7.2_2017q4/bin/../lib/gcc/arm-none-eabi/7.2.1/../../../../arm-none-eabi/lib/thumb/v6-m\libc_nano.a(lib_a-closer.o)
                0x0000539c                _close_r
 .text._fstat_r
                0x000053c0       0x24 c:/siliconlabs/simplicitystudio/v4_2/developer/toolchains/gnu_arm/7.2_2017q4/bin/../lib/gcc/arm-none-eabi/7.2.1/../../../../arm-none-eabi/lib/thumb/v6-m\libc_nano.a(lib_a-fstatr.o)
                0x000053c0                _fstat_r
 .text._isatty_r
                0x000053e4       0x24 c:/siliconlabs/simplicitystudio/v4_2/developer/toolchains/gnu_arm/7.2_2017q4/bin/../lib/gcc/arm-none-eabi/7.2.1/../../../../arm-none-eabi/lib/thumb/v6-m\libc_nano.a(lib_a-isattyr.o)
                0x000053e4                _isatty_r
 .text._lseek_r
                0x00005408       0x28 c:/siliconlabs/simplicitystudio/v4_2/developer/toolchains/gnu_arm/7.2_2017q4/bin/../lib/gcc/arm-none-eabi/7.2.1/../../../../arm-none-eabi/lib/thumb/v6-m\libc_nano.a(lib_a-lseekr.o)
                0x00005408                _lseek_r
 .text.memchr   0x00005430       0x16 c:/siliconlabs/simplicitystudio/v4_2/developer/toolchains/gnu_arm/7.2_2017q4/bin/../lib/gcc/arm-none-eabi/7.2.1/../../../../arm-none-eabi/lib/thumb/v6-m\libc_nano.a(lib_a-memchr-stub.o)
                0x00005430                memchr
 .text.__malloc_lock
                0x00005446        0x2 c:/siliconlabs/simplicitystudio/v4_2/developer/toolchains/gnu_arm/7.2_2017q4/bin/../lib/gcc/arm-none-eabi/7.2.1/../../../../arm-none-eabi/lib/thumb/v6-m\libc_nano.a(lib_a-mlock.o)
                0x00005446                __malloc_lock
 .text.__malloc_unlock
                0x00005448        0x2 c:/siliconlabs/simplicitystudio/v4_2/developer/toolchains/gnu_arm/7.2_2017q4/bin/../lib/gcc/arm-none-eabi/7.2.1/../../../../arm-none-eabi/lib/thumb/v6-m\libc_nano.a(lib_a-mlock.o)
                0x00005448                __malloc_unlock
 *fill*         0x0000544a        0x2 
 .text._read_r  0x0000544c       0x28 c:/siliconlabs/simplicitystudio/v4_2/developer/toolchains/gnu_arm/7.2_2017q4/bin/../lib/gcc/arm-none-eabi/7.2.1/../../../../arm-none-eabi/lib/thumb/v6-m\libc_nano.a(lib_a-readr.o)
                0x0000544c                _read_r
 *(.init)
 .init          0x00005474        0x4 c:/siliconlabs/simplicitystudio/v4_2/developer/toolchains/gnu_arm/7.2_2017q4/bin/../lib/gcc/arm-none-eabi/7.2.1/thumb/v6-m/crti.o
                0x00005474                _init
 .init          0x00005478        0x8 c:/siliconlabs/simplicitystudio/v4_2/developer/toolchains/gnu_arm/7.2_2017q4/bin/../lib/gcc/arm-none-eabi/7.2.1/thumb/v6-m/crtn.o
 *(.fini)
 .fini          0x00005480        0x4 c:/siliconlabs/simplicitystudio/v4_2/developer/toolchains/gnu_arm/7.2_2017q4/bin/../lib/gcc/arm-none-eabi/7.2.1/thumb/v6-m/crti.o
                0x00005480                _fini
 .fini          0x00005484        0x8 c:/siliconlabs/simplicitystudio/v4_2/developer/toolchains/gnu_arm/7.2_2017q4/bin/../lib/gcc/arm-none-eabi/7.2.1/thumb/v6-m/crtn.o
 *crtbegin.o(.ctors)
 *crtbegin?.o(.ctors)
 *(EXCLUDE_FILE(*crtend.o *crtend?.o) .ctors)
 *(SORT_BY_NAME(.ctors.*))
 *(.ctors)
 *crtbegin.o(.dtors)
 *crtbegin?.o(.dtors)
 *(EXCLUDE_FILE(*crtend.o *crtend?.o) .dtors)
 *(SORT_BY_NAME(.dtors.*))
 *(.dtors)
 *(.rodata*)
 .rodata        0x0000548c       0x66 ./BSP/bsp_stk_leds.o
 *fill*         0x000054f2        0x2 
 .rodata.ledArray
                0x000054f4       0x10 ./BSP/bsp_stk_leds.o
 .rodata.channelsInUse
                0x00005504        0x8 ./Drivers/capsense.o
 .rodata        0x0000550c       0x14 ./Drivers/capsense.o
 .rodata        0x00005520       0x15 ./Drivers/displayls013b7dh03.o
 *fill*         0x00005535        0x3 
 .rodata        0x00005538       0x83 ./Drivers/displaypalemlib.o
 *fill*         0x000055bb        0x1 
 .rodata.chars_6x8_bits
                0x000055bc      0x320 ./Drivers/textdisplay.o
 .rodata        0x000058dc        0x3 ./Drivers/udelay.o
 *fill*         0x000058df        0x1 
 .rodata        0x000058e0       0x66 ./emlib/em_acmp.o
 *fill*         0x00005946        0x2 
 .rodata        0x00005948      0x135 ./emlib/em_cmu.o
 *fill*         0x00005a7d        0x3 
 .rodata.CMU_ClockEnable
                0x00005a80       0x2c ./emlib/em_cmu.o
 .rodata.CMU_ClockSelectSet
                0x00005aac       0x58 ./emlib/em_cmu.o
 .rodata.CMU_OscillatorEnable
                0x00005b04       0x14 ./emlib/em_cmu.o
 .rodata        0x00005b18       0xce ./emlib/em_gpio.o
 *fill*         0x00005be6        0x2 
 .rodata        0x00005be8       0x65 ./emlib/em_prs.o
 *fill*         0x00005c4d        0x3 
 .rodata        0x00005c50       0x65 ./emlib/em_rtc.o
 *fill*         0x00005cb5        0x3 
 .rodata        0x00005cb8       0x14 ./emlib/em_timer.o
 .rodata        0x00005ccc       0x67 ./emlib/em_usart.o
 *fill*         0x00005d33        0x1 
 .rodata        0x00005d34       0xc6 ./src/menu.o
 *fill*         0x00005dfa        0x2 
 .rodata.Menu   0x00005dfc       0x14 ./src/menu.o
 .rodata        0x00005e10       0x66 ./src/problema1.o
 *fill*         0x00005e76        0x2 
 .rodata        0x00005e78       0x2e ./src/problema2.o
 *fill*         0x00005ea6        0x2 
 .rodata._global_impure_ptr
                0x00005ea8        0x4 c:/siliconlabs/simplicitystudio/v4_2/developer/toolchains/gnu_arm/7.2_2017q4/bin/../lib/gcc/arm-none-eabi/7.2.1/../../../../arm-none-eabi/lib/thumb/v6-m\libc_nano.a(lib_a-impure.o)
                0x00005ea8                _global_impure_ptr
 .rodata._setlocale_r.str1.1
                0x00005eac        0x8 c:/siliconlabs/simplicitystudio/v4_2/developer/toolchains/gnu_arm/7.2_2017q4/bin/../lib/gcc/arm-none-eabi/7.2.1/../../../../arm-none-eabi/lib/thumb/v6-m\libc_nano.a(lib_a-locale.o)
                                  0x9 (size before relaxing)
 .rodata.str1.1
                0x00005eb4        0x2 c:/siliconlabs/simplicitystudio/v4_2/developer/toolchains/gnu_arm/7.2_2017q4/bin/../lib/gcc/arm-none-eabi/7.2.1/../../../../arm-none-eabi/lib/thumb/v6-m\libc_nano.a(lib_a-locale.o)
 .rodata._ctype_
                0x00005eb6      0x101 c:/siliconlabs/simplicitystudio/v4_2/developer/toolchains/gnu_arm/7.2_2017q4/bin/../lib/gcc/arm-none-eabi/7.2.1/../../../../arm-none-eabi/lib/thumb/v6-m\libc_nano.a(lib_a-ctype_.o)
                0x00005eb6                _ctype_
 *fill*         0x00005fb7        0x1 
 .rodata.__sf_fake_stderr
                0x00005fb8       0x20 c:/siliconlabs/simplicitystudio/v4_2/developer/toolchains/gnu_arm/7.2_2017q4/bin/../lib/gcc/arm-none-eabi/7.2.1/../../../../arm-none-eabi/lib/thumb/v6-m\libc_nano.a(lib_a-findfp.o)
                0x00005fb8                __sf_fake_stderr
 .rodata.__sf_fake_stdin
                0x00005fd8       0x20 c:/siliconlabs/simplicitystudio/v4_2/developer/toolchains/gnu_arm/7.2_2017q4/bin/../lib/gcc/arm-none-eabi/7.2.1/../../../../arm-none-eabi/lib/thumb/v6-m\libc_nano.a(lib_a-findfp.o)
                0x00005fd8                __sf_fake_stdin
 .rodata.__sf_fake_stdout
                0x00005ff8       0x20 c:/siliconlabs/simplicitystudio/v4_2/developer/toolchains/gnu_arm/7.2_2017q4/bin/../lib/gcc/arm-none-eabi/7.2.1/../../../../arm-none-eabi/lib/thumb/v6-m\libc_nano.a(lib_a-findfp.o)
                0x00005ff8                __sf_fake_stdout
 .rodata._vfprintf_r.str1.1
                0x00006018       0x11 c:/siliconlabs/simplicitystudio/v4_2/developer/toolchains/gnu_arm/7.2_2017q4/bin/../lib/gcc/arm-none-eabi/7.2.1/../../../../arm-none-eabi/lib/thumb/v6-m\libc_nano.a(lib_a-nano-vfprintf.o)
 .rodata._printf_i.str1.1
                0x00006029       0x22 c:/siliconlabs/simplicitystudio/v4_2/developer/toolchains/gnu_arm/7.2_2017q4/bin/../lib/gcc/arm-none-eabi/7.2.1/../../../../arm-none-eabi/lib/thumb/v6-m\libc_nano.a(lib_a-nano-vfprintf_i.o)
 *(.eh_frame*)
 *fill*         0x0000604b        0x1 
 .eh_frame      0x0000604c        0x0 c:/siliconlabs/simplicitystudio/v4_2/developer/toolchains/gnu_arm/7.2_2017q4/bin/../lib/gcc/arm-none-eabi/7.2.1/thumb/v6-m/crtbegin.o
 .eh_frame      0x0000604c        0x4 c:/siliconlabs/simplicitystudio/v4_2/developer/toolchains/gnu_arm/7.2_2017q4/bin/../lib/gcc/arm-none-eabi/7.2.1/thumb/v6-m/crtend.o

.glue_7         0x00006050        0x0
 .glue_7        0x00006050        0x0 linker stubs

.glue_7t        0x00006050        0x0
 .glue_7t       0x00006050        0x0 linker stubs

.vfp11_veneer   0x00006050        0x0
 .vfp11_veneer  0x00006050        0x0 linker stubs

.v4_bx          0x00006050        0x0
 .v4_bx         0x00006050        0x0 linker stubs

.iplt           0x00006050        0x0
 .iplt          0x00006050        0x0 c:/siliconlabs/simplicitystudio/v4_2/developer/toolchains/gnu_arm/7.2_2017q4/bin/../lib/gcc/arm-none-eabi/7.2.1/thumb/v6-m/crtbegin.o

.ARM.extab
 *(.ARM.extab* .gnu.linkonce.armextab.*)
                0x00006050                __exidx_start = .

.ARM.exidx      0x00006050        0x8
 *(.ARM.exidx* .gnu.linkonce.armexidx.*)
 .ARM.exidx     0x00006050        0x8 c:/siliconlabs/simplicitystudio/v4_2/developer/toolchains/gnu_arm/7.2_2017q4/bin/../lib/gcc/arm-none-eabi/7.2.1/../../../../arm-none-eabi/lib/thumb/v6-m/crt0.o
                0x00006058                __exidx_end = .
                0x00006058                __etext = .

.rel.dyn        0x00006058        0x0
 .rel.iplt      0x00006058        0x0 c:/siliconlabs/simplicitystudio/v4_2/developer/toolchains/gnu_arm/7.2_2017q4/bin/../lib/gcc/arm-none-eabi/7.2.1/thumb/v6-m/crtbegin.o

.data           0x20000000      0x210 load address 0x00006058
                0x20000000                __data_start__ = .
 *(vtable)
 *(.data*)
 .data.SystemHFXOClock
                0x20000000        0x4 ./CMSIS/EFM32ZG/system_efm32zg.o
 .data.SystemLFXOClock
                0x20000004        0x4 ./CMSIS/EFM32ZG/system_efm32zg.o
 .data.SystemCoreClock
                0x20000008        0x4 ./CMSIS/EFM32ZG/system_efm32zg.o
                0x20000008                SystemCoreClock
 .data.pDisplayDeviceDriverInitFunctions
                0x2000000c        0x8 ./Drivers/display.o
 .data.pixelMatrixPool
                0x20000014        0x4 ./Drivers/displayls013b7dh03.o
 .data.charBufferTbl
                0x20000018       0x10 ./Drivers/textdisplay.o
 .data.loops_per_jiffy
                0x20000028        0x4 ./Drivers/udelay.o
                0x20000028                loops_per_jiffy
 .data.arrow    0x2000002c        0x4 ./src/menu.o
                0x2000002c                arrow
 .data.pressed_btn0
                0x20000030        0x1 ./src/problema1.o
                0x20000030                pressed_btn0
 .data.pressed_btn1
                0x20000031        0x1 ./src/problema1.o
                0x20000031                pressed_btn1
 .data.past_button0_state
                0x20000032        0x1 ./src/problema1.o
                0x20000032                past_button0_state
 .data.past_button1_state
                0x20000033        0x1 ./src/problema1.o
                0x20000033                past_button1_state
 .data.i_step   0x20000034        0x4 ./src/problema2.o
                0x20000034                i_step
 .data._impure_ptr
                0x20000038        0x4 c:/siliconlabs/simplicitystudio/v4_2/developer/toolchains/gnu_arm/7.2_2017q4/bin/../lib/gcc/arm-none-eabi/7.2.1/../../../../arm-none-eabi/lib/thumb/v6-m\libc_nano.a(lib_a-impure.o)
                0x20000038                _impure_ptr
 .data.impure_data
                0x2000003c       0x60 c:/siliconlabs/simplicitystudio/v4_2/developer/toolchains/gnu_arm/7.2_2017q4/bin/../lib/gcc/arm-none-eabi/7.2.1/../../../../arm-none-eabi/lib/thumb/v6-m\libc_nano.a(lib_a-impure.o)
 .data.__global_locale
                0x2000009c      0x16c c:/siliconlabs/simplicitystudio/v4_2/developer/toolchains/gnu_arm/7.2_2017q4/bin/../lib/gcc/arm-none-eabi/7.2.1/../../../../arm-none-eabi/lib/thumb/v6-m\libc_nano.a(lib_a-locale.o)
                0x2000009c                __global_locale
                0x20000208                . = ALIGN (0x4)
                [!provide]                PROVIDE (__ram_func_section_start, .)
 *(.ram)
                [!provide]                PROVIDE (__ram_func_section_end, .)
                0x20000208                . = ALIGN (0x4)
                0x20000208                PROVIDE (__preinit_array_start, .)
 *(.preinit_array)
                0x20000208                PROVIDE (__preinit_array_end, .)
                0x20000208                . = ALIGN (0x4)
                0x20000208                PROVIDE (__init_array_start, .)
 *(SORT_BY_NAME(.init_array.*))
 *(.init_array)
 .init_array    0x20000208        0x4 c:/siliconlabs/simplicitystudio/v4_2/developer/toolchains/gnu_arm/7.2_2017q4/bin/../lib/gcc/arm-none-eabi/7.2.1/thumb/v6-m/crtbegin.o
                0x2000020c                PROVIDE (__init_array_end, .)
                0x2000020c                . = ALIGN (0x4)
                [!provide]                PROVIDE (__fini_array_start, .)
 *(SORT_BY_NAME(.fini_array.*))
 *(.fini_array)
 .fini_array    0x2000020c        0x4 c:/siliconlabs/simplicitystudio/v4_2/developer/toolchains/gnu_arm/7.2_2017q4/bin/../lib/gcc/arm-none-eabi/7.2.1/thumb/v6-m/crtbegin.o
                [!provide]                PROVIDE (__fini_array_end, .)
 *(.jcr*)
                0x20000210                . = ALIGN (0x4)
                0x20000210                __data_end__ = .

.igot.plt       0x20000210        0x0 load address 0x00006268
 .igot.plt      0x20000210        0x0 c:/siliconlabs/simplicitystudio/v4_2/developer/toolchains/gnu_arm/7.2_2017q4/bin/../lib/gcc/arm-none-eabi/7.2.1/thumb/v6-m/crtbegin.o

.bss            0x20000210      0x340 load address 0x00006268
                0x20000210                . = ALIGN (0x4)
                0x20000210                __bss_start__ = .
 *(.bss*)
 .bss           0x20000210       0x1c c:/siliconlabs/simplicitystudio/v4_2/developer/toolchains/gnu_arm/7.2_2017q4/bin/../lib/gcc/arm-none-eabi/7.2.1/thumb/v6-m/crtbegin.o
 .bss.currentChannel
                0x2000022c        0x1 ./Drivers/capsense.o
 .bss.measurementComplete
                0x2000022d        0x1 ./Drivers/capsense.o
 *fill*         0x2000022e        0x2 
 .bss.channelValues
                0x20000230       0x20 ./Drivers/capsense.o
 .bss.channelMaxValues
                0x20000250       0x20 ./Drivers/capsense.o
 .bss.deviceTable
                0x20000270       0x2c ./Drivers/display.o
 .bss.moduleInitialized
                0x2000029c        0x1 ./Drivers/display.o
 *fill*         0x2000029d        0x3 
 .bss.devicesRegistered
                0x200002a0        0x4 ./Drivers/display.o
 .bss.lcdPolarity
                0x200002a4        0x1 ./Drivers/displayls013b7dh03.o
 *fill*         0x200002a5        0x3 
 .bss.pixelMatrixPoolBase
                0x200002a8       0x80 ./Drivers/displayls013b7dh03.o
 .bss.heap_end.8282
                0x20000328        0x4 ./Drivers/retargetio.o
 .bss.textDisplayHandle
                0x2000032c        0x4 ./Drivers/retargettextdisplay.o
                0x2000032c                textDisplayHandle
 .bss.textdisplayTbl
                0x20000330       0x58 ./Drivers/textdisplay.o
 .bss.msTicks   0x20000388        0x4 ./src/main.o
 .bss.blink_state0
                0x2000038c        0x1 ./src/problema1.o
                0x2000038c                blink_state0
 .bss.blink_state1
                0x2000038d        0x1 ./src/problema1.o
                0x2000038d                blink_state1
 *fill*         0x2000038e        0x2 
 .bss.count_btn0
                0x20000390        0x4 ./src/problema1.o
                0x20000390                count_btn0
 .bss.count_btn1
                0x20000394        0x4 ./src/problema1.o
                0x20000394                count_btn1
 .bss.blink_led0_count
                0x20000398        0x4 ./src/problema1.o
                0x20000398                blink_led0_count
 .bss.blink_led1_count
                0x2000039c        0x4 ./src/problema1.o
                0x2000039c                blink_led1_count
 .bss.count_time
                0x200003a0        0x4 ./src/problema1.o
                0x200003a0                count_time
 .bss.intensity
                0x200003a4        0x4 ./src/problema2.o
                0x200003a4                intensity
 .bss.__malloc_free_list
                0x200003a8        0x4 c:/siliconlabs/simplicitystudio/v4_2/developer/toolchains/gnu_arm/7.2_2017q4/bin/../lib/gcc/arm-none-eabi/7.2.1/../../../../arm-none-eabi/lib/thumb/v6-m\libc_nano.a(lib_a-nano-mallocr.o)
                0x200003a8                __malloc_free_list
 .bss.__malloc_sbrk_start
                0x200003ac        0x4 c:/siliconlabs/simplicitystudio/v4_2/developer/toolchains/gnu_arm/7.2_2017q4/bin/../lib/gcc/arm-none-eabi/7.2.1/../../../../arm-none-eabi/lib/thumb/v6-m\libc_nano.a(lib_a-nano-mallocr.o)
                0x200003ac                __malloc_sbrk_start
 *(COMMON)
 COMMON         0x200003b0      0x190 ./Drivers/textdisplay.o
                0x200003b0                charBufferDevice0
                0x20000500                charArrayDevice0
 COMMON         0x20000540        0xa ./src/main.o
                0x20000540                live_button0_state
                0x20000541                past_cap0_state
                0x20000542                live_led0_state
                0x20000543                state
                0x20000544                live_cap0_state
                0x20000545                live_cap1_state
                0x20000546                past_cap1_state
                0x20000547                live_button1_state
                0x20000548                problema2_state
                0x20000549                live_led1_state
 *fill*         0x2000054a        0x2 
 COMMON         0x2000054c        0x4 c:/siliconlabs/simplicitystudio/v4_2/developer/toolchains/gnu_arm/7.2_2017q4/bin/../lib/gcc/arm-none-eabi/7.2.1/../../../../arm-none-eabi/lib/thumb/v6-m\libc_nano.a(lib_a-reent.o)
                0x2000054c                errno
                0x20000550                . = ALIGN (0x4)
                0x20000550                __bss_end__ = .

.heap           0x20000550        0x0
                0x20000550                __HeapBase = .
                0x20000550                __end__ = .
                0x20000550                end = __end__
                0x20000550                _end = __end__
 *(.heap*)
 .heap          0x20000550        0x0 ./CMSIS/EFM32ZG/startup_efm32zg.o
                0x20000550                __HeapLimit = .

.stack_dummy    0x20000550      0x400
 *(.stack*)
 .stack         0x20000550      0x400 ./CMSIS/EFM32ZG/startup_efm32zg.o
                0x20001000                __StackTop = (ORIGIN (RAM) + LENGTH (RAM))
                0x20000c00                __StackLimit = (__StackTop - SIZEOF (.stack_dummy))
                0x20001000                PROVIDE (__stack, __StackTop)
                0x00000001                ASSERT ((__StackLimit >= __HeapLimit), region RAM overflowed with stack)
                0x00000001                ASSERT ((LENGTH (FLASH) >= (__etext + SIZEOF (.data))), FLASH memory overflowed !)
OUTPUT(STK3200_touch_3.axf elf32-littlearm)

.ARM.attributes
                0x00000000       0x28
 .ARM.attributes
                0x00000000       0x1e c:/siliconlabs/simplicitystudio/v4_2/developer/toolchains/gnu_arm/7.2_2017q4/bin/../lib/gcc/arm-none-eabi/7.2.1/thumb/v6-m/crti.o
 .ARM.attributes
                0x0000001e       0x2c c:/siliconlabs/simplicitystudio/v4_2/developer/toolchains/gnu_arm/7.2_2017q4/bin/../lib/gcc/arm-none-eabi/7.2.1/thumb/v6-m/crtbegin.o
 .ARM.attributes
                0x0000004a       0x1b c:/siliconlabs/simplicitystudio/v4_2/developer/toolchains/gnu_arm/7.2_2017q4/bin/../lib/gcc/arm-none-eabi/7.2.1/../../../../arm-none-eabi/lib/thumb/v6-m/crt0.o
 .ARM.attributes
                0x00000065       0x32 ./BSP/bsp_stk_leds.o
 .ARM.attributes
                0x00000097       0x1b ./CMSIS/EFM32ZG/startup_efm32zg.o
 .ARM.attributes
                0x000000b2       0x32 ./CMSIS/EFM32ZG/system_efm32zg.o
 .ARM.attributes
                0x000000e4       0x32 ./Drivers/capsense.o
 .ARM.attributes
                0x00000116       0x32 ./Drivers/display.o
 .ARM.attributes
                0x00000148       0x32 ./Drivers/displayls013b7dh03.o
 .ARM.attributes
                0x0000017a       0x32 ./Drivers/displaypalemlib.o
 .ARM.attributes
                0x000001ac       0x32 ./Drivers/retargetio.o
 .ARM.attributes
                0x000001de       0x32 ./Drivers/retargettextdisplay.o
 .ARM.attributes
                0x00000210       0x32 ./Drivers/textdisplay.o
 .ARM.attributes
                0x00000242       0x2b ./Drivers/udelay.o
 .ARM.attributes
                0x0000026d       0x32 ./emlib/em_acmp.o
 .ARM.attributes
                0x0000029f       0x32 ./emlib/em_assert.o
 .ARM.attributes
                0x000002d1       0x32 ./emlib/em_cmu.o
 .ARM.attributes
                0x00000303       0x32 ./emlib/em_core.o
 .ARM.attributes
                0x00000335       0x32 ./emlib/em_gpio.o
 .ARM.attributes
                0x00000367       0x32 ./emlib/em_prs.o
 .ARM.attributes
                0x00000399       0x32 ./emlib/em_rtc.o
 .ARM.attributes
                0x000003cb       0x32 ./emlib/em_timer.o
 .ARM.attributes
                0x000003fd       0x32 ./emlib/em_usart.o
 .ARM.attributes
                0x0000042f       0x32 ./src/main.o
 .ARM.attributes
                0x00000461       0x32 ./src/menu.o
 .ARM.attributes
                0x00000493       0x32 ./src/problema1.o
 .ARM.attributes
                0x000004c5       0x32 ./src/problema2.o
 .ARM.attributes
                0x000004f7       0x1e c:/siliconlabs/simplicitystudio/v4_2/developer/toolchains/gnu_arm/7.2_2017q4/bin/../lib/gcc/arm-none-eabi/7.2.1/thumb/v6-m\libgcc.a(_udivsi3.o)
 .ARM.attributes
                0x00000515       0x1e c:/siliconlabs/simplicitystudio/v4_2/developer/toolchains/gnu_arm/7.2_2017q4/bin/../lib/gcc/arm-none-eabi/7.2.1/thumb/v6-m\libgcc.a(_dvmd_tls.o)
 .ARM.attributes
                0x00000533       0x1e c:/siliconlabs/simplicitystudio/v4_2/developer/toolchains/gnu_arm/7.2_2017q4/bin/../lib/gcc/arm-none-eabi/7.2.1/thumb/v6-m\libgcc.a(_clzsi2.o)
 .ARM.attributes
                0x00000551       0x2c c:/siliconlabs/simplicitystudio/v4_2/developer/toolchains/gnu_arm/7.2_2017q4/bin/../lib/gcc/arm-none-eabi/7.2.1/../../../../arm-none-eabi/lib/thumb/v6-m\libc_nano.a(lib_a-exit.o)
 .ARM.attributes
                0x0000057d       0x2c c:/siliconlabs/simplicitystudio/v4_2/developer/toolchains/gnu_arm/7.2_2017q4/bin/../lib/gcc/arm-none-eabi/7.2.1/../../../../arm-none-eabi/lib/thumb/v6-m\libc_nano.a(lib_a-impure.o)
 .ARM.attributes
                0x000005a9       0x2c c:/siliconlabs/simplicitystudio/v4_2/developer/toolchains/gnu_arm/7.2_2017q4/bin/../lib/gcc/arm-none-eabi/7.2.1/../../../../arm-none-eabi/lib/thumb/v6-m\libc_nano.a(lib_a-init.o)
 .ARM.attributes
                0x000005d5       0x2c c:/siliconlabs/simplicitystudio/v4_2/developer/toolchains/gnu_arm/7.2_2017q4/bin/../lib/gcc/arm-none-eabi/7.2.1/../../../../arm-none-eabi/lib/thumb/v6-m\libc_nano.a(lib_a-locale.o)
 .ARM.attributes
                0x00000601       0x2c c:/siliconlabs/simplicitystudio/v4_2/developer/toolchains/gnu_arm/7.2_2017q4/bin/../lib/gcc/arm-none-eabi/7.2.1/../../../../arm-none-eabi/lib/thumb/v6-m\libc_nano.a(lib_a-mbtowc_r.o)
 .ARM.attributes
                0x0000062d       0x2c c:/siliconlabs/simplicitystudio/v4_2/developer/toolchains/gnu_arm/7.2_2017q4/bin/../lib/gcc/arm-none-eabi/7.2.1/../../../../arm-none-eabi/lib/thumb/v6-m\libc_nano.a(lib_a-memcpy-stub.o)
 .ARM.attributes
                0x00000659       0x2c c:/siliconlabs/simplicitystudio/v4_2/developer/toolchains/gnu_arm/7.2_2017q4/bin/../lib/gcc/arm-none-eabi/7.2.1/../../../../arm-none-eabi/lib/thumb/v6-m\libc_nano.a(lib_a-memset.o)
 .ARM.attributes
                0x00000685       0x2c c:/siliconlabs/simplicitystudio/v4_2/developer/toolchains/gnu_arm/7.2_2017q4/bin/../lib/gcc/arm-none-eabi/7.2.1/../../../../arm-none-eabi/lib/thumb/v6-m\libc_nano.a(lib_a-printf.o)
 .ARM.attributes
                0x000006b1       0x2c c:/siliconlabs/simplicitystudio/v4_2/developer/toolchains/gnu_arm/7.2_2017q4/bin/../lib/gcc/arm-none-eabi/7.2.1/../../../../arm-none-eabi/lib/thumb/v6-m\libc_nano.a(lib_a-setvbuf.o)
 .ARM.attributes
                0x000006dd       0x2c c:/siliconlabs/simplicitystudio/v4_2/developer/toolchains/gnu_arm/7.2_2017q4/bin/../lib/gcc/arm-none-eabi/7.2.1/../../../../arm-none-eabi/lib/thumb/v6-m\libc_nano.a(lib_a-wctomb_r.o)
 .ARM.attributes
                0x00000709       0x2c c:/siliconlabs/simplicitystudio/v4_2/developer/toolchains/gnu_arm/7.2_2017q4/bin/../lib/gcc/arm-none-eabi/7.2.1/../../../../arm-none-eabi/lib/thumb/v6-m\libc_nano.a(lib_a-ctype_.o)
 .ARM.attributes
                0x00000735       0x2c c:/siliconlabs/simplicitystudio/v4_2/developer/toolchains/gnu_arm/7.2_2017q4/bin/../lib/gcc/arm-none-eabi/7.2.1/../../../../arm-none-eabi/lib/thumb/v6-m\libc_nano.a(lib_a-fflush.o)
 .ARM.attributes
                0x00000761       0x2c c:/siliconlabs/simplicitystudio/v4_2/developer/toolchains/gnu_arm/7.2_2017q4/bin/../lib/gcc/arm-none-eabi/7.2.1/../../../../arm-none-eabi/lib/thumb/v6-m\libc_nano.a(lib_a-findfp.o)
 .ARM.attributes
                0x0000078d       0x2c c:/siliconlabs/simplicitystudio/v4_2/developer/toolchains/gnu_arm/7.2_2017q4/bin/../lib/gcc/arm-none-eabi/7.2.1/../../../../arm-none-eabi/lib/thumb/v6-m\libc_nano.a(lib_a-fwalk.o)
 .ARM.attributes
                0x000007b9       0x2c c:/siliconlabs/simplicitystudio/v4_2/developer/toolchains/gnu_arm/7.2_2017q4/bin/../lib/gcc/arm-none-eabi/7.2.1/../../../../arm-none-eabi/lib/thumb/v6-m\libc_nano.a(lib_a-makebuf.o)
 .ARM.attributes
                0x000007e5       0x2c c:/siliconlabs/simplicitystudio/v4_2/developer/toolchains/gnu_arm/7.2_2017q4/bin/../lib/gcc/arm-none-eabi/7.2.1/../../../../arm-none-eabi/lib/thumb/v6-m\libc_nano.a(lib_a-malloc.o)
 .ARM.attributes
                0x00000811       0x2c c:/siliconlabs/simplicitystudio/v4_2/developer/toolchains/gnu_arm/7.2_2017q4/bin/../lib/gcc/arm-none-eabi/7.2.1/../../../../arm-none-eabi/lib/thumb/v6-m\libc_nano.a(lib_a-nano-freer.o)
 .ARM.attributes
                0x0000083d       0x2c c:/siliconlabs/simplicitystudio/v4_2/developer/toolchains/gnu_arm/7.2_2017q4/bin/../lib/gcc/arm-none-eabi/7.2.1/../../../../arm-none-eabi/lib/thumb/v6-m\libc_nano.a(lib_a-nano-mallocr.o)
 .ARM.attributes
                0x00000869       0x2c c:/siliconlabs/simplicitystudio/v4_2/developer/toolchains/gnu_arm/7.2_2017q4/bin/../lib/gcc/arm-none-eabi/7.2.1/../../../../arm-none-eabi/lib/thumb/v6-m\libc_nano.a(lib_a-nano-vfprintf.o)
 .ARM.attributes
                0x00000895       0x2c c:/siliconlabs/simplicitystudio/v4_2/developer/toolchains/gnu_arm/7.2_2017q4/bin/../lib/gcc/arm-none-eabi/7.2.1/../../../../arm-none-eabi/lib/thumb/v6-m\libc_nano.a(lib_a-nano-vfprintf_i.o)
 .ARM.attributes
                0x000008c1       0x2c c:/siliconlabs/simplicitystudio/v4_2/developer/toolchains/gnu_arm/7.2_2017q4/bin/../lib/gcc/arm-none-eabi/7.2.1/../../../../arm-none-eabi/lib/thumb/v6-m\libc_nano.a(lib_a-sbrkr.o)
 .ARM.attributes
                0x000008ed       0x2c c:/siliconlabs/simplicitystudio/v4_2/developer/toolchains/gnu_arm/7.2_2017q4/bin/../lib/gcc/arm-none-eabi/7.2.1/../../../../arm-none-eabi/lib/thumb/v6-m\libc_nano.a(lib_a-stdio.o)
 .ARM.attributes
                0x00000919       0x2c c:/siliconlabs/simplicitystudio/v4_2/developer/toolchains/gnu_arm/7.2_2017q4/bin/../lib/gcc/arm-none-eabi/7.2.1/../../../../arm-none-eabi/lib/thumb/v6-m\libc_nano.a(lib_a-wbuf.o)
 .ARM.attributes
                0x00000945       0x2c c:/siliconlabs/simplicitystudio/v4_2/developer/toolchains/gnu_arm/7.2_2017q4/bin/../lib/gcc/arm-none-eabi/7.2.1/../../../../arm-none-eabi/lib/thumb/v6-m\libc_nano.a(lib_a-writer.o)
 .ARM.attributes
                0x00000971       0x2c c:/siliconlabs/simplicitystudio/v4_2/developer/toolchains/gnu_arm/7.2_2017q4/bin/../lib/gcc/arm-none-eabi/7.2.1/../../../../arm-none-eabi/lib/thumb/v6-m\libc_nano.a(lib_a-wsetup.o)
 .ARM.attributes
                0x0000099d       0x2c c:/siliconlabs/simplicitystudio/v4_2/developer/toolchains/gnu_arm/7.2_2017q4/bin/../lib/gcc/arm-none-eabi/7.2.1/../../../../arm-none-eabi/lib/thumb/v6-m\libc_nano.a(lib_a-closer.o)
 .ARM.attributes
                0x000009c9       0x2c c:/siliconlabs/simplicitystudio/v4_2/developer/toolchains/gnu_arm/7.2_2017q4/bin/../lib/gcc/arm-none-eabi/7.2.1/../../../../arm-none-eabi/lib/thumb/v6-m\libc_nano.a(lib_a-fstatr.o)
 .ARM.attributes
                0x000009f5       0x2c c:/siliconlabs/simplicitystudio/v4_2/developer/toolchains/gnu_arm/7.2_2017q4/bin/../lib/gcc/arm-none-eabi/7.2.1/../../../../arm-none-eabi/lib/thumb/v6-m\libc_nano.a(lib_a-isattyr.o)
 .ARM.attributes
                0x00000a21       0x2c c:/siliconlabs/simplicitystudio/v4_2/developer/toolchains/gnu_arm/7.2_2017q4/bin/../lib/gcc/arm-none-eabi/7.2.1/../../../../arm-none-eabi/lib/thumb/v6-m\libc_nano.a(lib_a-lseekr.o)
 .ARM.attributes
                0x00000a4d       0x2c c:/siliconlabs/simplicitystudio/v4_2/developer/toolchains/gnu_arm/7.2_2017q4/bin/../lib/gcc/arm-none-eabi/7.2.1/../../../../arm-none-eabi/lib/thumb/v6-m\libc_nano.a(lib_a-memchr-stub.o)
 .ARM.attributes
                0x00000a79       0x2c c:/siliconlabs/simplicitystudio/v4_2/developer/toolchains/gnu_arm/7.2_2017q4/bin/../lib/gcc/arm-none-eabi/7.2.1/../../../../arm-none-eabi/lib/thumb/v6-m\libc_nano.a(lib_a-mlock.o)
 .ARM.attributes
                0x00000aa5       0x2c c:/siliconlabs/simplicitystudio/v4_2/developer/toolchains/gnu_arm/7.2_2017q4/bin/../lib/gcc/arm-none-eabi/7.2.1/../../../../arm-none-eabi/lib/thumb/v6-m\libc_nano.a(lib_a-readr.o)
 .ARM.attributes
                0x00000ad1       0x2c c:/siliconlabs/simplicitystudio/v4_2/developer/toolchains/gnu_arm/7.2_2017q4/bin/../lib/gcc/arm-none-eabi/7.2.1/../../../../arm-none-eabi/lib/thumb/v6-m\libc_nano.a(lib_a-reent.o)
 .ARM.attributes
                0x00000afd       0x2c c:/siliconlabs/simplicitystudio/v4_2/developer/toolchains/gnu_arm/7.2_2017q4/bin/../lib/gcc/arm-none-eabi/7.2.1/thumb/v6-m/crtend.o
 .ARM.attributes
                0x00000b29       0x1e c:/siliconlabs/simplicitystudio/v4_2/developer/toolchains/gnu_arm/7.2_2017q4/bin/../lib/gcc/arm-none-eabi/7.2.1/thumb/v6-m/crtn.o

.comment        0x00000000       0x7e
 .comment       0x00000000       0x7e ./BSP/bsp_stk_leds.o
                                 0x7f (size before relaxing)
 .comment       0x0000007e       0x7f ./CMSIS/EFM32ZG/system_efm32zg.o
 .comment       0x0000007e       0x7f ./Drivers/capsense.o
 .comment       0x0000007e       0x7f ./Drivers/display.o
 .comment       0x0000007e       0x7f ./Drivers/displayls013b7dh03.o
 .comment       0x0000007e       0x7f ./Drivers/displaypalemlib.o
 .comment       0x0000007e       0x7f ./Drivers/retargetio.o
 .comment       0x0000007e       0x7f ./Drivers/retargettextdisplay.o
 .comment       0x0000007e       0x7f ./Drivers/textdisplay.o
 .comment       0x0000007e       0x7f ./Drivers/udelay.o
 .comment       0x0000007e       0x7f ./emlib/em_acmp.o
 .comment       0x0000007e       0x7f ./emlib/em_assert.o
 .comment       0x0000007e       0x7f ./emlib/em_cmu.o
 .comment       0x0000007e       0x7f ./emlib/em_core.o
 .comment       0x0000007e       0x7f ./emlib/em_gpio.o
 .comment       0x0000007e       0x7f ./emlib/em_prs.o
 .comment       0x0000007e       0x7f ./emlib/em_rtc.o
 .comment       0x0000007e       0x7f ./emlib/em_timer.o
 .comment       0x0000007e       0x7f ./emlib/em_usart.o
 .comment       0x0000007e       0x7f ./src/main.o
 .comment       0x0000007e       0x7f ./src/menu.o
 .comment       0x0000007e       0x7f ./src/problema1.o
 .comment       0x0000007e       0x7f ./src/problema2.o

.debug_info     0x00000000    0x172ad
 .debug_info    0x00000000     0x1024 ./BSP/bsp_stk_leds.o
 .debug_info    0x00001024       0x26 ./CMSIS/EFM32ZG/startup_efm32zg.o
 .debug_info    0x0000104a      0xdea ./CMSIS/EFM32ZG/system_efm32zg.o
 .debug_info    0x00001e34     0x1566 ./Drivers/capsense.o
 .debug_info    0x0000339a      0xd37 ./Drivers/display.o
 .debug_info    0x000040d1      0xf24 ./Drivers/displayls013b7dh03.o
 .debug_info    0x00004ff5     0x162e ./Drivers/displaypalemlib.o
 .debug_info    0x00006623      0xe09 ./Drivers/retargetio.o
 .debug_info    0x0000742c      0xcce ./Drivers/retargettextdisplay.o
 .debug_info    0x000080fa     0x1266 ./Drivers/textdisplay.o
 .debug_info    0x00009360     0x11ad ./Drivers/udelay.o
 .debug_info    0x0000a50d      0xf3b ./emlib/em_acmp.o
 .debug_info    0x0000b448       0x7e ./emlib/em_assert.o
 .debug_info    0x0000b4c6     0x1a7a ./emlib/em_cmu.o
 .debug_info    0x0000cf40     0x13fd ./emlib/em_core.o
 .debug_info    0x0000e33d      0xf85 ./emlib/em_gpio.o
 .debug_info    0x0000f2c2      0xdd2 ./emlib/em_prs.o
 .debug_info    0x00010094      0xc30 ./emlib/em_rtc.o
 .debug_info    0x00010cc4      0xf9f ./emlib/em_timer.o
 .debug_info    0x00011c63     0x1740 ./emlib/em_usart.o
 .debug_info    0x000133a3     0x1277 ./src/main.o
 .debug_info    0x0001461a      0xedd ./src/menu.o
 .debug_info    0x000154f7      0xda5 ./src/problema1.o
 .debug_info    0x0001629c     0x1011 ./src/problema2.o

.debug_abbrev   0x00000000     0x37e4
 .debug_abbrev  0x00000000      0x260 ./BSP/bsp_stk_leds.o
 .debug_abbrev  0x00000260       0x14 ./CMSIS/EFM32ZG/startup_efm32zg.o
 .debug_abbrev  0x00000274      0x262 ./CMSIS/EFM32ZG/system_efm32zg.o
 .debug_abbrev  0x000004d6      0x2fc ./Drivers/capsense.o
 .debug_abbrev  0x000007d2      0x1d3 ./Drivers/display.o
 .debug_abbrev  0x000009a5      0x256 ./Drivers/displayls013b7dh03.o
 .debug_abbrev  0x00000bfb      0x2a3 ./Drivers/displaypalemlib.o
 .debug_abbrev  0x00000e9e      0x238 ./Drivers/retargetio.o
 .debug_abbrev  0x000010d6      0x200 ./Drivers/retargettextdisplay.o
 .debug_abbrev  0x000012d6      0x2b4 ./Drivers/textdisplay.o
 .debug_abbrev  0x0000158a      0x2c0 ./Drivers/udelay.o
 .debug_abbrev  0x0000184a      0x255 ./emlib/em_acmp.o
 .debug_abbrev  0x00001a9f       0x68 ./emlib/em_assert.o
 .debug_abbrev  0x00001b07      0x351 ./emlib/em_cmu.o
 .debug_abbrev  0x00001e58      0x30a ./emlib/em_core.o
 .debug_abbrev  0x00002162      0x29f ./emlib/em_gpio.o
 .debug_abbrev  0x00002401      0x294 ./emlib/em_prs.o
 .debug_abbrev  0x00002695      0x26d ./emlib/em_rtc.o
 .debug_abbrev  0x00002902      0x25f ./emlib/em_timer.o
 .debug_abbrev  0x00002b61      0x2ae ./emlib/em_usart.o
 .debug_abbrev  0x00002e0f      0x2a6 ./src/main.o
 .debug_abbrev  0x000030b5      0x29f ./src/menu.o
 .debug_abbrev  0x00003354      0x23b ./src/problema1.o
 .debug_abbrev  0x0000358f      0x255 ./src/problema2.o

.debug_loc      0x00000000     0x33ce
 .debug_loc     0x00000000      0x2a0 ./BSP/bsp_stk_leds.o
 .debug_loc     0x000002a0      0x1e8 ./CMSIS/EFM32ZG/system_efm32zg.o
 .debug_loc     0x00000488      0x218 ./Drivers/capsense.o
 .debug_loc     0x000006a0       0xe0 ./Drivers/display.o
 .debug_loc     0x00000780      0x1c0 ./Drivers/displayls013b7dh03.o
 .debug_loc     0x00000940      0x3f0 ./Drivers/displaypalemlib.o
 .debug_loc     0x00000d30      0x224 ./Drivers/retargetio.o
 .debug_loc     0x00000f54       0xd6 ./Drivers/retargettextdisplay.o
 .debug_loc     0x0000102a      0x232 ./Drivers/textdisplay.o
 .debug_loc     0x0000125c      0x170 ./Drivers/udelay.o
 .debug_loc     0x000013cc      0x230 ./emlib/em_acmp.o
 .debug_loc     0x000015fc       0x38 ./emlib/em_assert.o
 .debug_loc     0x00001634      0x860 ./emlib/em_cmu.o
 .debug_loc     0x00001e94      0x574 ./emlib/em_core.o
 .debug_loc     0x00002408      0x2a0 ./emlib/em_gpio.o
 .debug_loc     0x000026a8      0x188 ./emlib/em_prs.o
 .debug_loc     0x00002830      0x1a8 ./emlib/em_rtc.o
 .debug_loc     0x000029d8       0xe0 ./emlib/em_timer.o
 .debug_loc     0x00002ab8      0x50a ./emlib/em_usart.o
 .debug_loc     0x00002fc2      0x12c ./src/main.o
 .debug_loc     0x000030ee      0x100 ./src/menu.o
 .debug_loc     0x000031ee       0xd4 ./src/problema1.o
 .debug_loc     0x000032c2      0x10c ./src/problema2.o

.debug_aranges  0x00000000      0x9e8
 .debug_aranges
                0x00000000       0x78 ./BSP/bsp_stk_leds.o
 .debug_aranges
                0x00000078       0x20 ./CMSIS/EFM32ZG/startup_efm32zg.o
 .debug_aranges
                0x00000098       0x68 ./CMSIS/EFM32ZG/system_efm32zg.o
 .debug_aranges
                0x00000100       0x68 ./Drivers/capsense.o
 .debug_aranges
                0x00000168       0x38 ./Drivers/display.o
 .debug_aranges
                0x000001a0       0x58 ./Drivers/displayls013b7dh03.o
 .debug_aranges
                0x000001f8       0xa8 ./Drivers/displaypalemlib.o
 .debug_aranges
                0x000002a0       0x68 ./Drivers/retargetio.o
 .debug_aranges
                0x00000308       0x38 ./Drivers/retargettextdisplay.o
 .debug_aranges
                0x00000340       0x68 ./Drivers/textdisplay.o
 .debug_aranges
                0x000003a8       0x50 ./Drivers/udelay.o
 .debug_aranges
                0x000003f8       0x68 ./emlib/em_acmp.o
 .debug_aranges
                0x00000460       0x20 ./emlib/em_assert.o
 .debug_aranges
                0x00000480      0x158 ./emlib/em_cmu.o
 .debug_aranges
                0x000005d8       0xe8 ./emlib/em_core.o
 .debug_aranges
                0x000006c0       0x78 ./emlib/em_gpio.o
 .debug_aranges
                0x00000738       0x50 ./emlib/em_prs.o
 .debug_aranges
                0x00000788       0x58 ./emlib/em_rtc.o
 .debug_aranges
                0x000007e0       0x38 ./emlib/em_timer.o
 .debug_aranges
                0x00000818       0xd0 ./emlib/em_usart.o
 .debug_aranges
                0x000008e8       0x48 ./src/main.o
 .debug_aranges
                0x00000930       0x40 ./src/menu.o
 .debug_aranges
                0x00000970       0x38 ./src/problema1.o
 .debug_aranges
                0x000009a8       0x40 ./src/problema2.o

.debug_ranges   0x00000000      0x858
 .debug_ranges  0x00000000       0x68 ./BSP/bsp_stk_leds.o
 .debug_ranges  0x00000068       0x58 ./CMSIS/EFM32ZG/system_efm32zg.o
 .debug_ranges  0x000000c0       0x58 ./Drivers/capsense.o
 .debug_ranges  0x00000118       0x28 ./Drivers/display.o
 .debug_ranges  0x00000140       0x48 ./Drivers/displayls013b7dh03.o
 .debug_ranges  0x00000188       0x98 ./Drivers/displaypalemlib.o
 .debug_ranges  0x00000220       0x58 ./Drivers/retargetio.o
 .debug_ranges  0x00000278       0x28 ./Drivers/retargettextdisplay.o
 .debug_ranges  0x000002a0       0x58 ./Drivers/textdisplay.o
 .debug_ranges  0x000002f8       0x40 ./Drivers/udelay.o
 .debug_ranges  0x00000338       0x58 ./emlib/em_acmp.o
 .debug_ranges  0x00000390       0x10 ./emlib/em_assert.o
 .debug_ranges  0x000003a0      0x148 ./emlib/em_cmu.o
 .debug_ranges  0x000004e8       0xd8 ./emlib/em_core.o
 .debug_ranges  0x000005c0       0x68 ./emlib/em_gpio.o
 .debug_ranges  0x00000628       0x40 ./emlib/em_prs.o
 .debug_ranges  0x00000668       0x48 ./emlib/em_rtc.o
 .debug_ranges  0x000006b0       0x28 ./emlib/em_timer.o
 .debug_ranges  0x000006d8       0xc0 ./emlib/em_usart.o
 .debug_ranges  0x00000798       0x38 ./src/main.o
 .debug_ranges  0x000007d0       0x30 ./src/menu.o
 .debug_ranges  0x00000800       0x28 ./src/problema1.o
 .debug_ranges  0x00000828       0x30 ./src/problema2.o

.debug_macro    0x00000000     0x6098
 .debug_macro   0x00000000      0x353 ./BSP/bsp_stk_leds.o
 .debug_macro   0x00000353       0x4f ./BSP/bsp_stk_leds.o
 .debug_macro   0x000003a2       0x51 ./BSP/bsp_stk_leds.o
 .debug_macro   0x000003f3       0xb5 ./BSP/bsp_stk_leds.o
 .debug_macro   0x000004a8       0x58 ./BSP/bsp_stk_leds.o
 .debug_macro   0x00000500      0x34d ./BSP/bsp_stk_leds.o
 .debug_macro   0x0000084d      0x2e4 ./CMSIS/EFM32ZG/system_efm32zg.o
 .debug_macro   0x00000b31      0x33a ./Drivers/capsense.o
 .debug_macro   0x00000e6b       0xb9 ./Drivers/capsense.o
 .debug_macro   0x00000f24       0x12 ./Drivers/capsense.o
 .debug_macro   0x00000f36       0x11 ./Drivers/capsense.o
 .debug_macro   0x00000f47       0x3a ./Drivers/capsense.o
 .debug_macro   0x00000f81      0x1b7 ./Drivers/display.o
 .debug_macro   0x00001138       0x10 ./Drivers/display.o
 .debug_macro   0x00001148       0x40 ./Drivers/display.o
 .debug_macro   0x00001188       0x22 ./Drivers/display.o
 .debug_macro   0x000011aa       0x7c ./Drivers/display.o
 .debug_macro   0x00001226       0x1c ./Drivers/display.o
 .debug_macro   0x00001242       0x10 ./Drivers/display.o
 .debug_macro   0x00001252       0x1c ./Drivers/display.o
 .debug_macro   0x0000126e       0x3a ./Drivers/display.o
 .debug_macro   0x000012a8       0x10 ./Drivers/display.o
 .debug_macro   0x000012b8       0x28 ./Drivers/display.o
 .debug_macro   0x000012e0      0x442 ./Drivers/displayls013b7dh03.o
 .debug_macro   0x00001722       0x16 ./Drivers/displayls013b7dh03.o
 .debug_macro   0x00001738       0x97 ./Drivers/displayls013b7dh03.o
 .debug_macro   0x000017cf       0xf6 ./Drivers/displayls013b7dh03.o
 .debug_macro   0x000018c5       0x10 ./Drivers/displayls013b7dh03.o
 .debug_macro   0x000018d5       0x10 ./Drivers/displayls013b7dh03.o
 .debug_macro   0x000018e5       0xb6 ./Drivers/displayls013b7dh03.o
 .debug_macro   0x0000199b       0x16 ./Drivers/displayls013b7dh03.o
 .debug_macro   0x000019b1      0x129 ./Drivers/displayls013b7dh03.o
 .debug_macro   0x00001ada       0x16 ./Drivers/displayls013b7dh03.o
 .debug_macro   0x00001af0       0x22 ./Drivers/displayls013b7dh03.o
 .debug_macro   0x00001b12       0x16 ./Drivers/displayls013b7dh03.o
 .debug_macro   0x00001b28       0x16 ./Drivers/displayls013b7dh03.o
 .debug_macro   0x00001b3e       0x2e ./Drivers/displayls013b7dh03.o
 .debug_macro   0x00001b6c      0x483 ./Drivers/displaypalemlib.o
 .debug_macro   0x00001fef       0x16 ./Drivers/displaypalemlib.o
 .debug_macro   0x00002005       0x1c ./Drivers/displaypalemlib.o
 .debug_macro   0x00002021      0x390 ./Drivers/retargetio.o
 .debug_macro   0x000023b1       0x10 ./Drivers/retargetio.o
 .debug_macro   0x000023c1       0x10 ./Drivers/retargetio.o
 .debug_macro   0x000023d1       0x10 ./Drivers/retargetio.o
 .debug_macro   0x000023e1       0x2e ./Drivers/retargetio.o
 .debug_macro   0x0000240f       0xf5 ./Drivers/retargetio.o
 .debug_macro   0x00002504       0x1c ./Drivers/retargetio.o
 .debug_macro   0x00002520      0x201 ./Drivers/retargettextdisplay.o
 .debug_macro   0x00002721       0x34 ./Drivers/retargettextdisplay.o
 .debug_macro   0x00002755      0x26f ./Drivers/textdisplay.o
 .debug_macro   0x000029c4      0x10e ./Drivers/textdisplay.o
 .debug_macro   0x00002ad2       0x86 ./Drivers/textdisplay.o
 .debug_macro   0x00002b58       0x9c ./Drivers/textdisplay.o
 .debug_macro   0x00002bf4       0x10 ./Drivers/textdisplay.o
 .debug_macro   0x00002c04      0x325 ./Drivers/udelay.o
 .debug_macro   0x00002f29       0xc0 ./Drivers/udelay.o
 .debug_macro   0x00002fe9      0x31f ./emlib/em_acmp.o
 .debug_macro   0x00003308       0x23 ./emlib/em_assert.o
 .debug_macro   0x0000332b      0x36c ./emlib/em_cmu.o
 .debug_macro   0x00003697       0x2b ./emlib/em_cmu.o
 .debug_macro   0x000036c2       0xee ./emlib/em_cmu.o
 .debug_macro   0x000037b0      0x316 ./emlib/em_core.o
 .debug_macro   0x00003ac6       0x63 ./emlib/em_core.o
 .debug_macro   0x00003b29       0xba ./emlib/em_core.o
 .debug_macro   0x00003be3      0x2fd ./emlib/em_gpio.o
 .debug_macro   0x00003ee0      0x308 ./emlib/em_prs.o
 .debug_macro   0x000041e8      0x2f7 ./emlib/em_rtc.o
 .debug_macro   0x000044df       0x10 ./emlib/em_rtc.o
 .debug_macro   0x000044ef      0x2e7 ./emlib/em_timer.o
 .debug_macro   0x000047d6       0x72 ./emlib/em_timer.o
 .debug_macro   0x00004848      0x341 ./emlib/em_usart.o
 .debug_macro   0x00004b89       0xeb ./emlib/em_usart.o
 .debug_macro   0x00004c74      0x4dc ./src/main.o
 .debug_macro   0x00005150       0x16 ./src/main.o
 .debug_macro   0x00005166       0x52 ./src/main.o
 .debug_macro   0x000051b8       0x3a ./src/main.o
 .debug_macro   0x000051f2       0x34 ./src/main.o
 .debug_macro   0x00005226       0x28 ./src/main.o
 .debug_macro   0x0000524e      0x4d2 ./src/menu.o
 .debug_macro   0x00005720       0x78 ./src/menu.o
 .debug_macro   0x00005798       0x34 ./src/menu.o
 .debug_macro   0x000057cc       0x3a ./src/menu.o
 .debug_macro   0x00005806      0x35a ./src/problema1.o
 .debug_macro   0x00005b60      0x486 ./src/problema2.o
 .debug_macro   0x00005fe6       0xb2 ./src/problema2.o

.debug_line     0x00000000     0xddec
 .debug_line    0x00000000      0xad4 ./BSP/bsp_stk_leds.o
 .debug_line    0x00000ad4       0xd7 ./CMSIS/EFM32ZG/startup_efm32zg.o
 .debug_line    0x00000bab      0x7eb ./CMSIS/EFM32ZG/system_efm32zg.o
 .debug_line    0x00001396      0x99b ./Drivers/capsense.o
 .debug_line    0x00001d31      0x5e1 ./Drivers/display.o
 .debug_line    0x00002312      0xb6e ./Drivers/displayls013b7dh03.o
 .debug_line    0x00002e80      0xd8b ./Drivers/displaypalemlib.o
 .debug_line    0x00003c0b      0x878 ./Drivers/retargetio.o
 .debug_line    0x00004483      0x612 ./Drivers/retargettextdisplay.o
 .debug_line    0x00004a95      0x885 ./Drivers/textdisplay.o
 .debug_line    0x0000531a      0x8d5 ./Drivers/udelay.o
 .debug_line    0x00005bef      0x908 ./emlib/em_acmp.o
 .debug_line    0x000064f7      0x186 ./emlib/em_assert.o
 .debug_line    0x0000667d      0xeea ./emlib/em_cmu.o
 .debug_line    0x00007567      0xaf5 ./emlib/em_core.o
 .debug_line    0x0000805c      0xa52 ./emlib/em_gpio.o
 .debug_line    0x00008aae      0x873 ./emlib/em_prs.o
 .debug_line    0x00009321      0x866 ./emlib/em_rtc.o
 .debug_line    0x00009b87      0x8fd ./emlib/em_timer.o
 .debug_line    0x0000a484      0xb49 ./emlib/em_usart.o
 .debug_line    0x0000afcd      0xc3b ./src/main.o
 .debug_line    0x0000bc08      0xcc5 ./src/menu.o
 .debug_line    0x0000c8cd      0x9a1 ./src/problema1.o
 .debug_line    0x0000d26e      0xb7e ./src/problema2.o

.debug_str      0x00000000    0x647f0
 .debug_str     0x00000000    0x5d599 ./BSP/bsp_stk_leds.o
                              0x5d84f (size before relaxing)
 .debug_str     0x0005d599       0x99 ./CMSIS/EFM32ZG/startup_efm32zg.o
                                 0xf2 (size before relaxing)
 .debug_str     0x0005d632      0x314 ./CMSIS/EFM32ZG/system_efm32zg.o
                              0x5b743 (size before relaxing)
 .debug_str     0x0005d946      0x899 ./Drivers/capsense.o
                              0x5d3e4 (size before relaxing)
 .debug_str     0x0005e1df      0xc62 ./Drivers/display.o
                               0x7832 (size before relaxing)
 .debug_str     0x0005ee41      0xa64 ./Drivers/displayls013b7dh03.o
                              0x5d165 (size before relaxing)
 .debug_str     0x0005f8a5      0x64d ./Drivers/displaypalemlib.o
                              0x5ee13 (size before relaxing)
 .debug_str     0x0005fef2      0x5ea ./Drivers/retargetio.o
                              0x5c1ee (size before relaxing)
 .debug_str     0x000604dc      0x323 ./Drivers/retargettextdisplay.o
                               0x80d9 (size before relaxing)
 .debug_str     0x000607ff      0x7bc ./Drivers/textdisplay.o
                               0x8854 (size before relaxing)
 .debug_str     0x00060fbb      0x80a ./Drivers/udelay.o
                              0x5d5c8 (size before relaxing)
 .debug_str     0x000617c5      0x20e ./emlib/em_acmp.o
                              0x5c174 (size before relaxing)
 .debug_str     0x000619d3       0x72 ./emlib/em_assert.o
                               0x2d6d (size before relaxing)
 .debug_str     0x00061a45      0x9bf ./emlib/em_cmu.o
                              0x5d6f2 (size before relaxing)
 .debug_str     0x00062404      0x3af ./emlib/em_core.o
                              0x5c2c7 (size before relaxing)
 .debug_str     0x000627b3      0x233 ./emlib/em_gpio.o
                              0x5c058 (size before relaxing)
 .debug_str     0x000629e6      0x3c4 ./emlib/em_prs.o
                              0x5bfe3 (size before relaxing)
 .debug_str     0x00062daa      0x105 ./emlib/em_rtc.o
                              0x5b66e (size before relaxing)
 .debug_str     0x00062eaf      0x774 ./emlib/em_timer.o
                              0x5bc9d (size before relaxing)
 .debug_str     0x00063623      0x625 ./emlib/em_usart.o
                              0x5d7d3 (size before relaxing)
 .debug_str     0x00063c48      0xae3 ./src/main.o
                              0x5fafe (size before relaxing)
 .debug_str     0x0006472b       0x39 ./src/menu.o
                              0x5f5fb (size before relaxing)
 .debug_str     0x00064764       0x1d ./src/problema1.o
                              0x5d690 (size before relaxing)
 .debug_str     0x00064781       0x6f ./src/problema2.o
                              0x5ec12 (size before relaxing)

.debug_frame    0x00000000     0x2850
 .debug_frame   0x00000000      0x190 ./BSP/bsp_stk_leds.o
 .debug_frame   0x00000190      0x138 ./CMSIS/EFM32ZG/system_efm32zg.o
 .debug_frame   0x000002c8      0x148 ./Drivers/capsense.o
 .debug_frame   0x00000410       0x90 ./Drivers/display.o
 .debug_frame   0x000004a0      0x110 ./Drivers/displayls013b7dh03.o
 .debug_frame   0x000005b0      0x250 ./Drivers/displaypalemlib.o
 .debug_frame   0x00000800      0x14c ./Drivers/retargetio.o
 .debug_frame   0x0000094c       0x8c ./Drivers/retargettextdisplay.o
 .debug_frame   0x000009d8      0x154 ./Drivers/textdisplay.o
 .debug_frame   0x00000b2c       0xec ./Drivers/udelay.o
 .debug_frame   0x00000c18      0x150 ./emlib/em_acmp.o
 .debug_frame   0x00000d68       0x30 ./emlib/em_assert.o
 .debug_frame   0x00000d98      0x4f4 ./emlib/em_cmu.o
 .debug_frame   0x0000128c      0x33c ./emlib/em_core.o
 .debug_frame   0x000015c8      0x190 ./emlib/em_gpio.o
 .debug_frame   0x00001758       0xf0 ./emlib/em_prs.o
 .debug_frame   0x00001848      0x108 ./emlib/em_rtc.o
 .debug_frame   0x00001950       0x90 ./emlib/em_timer.o
 .debug_frame   0x000019e0      0x2f4 ./emlib/em_usart.o
 .debug_frame   0x00001cd4       0xc4 ./src/main.o
 .debug_frame   0x00001d98       0xa8 ./src/menu.o
 .debug_frame   0x00001e40       0x8c ./src/problema1.o
 .debug_frame   0x00001ecc       0xac ./src/problema2.o
 .debug_frame   0x00001f78       0x20 c:/siliconlabs/simplicitystudio/v4_2/developer/toolchains/gnu_arm/7.2_2017q4/bin/../lib/gcc/arm-none-eabi/7.2.1/thumb/v6-m\libgcc.a(_udivsi3.o)
 .debug_frame   0x00001f98       0x28 c:/siliconlabs/simplicitystudio/v4_2/developer/toolchains/gnu_arm/7.2_2017q4/bin/../lib/gcc/arm-none-eabi/7.2.1/../../../../arm-none-eabi/lib/thumb/v6-m\libc_nano.a(lib_a-exit.o)
 .debug_frame   0x00001fc0       0x2c c:/siliconlabs/simplicitystudio/v4_2/developer/toolchains/gnu_arm/7.2_2017q4/bin/../lib/gcc/arm-none-eabi/7.2.1/../../../../arm-none-eabi/lib/thumb/v6-m\libc_nano.a(lib_a-init.o)
 .debug_frame   0x00001fec       0x74 c:/siliconlabs/simplicitystudio/v4_2/developer/toolchains/gnu_arm/7.2_2017q4/bin/../lib/gcc/arm-none-eabi/7.2.1/../../../../arm-none-eabi/lib/thumb/v6-m\libc_nano.a(lib_a-locale.o)
 .debug_frame   0x00002060       0x44 c:/siliconlabs/simplicitystudio/v4_2/developer/toolchains/gnu_arm/7.2_2017q4/bin/../lib/gcc/arm-none-eabi/7.2.1/../../../../arm-none-eabi/lib/thumb/v6-m\libc_nano.a(lib_a-mbtowc_r.o)
 .debug_frame   0x000020a4       0x28 c:/siliconlabs/simplicitystudio/v4_2/developer/toolchains/gnu_arm/7.2_2017q4/bin/../lib/gcc/arm-none-eabi/7.2.1/../../../../arm-none-eabi/lib/thumb/v6-m\libc_nano.a(lib_a-memcpy-stub.o)
 .debug_frame   0x000020cc       0x20 c:/siliconlabs/simplicitystudio/v4_2/developer/toolchains/gnu_arm/7.2_2017q4/bin/../lib/gcc/arm-none-eabi/7.2.1/../../../../arm-none-eabi/lib/thumb/v6-m\libc_nano.a(lib_a-memset.o)
 .debug_frame   0x000020ec       0x50 c:/siliconlabs/simplicitystudio/v4_2/developer/toolchains/gnu_arm/7.2_2017q4/bin/../lib/gcc/arm-none-eabi/7.2.1/../../../../arm-none-eabi/lib/thumb/v6-m\libc_nano.a(lib_a-printf.o)
 .debug_frame   0x0000213c       0x30 c:/siliconlabs/simplicitystudio/v4_2/developer/toolchains/gnu_arm/7.2_2017q4/bin/../lib/gcc/arm-none-eabi/7.2.1/../../../../arm-none-eabi/lib/thumb/v6-m\libc_nano.a(lib_a-setvbuf.o)
 .debug_frame   0x0000216c       0x38 c:/siliconlabs/simplicitystudio/v4_2/developer/toolchains/gnu_arm/7.2_2017q4/bin/../lib/gcc/arm-none-eabi/7.2.1/../../../../arm-none-eabi/lib/thumb/v6-m\libc_nano.a(lib_a-wctomb_r.o)
 .debug_frame   0x000021a4       0x68 c:/siliconlabs/simplicitystudio/v4_2/developer/toolchains/gnu_arm/7.2_2017q4/bin/../lib/gcc/arm-none-eabi/7.2.1/../../../../arm-none-eabi/lib/thumb/v6-m\libc_nano.a(lib_a-fflush.o)
 .debug_frame   0x0000220c      0x140 c:/siliconlabs/simplicitystudio/v4_2/developer/toolchains/gnu_arm/7.2_2017q4/bin/../lib/gcc/arm-none-eabi/7.2.1/../../../../arm-none-eabi/lib/thumb/v6-m\libc_nano.a(lib_a-findfp.o)
 .debug_frame   0x0000234c       0x58 c:/siliconlabs/simplicitystudio/v4_2/developer/toolchains/gnu_arm/7.2_2017q4/bin/../lib/gcc/arm-none-eabi/7.2.1/../../../../arm-none-eabi/lib/thumb/v6-m\libc_nano.a(lib_a-fwalk.o)
 .debug_frame   0x000023a4       0x54 c:/siliconlabs/simplicitystudio/v4_2/developer/toolchains/gnu_arm/7.2_2017q4/bin/../lib/gcc/arm-none-eabi/7.2.1/../../../../arm-none-eabi/lib/thumb/v6-m\libc_nano.a(lib_a-makebuf.o)
 .debug_frame   0x000023f8       0x40 c:/siliconlabs/simplicitystudio/v4_2/developer/toolchains/gnu_arm/7.2_2017q4/bin/../lib/gcc/arm-none-eabi/7.2.1/../../../../arm-none-eabi/lib/thumb/v6-m\libc_nano.a(lib_a-malloc.o)
 .debug_frame   0x00002438       0x2c c:/siliconlabs/simplicitystudio/v4_2/developer/toolchains/gnu_arm/7.2_2017q4/bin/../lib/gcc/arm-none-eabi/7.2.1/../../../../arm-none-eabi/lib/thumb/v6-m\libc_nano.a(lib_a-nano-freer.o)
 .debug_frame   0x00002464       0x2c c:/siliconlabs/simplicitystudio/v4_2/developer/toolchains/gnu_arm/7.2_2017q4/bin/../lib/gcc/arm-none-eabi/7.2.1/../../../../arm-none-eabi/lib/thumb/v6-m\libc_nano.a(lib_a-nano-mallocr.o)
 .debug_frame   0x00002490       0x9c c:/siliconlabs/simplicitystudio/v4_2/developer/toolchains/gnu_arm/7.2_2017q4/bin/../lib/gcc/arm-none-eabi/7.2.1/../../../../arm-none-eabi/lib/thumb/v6-m\libc_nano.a(lib_a-nano-vfprintf.o)
 .debug_frame   0x0000252c       0x54 c:/siliconlabs/simplicitystudio/v4_2/developer/toolchains/gnu_arm/7.2_2017q4/bin/../lib/gcc/arm-none-eabi/7.2.1/../../../../arm-none-eabi/lib/thumb/v6-m\libc_nano.a(lib_a-nano-vfprintf_i.o)
 .debug_frame   0x00002580       0x2c c:/siliconlabs/simplicitystudio/v4_2/developer/toolchains/gnu_arm/7.2_2017q4/bin/../lib/gcc/arm-none-eabi/7.2.1/../../../../arm-none-eabi/lib/thumb/v6-m\libc_nano.a(lib_a-sbrkr.o)
 .debug_frame   0x000025ac       0x90 c:/siliconlabs/simplicitystudio/v4_2/developer/toolchains/gnu_arm/7.2_2017q4/bin/../lib/gcc/arm-none-eabi/7.2.1/../../../../arm-none-eabi/lib/thumb/v6-m\libc_nano.a(lib_a-stdio.o)
 .debug_frame   0x0000263c       0x48 c:/siliconlabs/simplicitystudio/v4_2/developer/toolchains/gnu_arm/7.2_2017q4/bin/../lib/gcc/arm-none-eabi/7.2.1/../../../../arm-none-eabi/lib/thumb/v6-m\libc_nano.a(lib_a-wbuf.o)
 .debug_frame   0x00002684       0x2c c:/siliconlabs/simplicitystudio/v4_2/developer/toolchains/gnu_arm/7.2_2017q4/bin/../lib/gcc/arm-none-eabi/7.2.1/../../../../arm-none-eabi/lib/thumb/v6-m\libc_nano.a(lib_a-writer.o)
 .debug_frame   0x000026b0       0x2c c:/siliconlabs/simplicitystudio/v4_2/developer/toolchains/gnu_arm/7.2_2017q4/bin/../lib/gcc/arm-none-eabi/7.2.1/../../../../arm-none-eabi/lib/thumb/v6-m\libc_nano.a(lib_a-wsetup.o)
 .debug_frame   0x000026dc       0x2c c:/siliconlabs/simplicitystudio/v4_2/developer/toolchains/gnu_arm/7.2_2017q4/bin/../lib/gcc/arm-none-eabi/7.2.1/../../../../arm-none-eabi/lib/thumb/v6-m\libc_nano.a(lib_a-closer.o)
 .debug_frame   0x00002708       0x2c c:/siliconlabs/simplicitystudio/v4_2/developer/toolchains/gnu_arm/7.2_2017q4/bin/../lib/gcc/arm-none-eabi/7.2.1/../../../../arm-none-eabi/lib/thumb/v6-m\libc_nano.a(lib_a-fstatr.o)
 .debug_frame   0x00002734       0x2c c:/siliconlabs/simplicitystudio/v4_2/developer/toolchains/gnu_arm/7.2_2017q4/bin/../lib/gcc/arm-none-eabi/7.2.1/../../../../arm-none-eabi/lib/thumb/v6-m\libc_nano.a(lib_a-isattyr.o)
 .debug_frame   0x00002760       0x2c c:/siliconlabs/simplicitystudio/v4_2/developer/toolchains/gnu_arm/7.2_2017q4/bin/../lib/gcc/arm-none-eabi/7.2.1/../../../../arm-none-eabi/lib/thumb/v6-m\libc_nano.a(lib_a-lseekr.o)
 .debug_frame   0x0000278c       0x20 c:/siliconlabs/simplicitystudio/v4_2/developer/toolchains/gnu_arm/7.2_2017q4/bin/../lib/gcc/arm-none-eabi/7.2.1/../../../../arm-none-eabi/lib/thumb/v6-m\libc_nano.a(lib_a-memchr-stub.o)
 .debug_frame   0x000027ac       0x30 c:/siliconlabs/simplicitystudio/v4_2/developer/toolchains/gnu_arm/7.2_2017q4/bin/../lib/gcc/arm-none-eabi/7.2.1/../../../../arm-none-eabi/lib/thumb/v6-m\libc_nano.a(lib_a-mlock.o)
 .debug_frame   0x000027dc       0x2c c:/siliconlabs/simplicitystudio/v4_2/developer/toolchains/gnu_arm/7.2_2017q4/bin/../lib/gcc/arm-none-eabi/7.2.1/../../../../arm-none-eabi/lib/thumb/v6-m\libc_nano.a(lib_a-readr.o)
 .debug_frame   0x00002808       0x48 c:/siliconlabs/simplicitystudio/v4_2/developer/toolchains/gnu_arm/7.2_2017q4/bin/../lib/gcc/arm-none-eabi/7.2.1/../../../../arm-none-eabi/lib/thumb/v6-m\libc_nano.a(lib_a-reent.o)
